{"model_name": "B", "params": {"total": 141259904, "embedding": 19316736, "non_embedding": 121943168, "memory_values": 100663296, "dense_body": 21279872, "active_non_embedding_per_token": 21329024, "bn_running_stats": 2048}, "seeds": {"init_seed": 0, "data_seed": 1234}}
steps=3600 warmup=180 eval_every=122 accum=4
[eval] step 0 tokens 0.0M val_ppl 54821.868 train_loss  usage 0.993 kl 0.844
step 100/3600 loss 6.6862 tok/s 73646
[eval] step 122 tokens 4.0M val_ppl 560.884 train_loss 8.0995 usage 0.414 kl 3.378
step 200/3600 loss 5.8574 tok/s 73551
[eval] step 244 tokens 8.0M val_ppl 259.340 train_loss 5.9459 usage 0.528 kl 2.817
step 300/3600 loss 5.4060 tok/s 73407
[eval] step 366 tokens 12.0M val_ppl 171.140 train_loss 5.3876 usage 0.649 kl 2.423
step 400/3600 loss 5.1369 tok/s 73272
[eval] step 488 tokens 16.0M val_ppl 132.042 train_loss 5.0634 usage 0.726 kl 2.224
step 500/3600 loss 4.8952 tok/s 73148
step 600/3600 loss 4.7976 tok/s 73090
[eval] step 610 tokens 20.0M val_ppl 109.349 train_loss 4.85 usage 0.795 kl 2.032
step 700/3600 loss 4.6580 tok/s 72968
[eval] step 732 tokens 24.0M val_ppl 94.916 train_loss 4.682 usage 0.831 kl 1.923
step 800/3600 loss 4.5569 tok/s 72864
[eval] step 854 tokens 28.0M val_ppl 83.051 train_loss 4.5584 usage 0.860 kl 1.810
step 900/3600 loss 4.4652 tok/s 72799
[eval] step 976 tokens 32.0M val_ppl 74.371 train_loss 4.4308 usage 0.894 kl 1.703
step 1000/3600 loss 4.3679 tok/s 72755
[eval] step 1098 tokens 36.0M val_ppl 67.974 train_loss 4.3251 usage 0.910 kl 1.631
step 1100/3600 loss 4.2529 tok/s 72487
step 1200/3600 loss 4.2819 tok/s 72690
[eval] step 1220 tokens 40.0M val_ppl 62.007 train_loss 4.2455 usage 0.919 kl 1.589
step 1300/3600 loss 4.1222 tok/s 72596
[eval] step 1342 tokens 44.0M val_ppl 57.208 train_loss 4.149 usage 0.939 kl 1.503
step 1400/3600 loss 4.0682 tok/s 72590
[eval] step 1464 tokens 48.0M val_ppl 54.151 train_loss 4.0758 usage 0.948 kl 1.467
step 1500/3600 loss 4.0600 tok/s 72553
[eval] step 1586 tokens 52.0M val_ppl 50.986 train_loss 4.0259 usage 0.957 kl 1.419
step 1600/3600 loss 4.0192 tok/s 72566
step 1700/3600 loss 3.9430 tok/s 72475
[eval] step 1708 tokens 56.0M val_ppl 48.521 train_loss 3.9586 usage 0.965 kl 1.361
step 1800/3600 loss 3.9193 tok/s 72470
[eval] step 1830 tokens 60.0M val_ppl 46.720 train_loss 3.929 usage 0.971 kl 1.327
step 1900/3600 loss 3.8970 tok/s 72412
[eval] step 1952 tokens 64.0M val_ppl 45.151 train_loss 3.8867 usage 0.974 kl 1.299
step 2000/3600 loss 3.8695 tok/s 72395
[eval] step 2074 tokens 68.0M val_ppl 43.465 train_loss 3.8553 usage 0.978 kl 1.257
step 2100/3600 loss 3.8279 tok/s 72411
[eval] step 2196 tokens 72.0M val_ppl 42.074 train_loss 3.815 usage 0.980 kl 1.239
step 2200/3600 loss 3.8309 tok/s 72278
step 2300/3600 loss 3.7691 tok/s 72348
[eval] step 2318 tokens 76.0M val_ppl 40.948 train_loss 3.7817 usage 0.982 kl 1.211
step 2400/3600 loss 3.7364 tok/s 72370
[eval] step 2440 tokens 80.0M val_ppl 39.824 train_loss 3.7489 usage 0.985 kl 1.184
step 2500/3600 loss 3.7309 tok/s 72307
[eval] step 2562 tokens 84.0M val_ppl 38.876 train_loss 3.7398 usage 0.986 kl 1.169
step 2600/3600 loss 3.7046 tok/s 72287
[eval] step 2684 tokens 87.9M val_ppl 38.012 train_loss 3.7027 usage 0.988 kl 1.157
step 2700/3600 loss 3.6903 tok/s 72285
step 2800/3600 loss 3.6453 tok/s 72293
[eval] step 2806 tokens 91.9M val_ppl 37.296 train_loss 3.6821 usage 0.989 kl 1.149
step 2900/3600 loss 3.6900 tok/s 72281
[eval] step 2928 tokens 95.9M val_ppl 36.714 train_loss 3.6619 usage 0.990 kl 1.128
step 3000/3600 loss 3.6632 tok/s 72265
[eval] step 3050 tokens 99.9M val_ppl 36.129 train_loss 3.6563 usage 0.990 kl 1.121
step 3100/3600 loss 3.6223 tok/s 72326
[eval] step 3172 tokens 103.9M val_ppl 35.720 train_loss 3.635 usage 0.991 kl 1.118
step 3200/3600 loss 3.6542 tok/s 72298
[eval] step 3294 tokens 107.9M val_ppl 35.328 train_loss 3.6309 usage 0.992 kl 1.095
step 3300/3600 loss 3.6082 tok/s 72243
step 3400/3600 loss 3.6280 tok/s 72326
[eval] step 3416 tokens 111.9M val_ppl 34.990 train_loss 3.622 usage 0.992 kl 1.091
step 3500/3600 loss 3.6214 tok/s 72213
[eval] step 3538 tokens 115.9M val_ppl 34.736 train_loss 3.6146 usage 0.992 kl 1.091
step 3600/3600 loss 3.6461 tok/s 72316
[eval] step 3600 tokens 118.0M val_ppl 34.632 train_loss 3.6093 usage 0.992 kl 1.082
{
 "val_loss": 3.5447877375790546,
 "val_ppl": 34.63233341908543,
 "val_word_ppl": 56.24122311041721,
 "test_loss": 3.54268548843823,
 "test_ppl": 34.5596041002697,
 "test_word_ppl": 59.66986267675474,
 "train_tok_s_mean": 72615.10675980916,
 "train_tok_s_median": 72445.40873689063,
 "peak_train_vram_gib": 9.469082355499268,
 "weights_gib_fp32": 0.5262341499328613,
 "decode_b1_tok_s": 198.84609780326883,
 "decode_peak_vram_gib": 1.5436086654663086,
 "prefill_tok_s": 264882.08227067126,
 "prefill_peak_vram_gib": 3.1272268295288086,
 "mem_val": {
  "usage": 0.9922370910644531,
  "kl": 1.0817668390639863,
  "top1pct_share": 0.18440336821385844
 },
 "mem_train_usage_total": 1.0
}
