{"model_name": "B-1M-sparse", "params": {"total": 444895872, "embedding": 19316736, "non_embedding": 425579136, "memory_values": 402653184, "dense_body": 22925952, "active_non_embedding_per_token": 23073408, "bn_running_stats": 6144}, "seeds": {"init_seed": 1, "data_seed": 1234}}
steps=610 warmup=30 eval_every=61 accum=8
[eval] step 0 tokens 0.0M val_ppl 52756.690 train_loss  usage 1.000 kl 0.650
[eval] step 61 tokens 2.0M val_ppl 1256.350 train_loss 8.3303 usage 0.075 kl 5.432
step 100/610 loss 6.6821 tok/s 39867
[eval] step 122 tokens 4.0M val_ppl 653.811 train_loss 6.7783 usage 0.199 kl 4.405
[eval] step 183 tokens 6.0M val_ppl 453.225 train_loss 6.2739 usage 0.452 kl 3.609
step 200/610 loss 6.0376 tok/s 39727
[eval] step 244 tokens 8.0M val_ppl 349.319 train_loss 5.9554 usage 0.631 kl 3.084
step 300/610 loss 5.6638 tok/s 39606
[eval] step 305 tokens 10.0M val_ppl 287.276 train_loss 5.7189 usage 0.743 kl 2.708
[eval] step 366 tokens 12.0M val_ppl 248.019 train_loss 5.5375 usage 0.838 kl 2.432
step 400/610 loss 5.4280 tok/s 39506
[eval] step 427 tokens 14.0M val_ppl 221.185 train_loss 5.4075 usage 0.882 kl 2.265
[eval] step 488 tokens 16.0M val_ppl 204.543 train_loss 5.2825 usage 0.917 kl 2.116
step 500/610 loss 5.2765 tok/s 39408
[eval] step 549 tokens 18.0M val_ppl 193.027 train_loss 5.2319 usage 0.933 kl 2.045
step 600/610 loss 5.1498 tok/s 39395
[eval] step 610 tokens 20.0M val_ppl 186.734 train_loss 5.1828 usage 0.948 kl 1.962
{
 "val_loss": 5.229686864695328,
 "val_ppl": 186.73432125563596,
 "val_word_ppl": 2525.3723208272145,
 "train_tok_s_mean": 39577.1457783719,
 "train_tok_s_median": 39540.57060936439,
 "peak_train_vram_gib": 11.597612380981445,
 "weights_gib_fp32": 1.6573662757873535,
 "decode_b1_tok_s": 172.18973434330243,
 "decode_peak_vram_gib": 2.3071365356445312,
 "prefill_tok_s": 157354.14566458107,
 "prefill_peak_vram_gib": 3.8907546997070312,
 "mem_val": {
  "usage": 0.9484729766845703,
  "kl": 1.9616703785941407,
  "top1pct_share": 0.3385727567886493,
  "eff_entries_per_head": 31.379354872238885,
  "top1_weight": 0.05140404179428203
 },
 "mem_val_per_layer": [
  {
   "usage": 0.25003719329833984,
   "kl": 3.855535070650772,
   "top1pct_share": 0.7023891290837859,
   "eff_entries_per_head": 31.290764769067902,
   "top1_weight": 0.05275532892274341
  },
  {
   "usage": 0.643885612487793,
   "kl": 2.6704315544975987,
   "top1pct_share": 0.4591234421843129,
   "eff_entries_per_head": 31.47025551660759,
   "top1_weight": 0.049636642252900154
  },
  {
   "usage": 0.7909364700317383,
   "kl": 2.289157620178205,
   "top1pct_share": 0.3870576993636831,
   "eff_entries_per_head": 31.377044331041162,
   "top1_weight": 0.05182015420720252
  }
 ],
 "mem_train_usage_total": 1.0,
 "mem_score_scale_per_head": [
  1.0,
  1.0,
  1.0,
  1.0
 ],
 "mem_score_scale_per_layer_head": [
  [
   1.0,
   1.0,
   1.0,
   1.0
  ],
  [
   1.0,
   1.0,
   1.0,
   1.0
  ],
  [
   1.0,
   1.0,
   1.0,
   1.0
  ]
 ],
 "mem_key_norm_mean": 0.4095485806465149
}
