{"model_name": "B-1M-sparse", "params": {"total": 444895872, "embedding": 19316736, "non_embedding": 425579136, "memory_values": 402653184, "dense_body": 22925952, "active_non_embedding_per_token": 23073408, "bn_running_stats": 6144}, "seeds": {"init_seed": 0, "data_seed": 1234}}
steps=610 warmup=30 eval_every=61 accum=8
[eval] step 0 tokens 0.0M val_ppl 52646.785 train_loss  usage 1.000 kl 0.561
[eval] step 61 tokens 2.0M val_ppl 1197.723 train_loss 8.3447 usage 0.128 kl 5.106
step 100/610 loss 6.6000 tok/s 39901
[eval] step 122 tokens 4.0M val_ppl 624.211 train_loss 6.7109 usage 0.270 kl 4.137
[eval] step 183 tokens 6.0M val_ppl 441.703 train_loss 6.2347 usage 0.523 kl 3.406
step 200/610 loss 5.9999 tok/s 39729
[eval] step 244 tokens 8.0M val_ppl 340.714 train_loss 5.9169 usage 0.694 kl 2.896
step 300/610 loss 5.6301 tok/s 39504
[eval] step 305 tokens 10.0M val_ppl 276.843 train_loss 5.6853 usage 0.800 kl 2.564
[eval] step 366 tokens 12.0M val_ppl 239.633 train_loss 5.5053 usage 0.865 kl 2.332
step 400/610 loss 5.4008 tok/s 39354
[eval] step 427 tokens 14.0M val_ppl 215.174 train_loss 5.379 usage 0.905 kl 2.156
[eval] step 488 tokens 16.0M val_ppl 198.922 train_loss 5.2556 usage 0.933 kl 2.021
step 500/610 loss 5.2519 tok/s 39245
[eval] step 549 tokens 18.0M val_ppl 187.939 train_loss 5.2051 usage 0.948 kl 1.939
step 600/610 loss 5.1244 tok/s 39213
[eval] step 610 tokens 20.0M val_ppl 181.933 train_loss 5.1562 usage 0.959 kl 1.864
{
 "val_loss": 5.203636858609485,
 "val_ppl": 181.93270366376703,
 "val_word_ppl": 2428.722098409868,
 "train_tok_s_mean": 39496.71615640347,
 "train_tok_s_median": 39437.71779761412,
 "peak_train_vram_gib": 11.569462776184082,
 "weights_gib_fp32": 1.6573662757873535,
 "decode_b1_tok_s": 170.59676668774793,
 "decode_peak_vram_gib": 2.3071365356445312,
 "prefill_tok_s": 157636.4013392364,
 "prefill_peak_vram_gib": 3.8907546997070312,
 "mem_val": {
  "usage": 0.9593582153320312,
  "kl": 1.8643679271099476,
  "top1pct_share": 0.3212918449843184,
  "eff_entries_per_head": 31.411453415892776,
  "top1_weight": 0.05092941085611847
 },
 "mem_val_per_layer": [
  {
   "usage": 0.30291748046875,
   "kl": 3.693060875515398,
   "top1pct_share": 0.6690411433657073,
   "eff_entries_per_head": 31.311452728618054,
   "top1_weight": 0.052878871299097054
  },
  {
   "usage": 0.6985034942626953,
   "kl": 2.498179149321805,
   "top1pct_share": 0.42443029321250747,
   "eff_entries_per_head": 31.49885655161437,
   "top1_weight": 0.049025063763701145
  },
  {
   "usage": 0.7901449203491211,
   "kl": 2.2899990353095223,
   "top1pct_share": 0.3891441611877017,
   "eff_entries_per_head": 31.42405096744591,
   "top1_weight": 0.0508842975055572
  }
 ],
 "mem_train_usage_total": 1.0,
 "mem_score_scale_per_head": [
  1.0,
  1.0,
  1.0,
  1.0
 ],
 "mem_score_scale_per_layer_head": [
  [
   1.0,
   1.0,
   1.0,
   1.0
  ],
  [
   1.0,
   1.0,
   1.0,
   1.0
  ],
  [
   1.0,
   1.0,
   1.0,
   1.0
  ]
 ],
 "mem_key_norm_mean": 0.4096315801143646
}
