{"model_name": "B-1M-sparse", "params": {"total": 444895872, "embedding": 19316736, "non_embedding": 425579136, "memory_values": 402653184, "dense_body": 22925952, "active_non_embedding_per_token": 23073408, "bn_running_stats": 6144}, "seeds": {"init_seed": 0, "data_seed": 1234}}
steps=15258 warmup=763 eval_every=61 accum=8
[eval] step 0 tokens 0.0M val_ppl 52646.785 train_loss  usage 1.000 kl 0.561
[eval] step 61 tokens 2.0M val_ppl 13374.523 train_loss 10.1493 usage 1.000 kl 1.561
step 100/15258 loss 8.7225 tok/s 39438
[eval] step 122 tokens 4.0M val_ppl 3199.570 train_loss 8.8158 usage 1.000 kl 2.285
[eval] step 183 tokens 6.0M val_ppl 1184.803 train_loss 7.5115 usage 0.999 kl 2.285
step 200/15258 loss 6.9689 tok/s 39510
[eval] step 244 tokens 8.0M val_ppl 726.602 train_loss 6.8112 usage 1.000 kl 2.092
step 300/15258 loss 6.2991 tok/s 39428
[eval] step 305 tokens 10.0M val_ppl 522.172 train_loss 6.3971 usage 1.000 kl 1.897
[eval] step 366 tokens 12.0M val_ppl 411.215 train_loss 6.0997 usage 1.000 kl 1.753
step 400/15258 loss 5.8948 tok/s 39302
[eval] step 427 tokens 14.0M val_ppl 331.888 train_loss 5.8742 usage 0.999 kl 1.664
[eval] step 488 tokens 16.0M val_ppl 279.728 train_loss 5.6542 usage 0.999 kl 1.574
step 500/15258 loss 5.5863 tok/s 39255
[eval] step 549 tokens 18.0M val_ppl 237.980 train_loss 5.5024 usage 0.999 kl 1.505
step 600/15258 loss 5.2918 tok/s 39227
[eval] step 610 tokens 20.0M val_ppl 208.578 train_loss 5.3499 usage 0.999 kl 1.447
[eval] step 671 tokens 22.0M val_ppl 184.521 train_loss 5.2344 usage 0.999 kl 1.408
{
 "val_loss": 5.217763458230217,
 "val_ppl": 184.5210332301238,
 "val_word_ppl": 2480.6660102552387,
 "train_tok_s_mean": 39324.81984202072,
 "train_tok_s_median": 39331.28129260141,
 "peak_train_vram_gib": 10.521557331085205,
 "weights_gib_fp32": 1.6573662757873535,
 "decode_b1_tok_s": 176.61285764213662,
 "decode_peak_vram_gib": 2.3071365356445312,
 "prefill_tok_s": 155565.6468190555,
 "prefill_peak_vram_gib": 3.8907546997070312,
 "mem_val": {
  "usage": 0.9987945556640625,
  "kl": 1.408027876796858,
  "top1pct_share": 0.2629599218232504,
  "eff_entries_per_head": 31.44035488144554,
  "top1_weight": 0.05073446579153723
 },
 "mem_val_per_layer": [
  {
   "usage": 0.9341020584106445,
   "kl": 2.009595458190285,
   "top1pct_share": 0.3919181556934628,
   "eff_entries_per_head": 31.546470295607413,
   "top1_weight": 0.04838929246464404
  },
  {
   "usage": 0.8409080505371094,
   "kl": 2.3036916222278805,
   "top1pct_share": 0.40131079793822005,
   "eff_entries_per_head": 31.429261458767474,
   "top1_weight": 0.05105875145018117
  },
  {
   "usage": 0.8280239105224609,
   "kl": 2.406072422013363,
   "top1pct_share": 0.41811277235346955,
   "eff_entries_per_head": 31.345332889961732,
   "top1_weight": 0.05275535345978648
  }
 ],
 "mem_train_usage_total": 1.0,
 "mem_score_scale_per_head": [
  1.0,
  1.0,
  1.0,
  1.0
 ],
 "mem_score_scale_per_layer_head": [
  [
   1.0,
   1.0,
   1.0,
   1.0
  ],
  [
   1.0,
   1.0,
   1.0,
   1.0
  ],
  [
   1.0,
   1.0,
   1.0,
   1.0
  ]
 ],
 "mem_key_norm_mean": 0.410077303647995
}
