{"model_name": "B-1M-sparse", "params": {"total": 444895872, "embedding": 19316736, "non_embedding": 425579136, "memory_values": 402653184, "dense_body": 22925952, "active_non_embedding_per_token": 23073408, "bn_running_stats": 6144}, "seeds": {"init_seed": 0, "data_seed": 1234}}
steps=15258 warmup=763 eval_every=61 accum=8
[eval] step 0 tokens 0.0M val_ppl 52644.385 train_loss  usage 1.000 kl 0.561
[eval] step 61 tokens 2.0M val_ppl 13373.017 train_loss 10.1493 usage 1.000 kl 1.560
step 100/15258 loss 8.7228 tok/s 58493
[eval] step 122 tokens 4.0M val_ppl 3197.165 train_loss 8.8159 usage 1.000 kl 2.279
[eval] step 183 tokens 6.0M val_ppl 1180.444 train_loss 7.5094 usage 0.999 kl 2.243
step 200/15258 loss 6.9622 tok/s 58620
[eval] step 244 tokens 8.0M val_ppl 724.687 train_loss 6.8063 usage 1.000 kl 2.096
step 300/15258 loss 6.2949 tok/s 58497
[eval] step 305 tokens 10.0M val_ppl 519.744 train_loss 6.395 usage 1.000 kl 1.888
[eval] step 366 tokens 12.0M val_ppl 413.437 train_loss 6.0979 usage 1.000 kl 1.741
step 400/15258 loss 5.8949 tok/s 58279
[eval] step 427 tokens 14.0M val_ppl 328.712 train_loss 5.8725 usage 0.999 kl 1.652
[eval] step 488 tokens 16.0M val_ppl 278.805 train_loss 5.6503 usage 0.999 kl 1.557
step 500/15258 loss 5.5832 tok/s 58179
[eval] step 549 tokens 18.0M val_ppl 236.340 train_loss 5.5015 usage 0.999 kl 1.474
step 600/15258 loss 5.2928 tok/s 58159
[eval] step 610 tokens 20.0M val_ppl 208.722 train_loss 5.3518 usage 0.999 kl 1.444
[eval] step 671 tokens 22.0M val_ppl 184.562 train_loss 5.2389 usage 0.999 kl 1.361
{
 "val_loss": 5.217983173424782,
 "val_ppl": 184.5615797590225,
 "val_word_ppl": 2481.482622172477,
 "train_tok_s_mean": 58296.18474318334,
 "train_tok_s_median": 58284.3521858594,
 "peak_train_vram_gib": 10.474591255187988,
 "weights_gib_fp32": 1.6573662757873535,
 "decode_b1_tok_s": 172.05366512915165,
 "decode_peak_vram_gib": 2.3071374893188477,
 "prefill_tok_s": 270431.95362633263,
 "prefill_peak_vram_gib": 3.8907556533813477,
 "mem_val": {
  "usage": 0.9992790222167969,
  "kl": 1.3606967537044525,
  "top1pct_share": 0.25456365156815086,
  "eff_entries_per_head": 31.44999359324486,
  "top1_weight": 0.050586701327573015
 },
 "mem_val_per_layer": [
  {
   "usage": 0.9509754180908203,
   "kl": 1.9780432201978346,
   "top1pct_share": 0.3890853414214469,
   "eff_entries_per_head": 31.558455366536904,
   "top1_weight": 0.04804768102007956
  },
  {
   "usage": 0.8598518371582031,
   "kl": 2.2275062693664385,
   "top1pct_share": 0.38509613675691995,
   "eff_entries_per_head": 31.435772091715542,
   "top1_weight": 0.050993494938008206
  },
  {
   "usage": 0.839360237121582,
   "kl": 2.3331126712059547,
   "top1pct_share": 0.4012646970975243,
   "eff_entries_per_head": 31.35575332148213,
   "top1_weight": 0.052718928024631274
  }
 ],
 "mem_train_usage_total": 1.0,
 "mem_score_scale_per_head": [
  1.0,
  1.0,
  1.0,
  1.0
 ],
 "mem_score_scale_per_layer_head": [
  [
   1.0,
   1.0,
   1.0,
   1.0
  ],
  [
   1.0,
   1.0,
   1.0,
   1.0
  ],
  [
   1.0,
   1.0,
   1.0,
   1.0
  ]
 ],
 "mem_key_norm_mean": 0.4101448953151703
}
