{"model_name": "B-1M-sparse", "params": {"total": 444895872, "embedding": 19316736, "non_embedding": 425579136, "memory_values": 402653184, "dense_body": 22925952, "active_non_embedding_per_token": 23073408, "bn_running_stats": 6144}, "seeds": {"init_seed": 0, "data_seed": 1234}}
steps=610 warmup=30 eval_every=61 accum=8
[eval] step 0 tokens 0.0M val_ppl 52644.385 train_loss  usage 1.000 kl 0.561
[eval] step 61 tokens 2.0M val_ppl 1212.878 train_loss 8.3419 usage 0.096 kl 5.223
step 100/610 loss 6.6069 tok/s 61279
[eval] step 122 tokens 4.0M val_ppl 623.866 train_loss 6.7163 usage 0.285 kl 4.053
[eval] step 183 tokens 6.0M val_ppl 428.523 train_loss 6.2228 usage 0.541 kl 3.303
step 200/610 loss 5.9815 tok/s 60598
[eval] step 244 tokens 8.0M val_ppl 332.059 train_loss 5.9005 usage 0.714 kl 2.773
step 300/610 loss 5.6102 tok/s 59820
[eval] step 305 tokens 10.0M val_ppl 272.271 train_loss 5.6643 usage 0.819 kl 2.428
[eval] step 366 tokens 12.0M val_ppl 234.717 train_loss 5.4849 usage 0.881 kl 2.202
step 400/610 loss 5.3795 tok/s 59351
[eval] step 427 tokens 14.0M val_ppl 210.589 train_loss 5.3584 usage 0.920 kl 2.048
[eval] step 488 tokens 16.0M val_ppl 194.818 train_loss 5.2336 usage 0.942 kl 1.928
step 500/610 loss 5.2283 tok/s 59061
[eval] step 549 tokens 18.0M val_ppl 183.902 train_loss 5.1821 usage 0.958 kl 1.842
step 600/610 loss 5.1008 tok/s 58898
[eval] step 610 tokens 20.0M val_ppl 178.011 train_loss 5.1335 usage 0.967 kl 1.774
{
 "val_loss": 5.1818475550520215,
 "val_ppl": 178.0113932118747,
 "val_word_ppl": 2350.7267914418335,
 "train_tok_s_mean": 59902.9150841975,
 "train_tok_s_median": 59741.93772824462,
 "peak_train_vram_gib": 10.474591255187988,
 "weights_gib_fp32": 1.6573662757873535,
 "decode_b1_tok_s": 175.58907194745348,
 "decode_peak_vram_gib": 2.3071374893188477,
 "prefill_tok_s": 272514.6981236047,
 "prefill_peak_vram_gib": 3.8907556533813477,
 "mem_val": {
  "usage": 0.9666194915771484,
  "kl": 1.7735578721617458,
  "top1pct_share": 0.2998647757807848,
  "eff_entries_per_head": 31.392449869472728,
  "top1_weight": 0.051273722849622526
 },
 "mem_val_per_layer": [
  {
   "usage": 0.3487663269042969,
   "kl": 3.529068811151813,
   "top1pct_share": 0.6315621074821649,
   "eff_entries_per_head": 31.277988132897633,
   "top1_weight": 0.05311334929797194
  },
  {
   "usage": 0.7218904495239258,
   "kl": 2.423431155888336,
   "top1pct_share": 0.40972288788342925,
   "eff_entries_per_head": 31.451357291770552,
   "top1_weight": 0.05039141833101848
  },
  {
   "usage": 0.8005790710449219,
   "kl": 2.2143406117508935,
   "top1pct_share": 0.3711259553092333,
   "eff_entries_per_head": 31.44800418375,
   "top1_weight": 0.050316400919877165
  }
 ],
 "mem_train_usage_total": 1.0,
 "mem_score_scale_per_head": [
  1.0,
  1.0,
  1.0,
  1.0
 ],
 "mem_score_scale_per_layer_head": [
  [
   1.0,
   1.0,
   1.0,
   1.0
  ],
  [
   1.0,
   1.0,
   1.0,
   1.0
  ],
  [
   1.0,
   1.0,
   1.0,
   1.0
  ]
 ],
 "mem_key_norm_mean": 0.4097045660018921
}
