{"model_name": "B-1M-sparse", "params": {"total": 444895872, "embedding": 19316736, "non_embedding": 425579136, "memory_values": 402653184, "dense_body": 22925952, "active_non_embedding_per_token": 23073408, "bn_running_stats": 6144}, "seeds": {"init_seed": 1, "data_seed": 1234}}
steps=610 warmup=30 eval_every=61 accum=8
[eval] step 0 tokens 0.0M val_ppl 52753.072 train_loss  usage 1.000 kl 0.650
[eval] step 61 tokens 2.0M val_ppl 1295.845 train_loss 8.3378 usage 0.048 kl 5.497
step 100/610 loss 6.7431 tok/s 61251
[eval] step 122 tokens 4.0M val_ppl 688.571 train_loss 6.8332 usage 0.169 kl 4.533
[eval] step 183 tokens 6.0M val_ppl 475.052 train_loss 6.3255 usage 0.381 kl 3.752
step 200/610 loss 6.0820 tok/s 60911
[eval] step 244 tokens 8.0M val_ppl 366.949 train_loss 6.0 usage 0.572 kl 3.203
step 300/610 loss 5.7032 tok/s 60164
[eval] step 305 tokens 10.0M val_ppl 299.422 train_loss 5.7623 usage 0.723 kl 2.755
[eval] step 366 tokens 12.0M val_ppl 257.661 train_loss 5.5797 usage 0.815 kl 2.492
step 400/610 loss 5.4694 tok/s 59659
[eval] step 427 tokens 14.0M val_ppl 229.902 train_loss 5.4492 usage 0.852 kl 2.355
[eval] step 488 tokens 16.0M val_ppl 212.053 train_loss 5.322 usage 0.900 kl 2.181
step 500/610 loss 5.3140 tok/s 59363
[eval] step 549 tokens 18.0M val_ppl 200.456 train_loss 5.27 usage 0.919 kl 2.111
step 600/610 loss 5.1882 tok/s 59176
[eval] step 610 tokens 20.0M val_ppl 193.734 train_loss 5.2199 usage 0.936 kl 2.027
{
 "val_loss": 5.266488537921182,
 "val_ppl": 193.73447537400173,
 "val_word_ppl": 2668.503757466029,
 "train_tok_s_mean": 60154.34712954048,
 "train_tok_s_median": 60048.527313602295,
 "peak_train_vram_gib": 10.474591255187988,
 "weights_gib_fp32": 1.6573662757873535,
 "decode_b1_tok_s": 173.18659172877062,
 "decode_peak_vram_gib": 2.3071374893188477,
 "prefill_tok_s": 273403.56914622564,
 "prefill_peak_vram_gib": 3.8907556533813477,
 "mem_val": {
  "usage": 0.9358692169189453,
  "kl": 2.0272930754556615,
  "top1pct_share": 0.3467830741761,
  "eff_entries_per_head": 31.372700377503257,
  "top1_weight": 0.05173190043056341
 },
 "mem_val_per_layer": [
  {
   "usage": 0.265625,
   "kl": 3.8773357293273616,
   "top1pct_share": 0.7075630363848872,
   "eff_entries_per_head": 31.323760773261608,
   "top1_weight": 0.05230455027393577
  },
  {
   "usage": 0.6177797317504883,
   "kl": 2.7964460734519925,
   "top1pct_share": 0.48537432534944197,
   "eff_entries_per_head": 31.437496315538898,
   "top1_weight": 0.05053640782455271
  },
  {
   "usage": 0.7552328109741211,
   "kl": 2.359031670798961,
   "top1pct_share": 0.39478813175998256,
   "eff_entries_per_head": 31.356844043709263,
   "top1_weight": 0.052354743193201755
  }
 ],
 "mem_train_usage_total": 1.0,
 "mem_score_scale_per_head": [
  1.0,
  1.0,
  1.0,
  1.0
 ],
 "mem_score_scale_per_layer_head": [
  [
   1.0,
   1.0,
   1.0,
   1.0
  ],
  [
   1.0,
   1.0,
   1.0,
   1.0
  ],
  [
   1.0,
   1.0,
   1.0,
   1.0
  ]
 ],
 "mem_key_norm_mean": 0.4091631770133972
}
