{"model_name": "D-400M", "params": {"total": 460934400, "embedding": 64389120, "non_embedding": 396545280, "memory_values": 0, "dense_body": 396545280, "active_non_embedding_per_token": 396545280, "bn_running_stats": 0}, "seeds": {"init_seed": 0, "data_seed": 1234}}
steps=91 warmup=5 eval_every=92 accum=8
[eval] step 0 tokens 0.0M val_ppl 61806.996 train_loss  
[eval] step 91 tokens 3.0M val_ppl 1317.604 train_loss 7.7343 
{
 "val_loss": 7.183570360351272,
 "val_ppl": 1317.604191935048,
 "val_word_ppl": 47149.96204717194,
 "val2_dataset": "wikitext103",
 "val2_loss": 7.955579407821745,
 "val2_ppl": 2851.439997158836,
 "val2_word_ppl": 8465.526193320555,
 "train_tok_s_mean": 80451.39152525231,
 "train_tok_s_median": 82986.41896762676,
 "peak_train_vram_gib": 15.170495510101318,
 "weights_gib_fp32": 1.7171144485473633,
 "decode_b1_tok_s": 126.47427004523375,
 "decode_peak_vram_gib": 3.0655550956726074,
 "prefill_tok_s": 332921.18140351016,
 "prefill_peak_vram_gib": 4.794300556182861
}
