{"model_name": "B-4M-sparse", "params": {"total": 1656001152, "embedding": 19316736, "non_embedding": 1636684416, "memory_values": 1610612736, "dense_body": 26071680, "active_non_embedding_per_token": 26219136, "bn_running_stats": 6144}, "seeds": {"init_seed": 0, "data_seed": 1234}}
steps=91 warmup=5 eval_every=92 accum=8
[eval] step 0 tokens 0.0M val_ppl 53148.261 train_loss  usage 0.999 kl 1.004
[eval] step 91 tokens 3.0M val_ppl 1178.112 train_loss 7.6871 usage 0.027 kl 6.705
{
 "val_loss": 7.071668683487416,
 "val_ppl": 1178.1122914586763,
 "val_word_ppl": 39873.14075390494,
 "val2_dataset": "wikitext103",
 "val2_loss": 7.865810276739126,
 "val2_ppl": 2606.6216547909066,
 "val2_word_ppl": 7644.25408095674,
 "train_tok_s_mean": 119026.8142198243,
 "train_tok_s_median": 119357.75456952801,
 "peak_train_vram_gib": 28.60056781768799,
 "weights_gib_fp32": 6.1690850257873535,
 "decode_b1_tok_s": 215.80678919761974,
 "decode_peak_vram_gib": 6.890067100524902,
 "prefill_tok_s": 1093944.4555586749,
 "prefill_peak_vram_gib": 8.472786903381348,
 "mem_val": {
  "usage": 0.026561975479125977,
  "kl": 6.705060853215256,
  "top1pct_share": 0.9994765340877313,
  "eff_entries_per_head": 30.144757213061848,
  "top1_weight": 0.07604958258169749
 },
 "mem_val_per_layer": [
  {
   "usage": 0.009430170059204102,
   "kl": 7.884275390305492,
   "top1pct_share": 1.0,
   "eff_entries_per_head": 29.98594955468283,
   "top1_weight": 0.07811028980940357
  },
  {
   "usage": 0.008697986602783203,
   "kl": 7.786191273473778,
   "top1pct_share": 1.0,
   "eff_entries_per_head": 30.166642906970555,
   "top1_weight": 0.0765262788411586
  },
  {
   "usage": 0.008650541305541992,
   "kl": 7.7377707291959865,
   "top1pct_share": 1.0,
   "eff_entries_per_head": 30.28167917753215,
   "top1_weight": 0.07351217909453027
  }
 ],
 "mem_train_usage_total": 0.9972584247589111,
 "mem_score_scale_per_head": [
  1.0,
  1.0,
  1.0,
  1.0
 ],
 "mem_score_scale_per_layer_head": [
  [
   1.0,
   1.0,
   1.0,
   1.0
  ],
  [
   1.0,
   1.0,
   1.0,
   1.0
  ],
  [
   1.0,
   1.0,
   1.0,
   1.0
  ]
 ],
 "mem_key_norm_mean": 0.40751969814300537
}
