{"model_name": "D-100M", "params": {"total": 137746176, "embedding": 38633472, "non_embedding": 99112704, "memory_values": 0, "dense_body": 99112704, "active_non_embedding_per_token": 99112704, "bn_running_stats": 0}, "seeds": {"init_seed": 0, "data_seed": 1234}}
steps=15258 warmup=763 eval_every=305 accum=4
[eval] step 0 tokens 0.0M val_ppl 56758.302 train_loss  
step 100/15258 loss 7.4836 tok/s 61911
step 200/15258 loss 6.4210 tok/s 62109
step 300/15258 loss 5.8934 tok/s 62043
[eval] step 305 tokens 10.0M val_ppl 354.116 train_loss 7.2466 
step 400/15258 loss 5.5338 tok/s 62306
step 500/15258 loss 5.2557 tok/s 61933
step 600/15258 loss 4.9946 tok/s 61987
[eval] step 610 tokens 20.0M val_ppl 156.102 train_loss 5.356 
step 700/15258 loss 4.8418 tok/s 62233
step 800/15258 loss 4.6361 tok/s 61501
step 900/15258 loss 4.5079 tok/s 61961
[eval] step 915 tokens 30.0M val_ppl 88.061 train_loss 4.7128 
step 1000/15258 loss 4.2854 tok/s 61960
step 1100/15258 loss 4.2317 tok/s 61935
step 1200/15258 loss 4.0402 tok/s 62944
[eval] step 1220 tokens 40.0M val_ppl 63.440 train_loss 4.2446 
step 1300/15258 loss 4.0619 tok/s 61949
step 1400/15258 loss 4.0015 tok/s 62047
step 1500/15258 loss 3.9089 tok/s 61870
[eval] step 1525 tokens 50.0M val_ppl 52.761 train_loss 3.9973 
step 1600/15258 loss 3.9114 tok/s 61893
step 1700/15258 loss 3.9171 tok/s 62017
step 1800/15258 loss 3.8489 tok/s 47397
[eval] step 1830 tokens 60.0M val_ppl 46.806 train_loss 3.8545 
step 1900/15258 loss 3.7526 tok/s 46427
step 2000/15258 loss 3.7162 tok/s 46372
step 2100/15258 loss 3.6812 tok/s 46466
[eval] step 2135 tokens 70.0M val_ppl 43.408 train_loss 3.7433 
step 2200/15258 loss 3.6826 tok/s 46429
step 2300/15258 loss 3.6458 tok/s 46575
step 2400/15258 loss 3.6427 tok/s 46403
[eval] step 2440 tokens 80.0M val_ppl 40.265 train_loss 3.6721 
step 2500/15258 loss 3.6524 tok/s 46536
step 2600/15258 loss 3.5762 tok/s 46657
step 2700/15258 loss 3.5923 tok/s 46331
[eval] step 2745 tokens 89.9M val_ppl 38.093 train_loss 3.6166 
step 2800/15258 loss 3.5641 tok/s 46435
step 2900/15258 loss 3.5022 tok/s 46381
step 3000/15258 loss 3.5481 tok/s 46352
[eval] step 3050 tokens 99.9M val_ppl 36.510 train_loss 3.5502 
step 3100/15258 loss 3.5169 tok/s 46320
step 3200/15258 loss 3.5304 tok/s 46336
step 3300/15258 loss 3.4670 tok/s 47365
[eval] step 3355 tokens 109.9M val_ppl 35.128 train_loss 3.5218 
step 3400/15258 loss 3.5113 tok/s 46351
step 3500/15258 loss 3.5415 tok/s 46429
step 3600/15258 loss 3.4766 tok/s 46380
[eval] step 3660 tokens 119.9M val_ppl 33.981 train_loss 3.4831 
step 3700/15258 loss 3.4149 tok/s 46168
step 3800/15258 loss 3.4885 tok/s 46349
step 3900/15258 loss 3.4233 tok/s 46405
[eval] step 3965 tokens 129.9M val_ppl 32.864 train_loss 3.45 
step 4000/15258 loss 3.4327 tok/s 46362
step 4100/15258 loss 3.4098 tok/s 46375
step 4200/15258 loss 3.3750 tok/s 46501
[eval] step 4270 tokens 139.9M val_ppl 31.908 train_loss 3.4373 
step 4300/15258 loss 3.3920 tok/s 46504
step 4400/15258 loss 3.3782 tok/s 46473
step 4500/15258 loss 3.3507 tok/s 46392
[eval] step 4575 tokens 149.9M val_ppl 31.182 train_loss 3.3893 
step 4600/15258 loss 3.3502 tok/s 46630
step 4700/15258 loss 3.4166 tok/s 46370
step 4800/15258 loss 3.3652 tok/s 47201
[eval] step 4880 tokens 159.9M val_ppl 30.527 train_loss 3.3688 
step 4900/15258 loss 3.2941 tok/s 46291
step 5000/15258 loss 3.3000 tok/s 46403
step 5100/15258 loss 3.3201 tok/s 46452
[eval] step 5185 tokens 169.9M val_ppl 29.747 train_loss 3.3279 
step 5200/15258 loss 3.3745 tok/s 46439
step 5300/15258 loss 3.3322 tok/s 46396
step 5400/15258 loss 3.2931 tok/s 46372
[eval] step 5490 tokens 179.9M val_ppl 29.187 train_loss 3.3218 
step 5500/15258 loss 3.2779 tok/s 46473
step 5600/15258 loss 3.2711 tok/s 46365
step 5700/15258 loss 3.3616 tok/s 46483
[eval] step 5795 tokens 189.9M val_ppl 28.638 train_loss 3.3022 
step 5800/15258 loss 3.3343 tok/s 46442
step 5900/15258 loss 3.2683 tok/s 46446
step 6000/15258 loss 3.2364 tok/s 46388
step 6100/15258 loss 3.2461 tok/s 46425
[eval] step 6100 tokens 199.9M val_ppl 27.987 train_loss 3.2826 
step 6200/15258 loss 3.2713 tok/s 46374
step 6300/15258 loss 3.2693 tok/s 46492
step 6400/15258 loss 3.3172 tok/s 46404
[eval] step 6405 tokens 209.9M val_ppl 27.537 train_loss 3.2664 
step 6500/15258 loss 3.1770 tok/s 46527
step 6600/15258 loss 3.2333 tok/s 46377
step 6700/15258 loss 3.2414 tok/s 46333
[eval] step 6710 tokens 219.9M val_ppl 27.085 train_loss 3.2556 
step 6800/15258 loss 3.2104 tok/s 46365
step 6900/15258 loss 3.2344 tok/s 46355
step 7000/15258 loss 3.1977 tok/s 46383
[eval] step 7015 tokens 229.9M val_ppl 26.601 train_loss 3.2275 
step 7100/15258 loss 3.1472 tok/s 46993
step 7200/15258 loss 3.2366 tok/s 46367
step 7300/15258 loss 3.2229 tok/s 46234
[eval] step 7320 tokens 239.9M val_ppl 26.209 train_loss 3.1906 
step 7400/15258 loss 3.2149 tok/s 46363
step 7500/15258 loss 3.1126 tok/s 46409
step 7600/15258 loss 3.2145 tok/s 46367
[eval] step 7625 tokens 249.9M val_ppl 25.764 train_loss 3.1897 
step 7700/15258 loss 3.1863 tok/s 46214
step 7800/15258 loss 3.1924 tok/s 46396
step 7900/15258 loss 3.1883 tok/s 46351
[eval] step 7930 tokens 259.9M val_ppl 25.391 train_loss 3.1773 
step 8000/15258 loss 3.1988 tok/s 46393
step 8100/15258 loss 3.1594 tok/s 46448
step 8200/15258 loss 3.2128 tok/s 46361
[eval] step 8235 tokens 269.8M val_ppl 24.969 train_loss 3.1554 
step 8300/15258 loss 3.1905 tok/s 46356
step 8400/15258 loss 3.1438 tok/s 46464
step 8500/15258 loss 3.1351 tok/s 46131
[eval] step 8540 tokens 279.8M val_ppl 24.657 train_loss 3.141 
step 8600/15258 loss 3.1403 tok/s 47504
step 8700/15258 loss 3.1195 tok/s 46371
step 8800/15258 loss 3.1167 tok/s 46342
[eval] step 8845 tokens 289.8M val_ppl 24.257 train_loss 3.1297 
step 8900/15258 loss 3.0885 tok/s 46400
step 9000/15258 loss 3.1068 tok/s 46407
step 9100/15258 loss 3.1609 tok/s 46393
[eval] step 9150 tokens 299.8M val_ppl 23.972 train_loss 3.1112 
step 9200/15258 loss 3.1807 tok/s 46392
step 9300/15258 loss 3.1255 tok/s 46417
step 9400/15258 loss 3.0872 tok/s 46424
[eval] step 9455 tokens 309.8M val_ppl 23.658 train_loss 3.1132 
step 9500/15258 loss 3.0942 tok/s 46415
step 9600/15258 loss 3.1178 tok/s 46383
step 9700/15258 loss 3.0953 tok/s 46445
[eval] step 9760 tokens 319.8M val_ppl 23.313 train_loss 3.0943 
step 9800/15258 loss 3.0190 tok/s 46435
step 9900/15258 loss 3.1023 tok/s 46441
step 10000/15258 loss 3.0719 tok/s 46429
[eval] step 10065 tokens 329.8M val_ppl 23.029 train_loss 3.084 
step 10100/15258 loss 3.0976 tok/s 47533
step 10200/15258 loss 3.0417 tok/s 46395
step 10300/15258 loss 3.0444 tok/s 46473
[eval] step 10370 tokens 339.8M val_ppl 22.770 train_loss 3.072 
step 10400/15258 loss 3.0963 tok/s 46510
step 10500/15258 loss 3.0130 tok/s 46629
step 10600/15258 loss 3.0368 tok/s 61409
[eval] step 10675 tokens 349.8M val_ppl 22.513 train_loss 3.0543 
step 10700/15258 loss 3.0337 tok/s 61862
step 10800/15258 loss 3.0710 tok/s 61989
step 10900/15258 loss 3.0784 tok/s 62025
[eval] step 10980 tokens 359.8M val_ppl 22.238 train_loss 3.0517 
step 11000/15258 loss 3.0656 tok/s 61735
step 11100/15258 loss 3.0357 tok/s 61742
step 11200/15258 loss 3.0527 tok/s 61745
[eval] step 11285 tokens 369.8M val_ppl 22.000 train_loss 3.0423 
step 11300/15258 loss 3.0245 tok/s 61829
step 11400/15258 loss 3.0177 tok/s 61739
step 11500/15258 loss 3.0022 tok/s 61733
[eval] step 11590 tokens 379.8M val_ppl 21.803 train_loss 3.0218 
step 11600/15258 loss 2.9836 tok/s 63378
step 11700/15258 loss 3.0231 tok/s 61802
step 11800/15258 loss 3.0280 tok/s 61814
[eval] step 11895 tokens 389.8M val_ppl 21.581 train_loss 3.0151 
step 11900/15258 loss 2.9666 tok/s 61808
step 12000/15258 loss 3.0655 tok/s 61759
step 12100/15258 loss 2.9983 tok/s 61790
step 12200/15258 loss 3.0394 tok/s 61809
[eval] step 12200 tokens 399.8M val_ppl 21.409 train_loss 3.001 
step 12300/15258 loss 2.9507 tok/s 61752
step 12400/15258 loss 2.9404 tok/s 61698
step 12500/15258 loss 3.0058 tok/s 61487
[eval] step 12505 tokens 409.8M val_ppl 21.233 train_loss 3.0063 
step 12600/15258 loss 2.9617 tok/s 61776
step 12700/15258 loss 2.9527 tok/s 61881
step 12800/15258 loss 2.9602 tok/s 61753
[eval] step 12810 tokens 419.8M val_ppl 21.076 train_loss 2.9853 
step 12900/15258 loss 2.9784 tok/s 61894
step 13000/15258 loss 2.8832 tok/s 61770
step 13100/15258 loss 3.0358 tok/s 62457
[eval] step 13115 tokens 429.8M val_ppl 20.928 train_loss 2.9863 
step 13200/15258 loss 3.0032 tok/s 61769
step 13300/15258 loss 2.9541 tok/s 61926
step 13400/15258 loss 2.9371 tok/s 61753
[eval] step 13420 tokens 439.7M val_ppl 20.792 train_loss 2.9784 
step 13500/15258 loss 2.9772 tok/s 61808
step 13600/15258 loss 2.9772 tok/s 61733
step 13700/15258 loss 2.8958 tok/s 61756
[eval] step 13725 tokens 449.7M val_ppl 20.678 train_loss 2.962 
step 13800/15258 loss 2.8956 tok/s 61681
step 13900/15258 loss 2.9389 tok/s 61926
step 14000/15258 loss 2.9198 tok/s 61799
[eval] step 14030 tokens 459.7M val_ppl 20.585 train_loss 2.9752 
step 14100/15258 loss 2.9666 tok/s 61807
step 14200/15258 loss 3.0119 tok/s 61747
step 14300/15258 loss 2.9632 tok/s 61860
[eval] step 14335 tokens 469.7M val_ppl 20.478 train_loss 2.9627 
step 14400/15258 loss 2.9596 tok/s 61749
step 14500/15258 loss 2.9526 tok/s 61776
step 14600/15258 loss 2.9553 tok/s 61932
[eval] step 14640 tokens 479.7M val_ppl 20.402 train_loss 2.9605 
step 14700/15258 loss 3.0229 tok/s 61773
step 14800/15258 loss 2.9796 tok/s 61770
step 14900/15258 loss 2.9457 tok/s 61859
[eval] step 14945 tokens 489.7M val_ppl 20.341 train_loss 2.9475 
step 15000/15258 loss 2.9506 tok/s 61836
step 15100/15258 loss 2.9593 tok/s 61713
step 15200/15258 loss 2.9758 tok/s 62183
[eval] step 15250 tokens 499.7M val_ppl 20.276 train_loss 2.9568 
[eval] step 15258 tokens 500.0M val_ppl 20.270 train_loss 2.9373 
{
 "val_loss": 3.009158207631374,
 "val_ppl": 20.27032933275988,
 "val_word_ppl": 90.71846497658194,
 "val2_dataset": "wikitext103",
 "val2_loss": 4.088745429990949,
 "val2_ppl": 59.66499082169377,
 "val2_word_ppl": 104.37719061956903,
 "train_tok_s_mean": 53033.43089328607,
 "train_tok_s_median": 46548.41445361207,
 "peak_train_vram_gib": 11.675775051116943,
 "weights_gib_fp32": 0.5131444931030273,
 "decode_b1_tok_s": 170.43293856495077,
 "decode_peak_vram_gib": 1.6266770362854004,
 "prefill_tok_s": 249960.52768894253,
 "prefill_peak_vram_gib": 3.2713608741760254
}
