B-16M {'seen': {'n': 1382, 'acc_pct': 7.02, 'ci95': [5.79, 8.49]}, 'unseen': {'n': 1382, 'acc_pct': 7.24, 'ci95': [5.99, 8.72]}, 'seconds': 25.9}
D-100M {'seen': {'n': 1382, 'acc_pct': 5.43, 'ci95': [4.35, 6.75]}, 'unseen': {'n': 1382, 'acc_pct': 6.58, 'ci95': [5.39, 8.02]}, 'seconds': 25.8}
D-200M {'seen': {'n': 1382, 'acc_pct': 5.93, 'ci95': [4.81, 7.31]}, 'unseen': {'n': 1382, 'acc_pct': 7.16, 'ci95': [5.92, 8.65]}, 'seconds': 29.6}
B-4M {'seen': {'n': 1382, 'acc_pct': 6.51, 'ci95': [5.33, 7.94]}, 'unseen': {'n': 1382, 'acc_pct': 7.16, 'ci95': [5.92, 8.65]}, 'seconds': 25.3}
B-1M {'seen': {'n': 1382, 'acc_pct': 5.79, 'ci95': [4.68, 7.15]}, 'unseen': {'n': 1382, 'acc_pct': 5.72, 'ci95': [4.61, 7.07]}, 'seconds': 25.3}
D-50M {'seen': {'n': 1382, 'acc_pct': 5.35, 'ci95': [4.29, 6.67]}, 'unseen': {'n': 1382, 'acc_pct': 5.72, 'ci95': [4.61, 7.07]}, 'seconds': 18.2}
D-400M {'seen': {'n': 1382, 'acc_pct': 6.95, 'ci95': [5.72, 8.41]}, 'unseen': {'n': 1382, 'acc_pct': 7.67, 'ci95': [6.38, 9.19]}, 'seconds': 38.9}
A {'seen': {'n': 1382, 'acc_pct': 4.92, 'ci95': [3.9, 6.19]}, 'unseen': {'n': 1382, 'acc_pct': 4.92, 'ci95': [3.9, 6.19]}, 'seconds': 19.9}
{
 "items": 2764,
 "bootstrap": 10000,
 "gap_B-16M_minus_D-100M": {
  "pp": 0.94,
  "ci95": [
   -0.51,
   2.39
  ]
 },
 "gap_B-16M_minus_D-200M": {
  "pp": 1.01,
  "ci95": [
   -0.43,
   2.39
  ]
 }
}
A 4.92 4.92 0.0 [-1.66, 1.59] [2.26, 4.15, 4.74, 6.38, 7.26]
B-1M 5.79 5.72 0.07 [-1.66, 1.81] [5.66, 7.03, 4.38, 6.03, 5.65]
B-4M 6.51 7.16 -0.65 [-2.53, 1.23] [6.42, 7.99, 4.74, 7.09, 6.05]
B-16M 7.02 7.24 -0.22 [-2.17, 1.66] [6.04, 8.63, 5.84, 7.09, 7.26]
D-50M 5.35 5.72 -0.36 [-2.1, 1.37] [3.77, 5.43, 6.2, 5.67, 5.65]
D-100M 5.43 6.58 -1.16 [-2.97, 0.58] [4.53, 5.43, 6.2, 6.03, 4.84]
D-200M 5.93 7.16 -1.23 [-3.11, 0.65] [4.15, 6.71, 4.74, 6.74, 7.26]
D-400M 6.95 7.67 -0.72 [-2.68, 1.23] [6.04, 7.35, 6.57, 6.74, 8.06]
