{"model_name": "B-16M-sparse", "params": {"total": 6494130816, "embedding": 19316736, "non_embedding": 6474814080, "memory_values": 6442450944, "dense_body": 32363136, "active_non_embedding_per_token": 32510592, "bn_running_stats": 6144}, "seeds": {"init_seed": 0, "data_seed": 1234}}
steps=91 warmup=5 eval_every=92 accum=8
[eval] step 0 tokens 0.0M val_ppl 53278.319 train_loss  usage 0.966 kl 1.241
[eval] step 91 tokens 3.0M val_ppl 1159.312 train_loss 7.683 usage 0.012 kl 7.745
{
 "val_loss": 7.0555819563999655,
 "val_ppl": 1159.3119440090086,
 "val_word_ppl": 38923.757305550454,
 "val2_dataset": "wikitext103",
 "val2_loss": 7.856186327032457,
 "val2_ppl": 2581.6559859454724,
 "val2_word_ppl": 7561.079225787555,
 "train_tok_s_mean": 109726.8770912828,
 "train_tok_s_median": 112764.03179046884,
 "peak_train_vram_gib": 100.99900531768799,
 "weights_gib_fp32": 24.192522525787354,
 "decode_b1_tok_s": 229.9442216357763,
 "decode_peak_vram_gib": 25.197915077209473,
 "prefill_tok_s": 764105.009391623,
 "prefill_peak_vram_gib": 27.343880653381348,
 "mem_val": {
  "usage": 0.012335598468780518,
  "kl": 7.744524744463408,
  "top1pct_share": 0.9999312374312869,
  "eff_entries_per_head": 30.62701636877374,
  "top1_weight": 0.06552600684364099
 },
 "mem_val_per_layer": [
  {
   "usage": 0.0030128955841064453,
   "kl": 8.938822435139741,
   "top1pct_share": 1.0,
   "eff_entries_per_head": 30.63136601900136,
   "top1_weight": 0.062335223518629905
  },
  {
   "usage": 0.004986584186553955,
   "kl": 8.814886360900587,
   "top1pct_share": 1.0,
   "eff_entries_per_head": 30.73794365623372,
   "top1_weight": 0.06371939471362269
  },
  {
   "usage": 0.004384875297546387,
   "kl": 8.775373784241165,
   "top1pct_share": 1.0,
   "eff_entries_per_head": 30.511739431086145,
   "top1_weight": 0.07052340229867038
  }
 ],
 "mem_train_usage_total": 0.8443709015846252,
 "mem_score_scale_per_head": [
  1.0,
  1.0,
  1.0,
  1.0
 ],
 "mem_score_scale_per_layer_head": [
  [
   1.0,
   1.0,
   1.0,
   1.0
  ],
  [
   1.0,
   1.0,
   1.0,
   1.0
  ],
  [
   1.0,
   1.0,
   1.0,
   1.0
  ]
 ],
 "mem_key_norm_mean": 0.4074442386627197
}
