{"model_name": "B-16M-sparse", "params": {"total": 6494130816, "embedding": 19316736, "non_embedding": 6474814080, "memory_values": 6442450944, "dense_body": 32363136, "active_non_embedding_per_token": 32510592, "bn_running_stats": 6144}, "seeds": {"init_seed": 0, "data_seed": 1234}, "value_table_memory": {"table_bytes": 25769803776, "gradient_bytes": 25769803776, "moment_bytes": 51539607552, "scale_bytes": 0, "touched_bytes": 16777216, "step_bytes": 4, "total_bytes": 103095992324}}
steps=15258 warmup=763 eval_every=305 accum=8
[eval] step 0 tokens 0.0M val_ppl 53278.620 train_loss  usage 0.966 kl 1.241
step 100/15258 loss 8.7148 tok/s 8658
step 200/15258 loss 6.9610 tok/s 9519
step 300/15258 loss 6.2878 tok/s 9075
[eval] step 305 tokens 10.0M val_ppl 513.052 train_loss 7.9348 usage 0.658 kl 3.727
step 400/15258 loss 5.8824 tok/s 8645
step 500/15258 loss 5.5674 tok/s 8553
step 600/15258 loss 5.2787 tok/s 8455
[eval] step 610 tokens 20.0M val_ppl 205.797 train_loss 5.6832 usage 0.586 kl 3.191
step 700/15258 loss 5.1086 tok/s 8203
step 800/15258 loss 4.9169 tok/s 8006
step 900/15258 loss 4.7550 tok/s 7649
[eval] step 915 tokens 30.0M val_ppl 111.142 train_loss 4.9827 usage 0.586 kl 2.853
step 1000/15258 loss 4.4929 tok/s 7460
step 1100/15258 loss 4.4052 tok/s 7256
step 1200/15258 loss 4.1903 tok/s 7092
[eval] step 1220 tokens 40.0M val_ppl 73.069 train_loss 4.4291 usage 0.626 kl 2.572
step 1300/15258 loss 4.1955 tok/s 6978
step 1400/15258 loss 4.1126 tok/s 6835
step 1500/15258 loss 4.0092 tok/s 6720
[eval] step 1525 tokens 50.0M val_ppl 58.056 train_loss 4.1171 usage 0.661 kl 2.383
step 1600/15258 loss 4.0097 tok/s 6626
step 1700/15258 loss 3.9977 tok/s 6484
step 1800/15258 loss 3.9264 tok/s 6426
[eval] step 1830 tokens 60.0M val_ppl 50.345 train_loss 3.9405 usage 0.690 kl 2.233
step 1900/15258 loss 3.8232 tok/s 6404
step 2000/15258 loss 3.7800 tok/s 6382
step 2100/15258 loss 3.7371 tok/s 6316
[eval] step 2135 tokens 70.0M val_ppl 45.593 train_loss 3.8073 usage 0.712 kl 2.125
step 2200/15258 loss 3.7376 tok/s 6192
step 2300/15258 loss 3.6965 tok/s 6162
step 2400/15258 loss 3.6853 tok/s 6095
[eval] step 2440 tokens 80.0M val_ppl 41.968 train_loss 3.7212 usage 0.729 kl 2.051
step 2500/15258 loss 3.6909 tok/s 6117
step 2600/15258 loss 3.6109 tok/s 6036
step 2700/15258 loss 3.6292 tok/s 6037
[eval] step 2745 tokens 89.9M val_ppl 39.424 train_loss 3.6544 usage 0.747 kl 1.984
step 2800/15258 loss 3.5943 tok/s 6002
step 2900/15258 loss 3.5293 tok/s 5912
step 3000/15258 loss 3.5776 tok/s 5855
[eval] step 3050 tokens 99.9M val_ppl 37.433 train_loss 3.5807 usage 0.762 kl 1.933
{
 "val_loss": 3.622563388682279,
 "val_ppl": 37.433401297579294,
 "val_word_ppl": 227.3863212549101,
 "val2_dataset": "wikitext103",
 "val2_loss": 4.832972804169521,
 "val2_ppl": 125.58374214932009,
 "val2_word_ppl": 243.23675395635462,
 "train_tok_s_mean": 7049.453910379082,
 "train_tok_s_median": 6651.841351571059,
 "peak_train_vram_gib": 6.370820999145508,
 "weights_gib_fp32": 24.192522525787354,
 "decode_b1_tok_s": 152.15348916395345,
 "decode_peak_vram_gib": 1.2114758491516113,
 "prefill_tok_s": 40774.91850627935,
 "prefill_peak_vram_gib": 3.3462605476379395,
 "mem_val": {
  "usage": 0.7623940706253052,
  "kl": 1.9326377022659997,
  "top1pct_share": 0.32251616089704754,
  "eff_entries_per_head": 30.468905137374783,
  "top1_weight": 0.06796208630157816
 },
 "mem_val_per_layer": [
  {
   "usage": 0.2930668592453003,
   "kl": 3.327524555871138,
   "top1pct_share": 0.5529713505359469,
   "eff_entries_per_head": 30.38189964465554,
   "top1_weight": 0.06988388859736287
  },
  {
   "usage": 0.4401421546936035,
   "kl": 2.5014368477315596,
   "top1pct_share": 0.4080197784767478,
   "eff_entries_per_head": 30.708361562223512,
   "top1_weight": 0.06392187314696805
  },
  {
   "usage": 0.37901532649993896,
   "kl": 2.842148279719069,
   "top1pct_share": 0.4724298652332971,
   "eff_entries_per_head": 30.3164542052453,
   "top1_weight": 0.07008049716040354
  }
 ],
 "mem_train_usage_total": 0.9999997019767761,
 "mem_score_scale_per_head": [
  1.0,
  1.0,
  1.0,
  1.0
 ],
 "mem_score_scale_per_layer_head": [
  [
   1.0,
   1.0,
   1.0,
   1.0
  ],
  [
   1.0,
   1.0,
   1.0,
   1.0
  ],
  [
   1.0,
   1.0,
   1.0,
   1.0
  ]
 ],
 "mem_key_norm_mean": 0.44344592094421387
}
