{"model_name": "B-v2b", "params": {"total": 141259908, "embedding": 19316736, "non_embedding": 121943172, "memory_values": 100663296, "dense_body": 21279876, "active_non_embedding_per_token": 21329028, "bn_running_stats": 2048}, "seeds": {"init_seed": 0, "data_seed": 1234}}
steps=10800 warmup=540 eval_every=244 accum=4
/mnt/sandisk/Sparse-Memory-LM/AngryAnt-v2-sharpness/smlm/train.py:324: UserWarning: Converting a tensor with requires_grad=True to a scalar may lead to unexpected behavior.
Consider using tensor.detach() first. (Triggered internally at /build/python-pytorch/src/pytorch-opt-rocm/torch/csrc/autograd/generated/python_variable_methods.cpp:820.)
  "mem_score_scale_mean": float(mems[0].score_scale().mean()),
[eval] step 0 tokens 0.0M val_ppl 54821.852 train_loss  usage 0.993 kl 0.844
step 100/10800 loss 7.9821 tok/s 73170
step 200/10800 loss 6.3521 tok/s 72928
[eval] step 244 tokens 8.0M val_ppl 415.410 train_loss 7.7653 usage 0.789 kl 2.523
step 300/10800 loss 5.8247 tok/s 72734
step 400/10800 loss 5.4826 tok/s 72684
[eval] step 488 tokens 16.0M val_ppl 176.302 train_loss 5.5917 usage 0.862 kl 2.035
step 500/10800 loss 5.1720 tok/s 72583
step 600/10800 loss 5.0150 tok/s 72576
step 700/10800 loss 4.8333 tok/s 72474
[eval] step 732 tokens 24.0M val_ppl 112.051 train_loss 4.9839 usage 0.885 kl 1.824
step 800/10800 loss 4.7055 tok/s 72394
step 900/10800 loss 4.6006 tok/s 72304
[eval] step 976 tokens 32.0M val_ppl 85.065 train_loss 4.6382 usage 0.938 kl 1.612
step 1000/10800 loss 4.4999 tok/s 72261
step 1100/10800 loss 4.3729 tok/s 72134
step 1200/10800 loss 4.3803 tok/s 72145
[eval] step 1220 tokens 40.0M val_ppl 67.756 train_loss 4.4013 usage 0.960 kl 1.485
step 1300/10800 loss 4.2037 tok/s 72036
step 1400/10800 loss 4.1343 tok/s 72096
[eval] step 1464 tokens 48.0M val_ppl 57.587 train_loss 4.1864 usage 0.976 kl 1.360
step 1500/10800 loss 4.1183 tok/s 71983
step 1600/10800 loss 4.0755 tok/s 71974
step 1700/10800 loss 3.9895 tok/s 72002
[eval] step 1708 tokens 56.0M val_ppl 50.975 train_loss 4.0453 usage 0.984 kl 1.306
step 1800/10800 loss 3.9665 tok/s 71893
step 1900/10800 loss 3.9366 tok/s 72003
[eval] step 1952 tokens 64.0M val_ppl 47.096 train_loss 3.9513 usage 0.989 kl 1.234
step 2000/10800 loss 3.9082 tok/s 72031
step 2100/10800 loss 3.8677 tok/s 72011
[eval] step 2196 tokens 72.0M val_ppl 43.643 train_loss 3.8736 usage 0.992 kl 1.176
step 2200/10800 loss 3.8682 tok/s 71990
step 2300/10800 loss 3.8073 tok/s 72044
step 2400/10800 loss 3.7731 tok/s 72278
[eval] step 2440 tokens 80.0M val_ppl 41.263 train_loss 3.8016 usage 0.995 kl 1.131
step 2500/10800 loss 3.7647 tok/s 72037
step 2600/10800 loss 3.7390 tok/s 71960
[eval] step 2684 tokens 87.9M val_ppl 39.158 train_loss 3.7542 usage 0.996 kl 1.072
step 2700/10800 loss 3.7184 tok/s 72016
step 2800/10800 loss 3.6725 tok/s 71988
step 2900/10800 loss 3.7169 tok/s 72190
[eval] step 2928 tokens 95.9M val_ppl 37.651 train_loss 3.6991 usage 0.997 kl 1.046
step 3000/10800 loss 3.6871 tok/s 71960
step 3100/10800 loss 3.6399 tok/s 71948
[eval] step 3172 tokens 103.9M val_ppl 36.178 train_loss 3.6648 usage 0.998 kl 1.024
step 3200/10800 loss 3.6648 tok/s 71922
step 3300/10800 loss 3.6162 tok/s 71959
step 3400/10800 loss 3.6283 tok/s 71923
[eval] step 3416 tokens 111.9M val_ppl 35.027 train_loss 3.6321 usage 0.998 kl 0.996
step 3500/10800 loss 3.6159 tok/s 71944
step 3600/10800 loss 3.6290 tok/s 71925
[eval] step 3660 tokens 119.9M val_ppl 33.926 train_loss 3.5867 usage 0.999 kl 0.941
step 3700/10800 loss 3.5238 tok/s 71822
step 3800/10800 loss 3.5417 tok/s 71929
step 3900/10800 loss 3.4999 tok/s 71941
[eval] step 3904 tokens 127.9M val_ppl 33.268 train_loss 3.5089 usage 0.999 kl 0.928
step 4000/10800 loss 3.4984 tok/s 71875
step 4100/10800 loss 3.4787 tok/s 71886
[eval] step 4148 tokens 135.9M val_ppl 32.456 train_loss 3.506 usage 0.999 kl 0.889
step 4200/10800 loss 3.5044 tok/s 71881
step 4300/10800 loss 3.4864 tok/s 71888
[eval] step 4392 tokens 143.9M val_ppl 31.626 train_loss 3.4772 usage 0.999 kl 0.894
step 4400/10800 loss 3.4802 tok/s 71856
step 4500/10800 loss 3.4620 tok/s 71841
step 4600/10800 loss 3.4492 tok/s 71939
[eval] step 4636 tokens 151.9M val_ppl 30.858 train_loss 3.4699 usage 0.999 kl 0.893
step 4700/10800 loss 3.4553 tok/s 71901
step 4800/10800 loss 3.4157 tok/s 71907
[eval] step 4880 tokens 159.9M val_ppl 30.420 train_loss 3.4536 usage 0.999 kl 0.876
step 4900/10800 loss 3.4709 tok/s 71893
step 5000/10800 loss 3.4318 tok/s 71858
step 5100/10800 loss 3.4291 tok/s 71901
[eval] step 5124 tokens 167.9M val_ppl 29.686 train_loss 3.4288 usage 0.999 kl 0.851
step 5200/10800 loss 3.4453 tok/s 71826
step 5300/10800 loss 3.4286 tok/s 71870
[eval] step 5368 tokens 175.9M val_ppl 29.288 train_loss 3.4266 usage 0.999 kl 0.857
step 5400/10800 loss 3.3962 tok/s 71771
step 5500/10800 loss 3.4010 tok/s 71756
step 5600/10800 loss 3.3721 tok/s 72078
[eval] step 5612 tokens 183.9M val_ppl 28.873 train_loss 3.3936 usage 0.999 kl 0.844
step 5700/10800 loss 3.4020 tok/s 71822
step 5800/10800 loss 3.3653 tok/s 71790
[eval] step 5856 tokens 191.9M val_ppl 28.394 train_loss 3.3872 usage 0.999 kl 0.827
step 5900/10800 loss 3.3559 tok/s 71773
step 6000/10800 loss 3.3331 tok/s 71785
step 6100/10800 loss 3.3920 tok/s 71816
[eval] step 6100 tokens 199.9M val_ppl 27.913 train_loss 3.3657 usage 1.000 kl 0.812
step 6200/10800 loss 3.3676 tok/s 71747
step 6300/10800 loss 3.2952 tok/s 72020
[eval] step 6344 tokens 207.9M val_ppl 27.436 train_loss 3.3519 usage 1.000 kl 0.805
step 6400/10800 loss 3.3048 tok/s 71755
step 6500/10800 loss 3.3024 tok/s 71756
[eval] step 6588 tokens 215.9M val_ppl 27.066 train_loss 3.3484 usage 1.000 kl 0.810
step 6600/10800 loss 3.3362 tok/s 71831
step 6700/10800 loss 3.3489 tok/s 71774
step 6800/10800 loss 3.3269 tok/s 71885
[eval] step 6832 tokens 223.9M val_ppl 26.645 train_loss 3.323 usage 1.000 kl 0.795
step 6900/10800 loss 3.2970 tok/s 71820
step 7000/10800 loss 3.2974 tok/s 71824
[eval] step 7076 tokens 231.9M val_ppl 26.353 train_loss 3.3147 usage 1.000 kl 0.791
step 7100/10800 loss 3.2921 tok/s 71833
step 7200/10800 loss 3.3182 tok/s 71809
step 7300/10800 loss 3.1862 tok/s 71776
[eval] step 7320 tokens 239.9M val_ppl 26.099 train_loss 3.2435 usage 1.000 kl 0.741
step 7400/10800 loss 3.1806 tok/s 71764
step 7500/10800 loss 3.1883 tok/s 71718
[eval] step 7564 tokens 247.9M val_ppl 25.897 train_loss 3.1885 usage 1.000 kl 0.733
step 7600/10800 loss 3.1569 tok/s 71680
step 7700/10800 loss 3.1992 tok/s 71846
step 7800/10800 loss 3.1720 tok/s 71731
[eval] step 7808 tokens 255.9M val_ppl 25.618 train_loss 3.1832 usage 1.000 kl 0.726
step 7900/10800 loss 3.1567 tok/s 71734
step 8000/10800 loss 3.1797 tok/s 71686
[eval] step 8052 tokens 263.8M val_ppl 25.440 train_loss 3.1825 usage 1.000 kl 0.715
step 8100/10800 loss 3.1714 tok/s 71961
step 8200/10800 loss 3.1613 tok/s 71765
[eval] step 8296 tokens 271.8M val_ppl 25.168 train_loss 3.1753 usage 1.000 kl 0.721
step 8300/10800 loss 3.1880 tok/s 71680
step 8400/10800 loss 3.1359 tok/s 71699
step 8500/10800 loss 3.1285 tok/s 71752
[eval] step 8540 tokens 279.8M val_ppl 24.938 train_loss 3.1638 usage 1.000 kl 0.716
step 8600/10800 loss 3.2064 tok/s 71746
step 8700/10800 loss 3.1222 tok/s 71835
[eval] step 8784 tokens 287.8M val_ppl 24.749 train_loss 3.1681 usage 1.000 kl 0.715
step 8800/10800 loss 3.1830 tok/s 71772
step 8900/10800 loss 3.1364 tok/s 71747
step 9000/10800 loss 3.1516 tok/s 71744
[eval] step 9028 tokens 295.8M val_ppl 24.527 train_loss 3.1594 usage 1.000 kl 0.706
step 9100/10800 loss 3.1360 tok/s 71674
step 9200/10800 loss 3.1163 tok/s 71911
[eval] step 9272 tokens 303.8M val_ppl 24.437 train_loss 3.1412 usage 1.000 kl 0.709
step 9300/10800 loss 3.1991 tok/s 71688
step 9400/10800 loss 3.1473 tok/s 71874
step 9500/10800 loss 3.1320 tok/s 72010
[eval] step 9516 tokens 311.8M val_ppl 24.272 train_loss 3.1479 usage 1.000 kl 0.706
step 9600/10800 loss 3.1399 tok/s 71957
step 9700/10800 loss 3.1516 tok/s 71708
[eval] step 9760 tokens 319.8M val_ppl 24.092 train_loss 3.1429 usage 1.000 kl 0.712
step 9800/10800 loss 3.1519 tok/s 71755
step 9900/10800 loss 3.1620 tok/s 71691
step 10000/10800 loss 3.1874 tok/s 71679
[eval] step 10004 tokens 327.8M val_ppl 24.009 train_loss 3.1453 usage 1.000 kl 0.705
step 10100/10800 loss 3.1083 tok/s 71681
step 10200/10800 loss 3.1437 tok/s 71668
[eval] step 10248 tokens 335.8M val_ppl 23.904 train_loss 3.1337 usage 1.000 kl 0.697
step 10300/10800 loss 3.1067 tok/s 71961
step 10400/10800 loss 3.1173 tok/s 71666
[eval] step 10492 tokens 343.8M val_ppl 23.859 train_loss 3.1329 usage 1.000 kl 0.706
step 10500/10800 loss 3.1159 tok/s 71746
step 10600/10800 loss 3.0995 tok/s 71747
step 10700/10800 loss 3.1473 tok/s 71666
[eval] step 10736 tokens 351.8M val_ppl 23.757 train_loss 3.1327 usage 1.000 kl 0.693
step 10800/10800 loss 3.1713 tok/s 71803
[eval] step 10800 tokens 353.9M val_ppl 23.741 train_loss 3.1278 usage 1.000 kl 0.700
{
 "val_loss": 3.1672066157443965,
 "val_ppl": 23.741073702882403,
 "val_word_ppl": 36.61370662277881,
 "test_loss": 3.1776773078417073,
 "test_ppl": 23.990965160867155,
 "test_word_ppl": 39.15582175159168,
 "train_tok_s_mean": 71923.7485021661,
 "train_tok_s_median": 71856.660807604,
 "peak_train_vram_gib": 9.472991466522217,
 "weights_gib_fp32": 0.5262341648340225,
 "decode_b1_tok_s": 204.8947523485578,
 "decode_peak_vram_gib": 1.5439105033874512,
 "prefill_tok_s": 264525.28369097546,
 "prefill_peak_vram_gib": 3.127528667449951,
 "mem_val": {
  "usage": 0.9998855590820312,
  "kl": 0.7003549041598358,
  "top1pct_share": 0.12062787218692404,
  "eff_entries_per_head": 25.453395771348912,
  "top1_weight": 0.13608349843188178
 },
 "mem_train_usage_total": 1.0,
 "mem_score_scale_per_head": [
  1.7363224029541016,
  1.7179862260818481,
  1.733795404434204,
  1.733150601387024
 ],
 "mem_key_norm_mean": 0.6572897434234619
}
