{"model_name": "D-200M", "params": {"total": 253920256, "embedding": 51511296, "non_embedding": 202408960, "memory_values": 0, "dense_body": 202408960, "active_non_embedding_per_token": 202408960, "bn_running_stats": 0}, "seeds": {"init_seed": 0, "data_seed": 1234}}
steps=15258 warmup=763 eval_every=305 accum=4
[eval] step 0 tokens 0.0M val_ppl 59873.876 train_loss  
step 100/15258 loss 7.1443 tok/s 43302
step 200/15258 loss 6.2383 tok/s 43289
step 300/15258 loss 5.7557 tok/s 43167
[eval] step 305 tokens 10.0M val_ppl 311.148 train_loss 6.9897 
step 400/15258 loss 5.4182 tok/s 43155
step 500/15258 loss 5.1613 tok/s 42908
step 600/15258 loss 4.9024 tok/s 43656
[eval] step 610 tokens 20.0M val_ppl 142.823 train_loss 5.2549 
step 700/15258 loss 4.7687 tok/s 43150
step 800/15258 loss 4.5675 tok/s 43119
step 900/15258 loss 4.4396 tok/s 43317
[eval] step 915 tokens 30.0M val_ppl 82.373 train_loss 4.6363 
step 1000/15258 loss 4.2274 tok/s 43131
step 1100/15258 loss 4.1787 tok/s 43668
step 1200/15258 loss 4.0081 tok/s 43187
[eval] step 1220 tokens 40.0M val_ppl 61.275 train_loss 4.1935 
step 1300/15258 loss 4.0228 tok/s 33152
step 1400/15258 loss 3.9604 tok/s 32314
step 1500/15258 loss 3.8696 tok/s 32300
[eval] step 1525 tokens 50.0M val_ppl 51.027 train_loss 3.9621 
step 1600/15258 loss 3.8803 tok/s 32369
step 1700/15258 loss 3.8776 tok/s 32375
step 1800/15258 loss 3.8113 tok/s 32662
[eval] step 1830 tokens 60.0M val_ppl 45.483 train_loss 3.8197 
step 1900/15258 loss 3.7228 tok/s 32297
step 2000/15258 loss 3.7054 tok/s 32300
step 2100/15258 loss 3.6454 tok/s 32309
[eval] step 2135 tokens 70.0M val_ppl 41.899 train_loss 3.7124 
step 2200/15258 loss 3.6465 tok/s 32304
step 2300/15258 loss 3.6129 tok/s 32274
step 2400/15258 loss 3.6128 tok/s 32286
[eval] step 2440 tokens 80.0M val_ppl 39.013 train_loss 3.6394 
step 2500/15258 loss 3.6175 tok/s 32320
step 2600/15258 loss 3.5444 tok/s 32324
step 2700/15258 loss 3.5609 tok/s 32309
[eval] step 2745 tokens 89.9M val_ppl 36.778 train_loss 3.5815 
step 2800/15258 loss 3.5259 tok/s 33081
step 2900/15258 loss 3.4635 tok/s 32304
step 3000/15258 loss 3.5096 tok/s 32370
[eval] step 3050 tokens 99.9M val_ppl 35.182 train_loss 3.5128 
step 3100/15258 loss 3.4820 tok/s 32370
step 3200/15258 loss 3.4900 tok/s 32316
step 3300/15258 loss 3.4266 tok/s 32282
[eval] step 3355 tokens 109.9M val_ppl 33.782 train_loss 3.483 
step 3400/15258 loss 3.4714 tok/s 32964
step 3500/15258 loss 3.5029 tok/s 32288
step 3600/15258 loss 3.4347 tok/s 32207
[eval] step 3660 tokens 119.9M val_ppl 32.554 train_loss 3.4423 
step 3700/15258 loss 3.3723 tok/s 32315
step 3800/15258 loss 3.4451 tok/s 32308
step 3900/15258 loss 3.3788 tok/s 32300
[eval] step 3965 tokens 129.9M val_ppl 31.422 train_loss 3.4074 
step 4000/15258 loss 3.3873 tok/s 32303
step 4100/15258 loss 3.3619 tok/s 32361
step 4200/15258 loss 3.3314 tok/s 32317
[eval] step 4270 tokens 139.9M val_ppl 30.484 train_loss 3.3917 
step 4300/15258 loss 3.3446 tok/s 32864
step 4400/15258 loss 3.3274 tok/s 32300
step 4500/15258 loss 3.3005 tok/s 32289
[eval] step 4575 tokens 149.9M val_ppl 29.682 train_loss 3.3418 
step 4600/15258 loss 3.3005 tok/s 32317
step 4700/15258 loss 3.3650 tok/s 32303
step 4800/15258 loss 3.3168 tok/s 32304
[eval] step 4880 tokens 159.9M val_ppl 28.925 train_loss 3.3185 
step 4900/15258 loss 3.2435 tok/s 32292
step 5000/15258 loss 3.2461 tok/s 32794
step 5100/15258 loss 3.2665 tok/s 32538
[eval] step 5185 tokens 169.9M val_ppl 28.175 train_loss 3.2758 
step 5200/15258 loss 3.3222 tok/s 32307
step 5300/15258 loss 3.2771 tok/s 32304
step 5400/15258 loss 3.2358 tok/s 32291
[eval] step 5490 tokens 179.9M val_ppl 27.659 train_loss 3.2686 
step 5500/15258 loss 3.2230 tok/s 32938
step 5600/15258 loss 3.2146 tok/s 32317
step 5700/15258 loss 3.3063 tok/s 32315
[eval] step 5795 tokens 189.9M val_ppl 27.045 train_loss 3.2475 
step 5800/15258 loss 3.2786 tok/s 32298
step 5900/15258 loss 3.2105 tok/s 32413
step 6000/15258 loss 3.1780 tok/s 32298
step 6100/15258 loss 3.1902 tok/s 32298
[eval] step 6100 tokens 199.9M val_ppl 26.447 train_loss 3.2263 
step 6200/15258 loss 3.2123 tok/s 32421
step 6300/15258 loss 3.2108 tok/s 32302
step 6400/15258 loss 3.2598 tok/s 32238
[eval] step 6405 tokens 209.9M val_ppl 26.005 train_loss 3.2088 
step 6500/15258 loss 3.1179 tok/s 32403
step 6600/15258 loss 3.1777 tok/s 32301
step 6700/15258 loss 3.1836 tok/s 32315
[eval] step 6710 tokens 219.9M val_ppl 25.519 train_loss 3.1974 
step 6800/15258 loss 3.1515 tok/s 32291
step 6900/15258 loss 3.1743 tok/s 32284
step 7000/15258 loss 3.1362 tok/s 32334
[eval] step 7015 tokens 229.9M val_ppl 25.055 train_loss 3.167 
step 7100/15258 loss 3.0969 tok/s 33202
step 7200/15258 loss 3.1759 tok/s 32298
step 7300/15258 loss 3.1636 tok/s 32763
[eval] step 7320 tokens 239.9M val_ppl 24.673 train_loss 3.1306 
step 7400/15258 loss 3.1546 tok/s 33586
step 7500/15258 loss 3.0527 tok/s 43016
step 7600/15258 loss 3.1500 tok/s 43014
[eval] step 7625 tokens 249.9M val_ppl 24.206 train_loss 3.1279 
step 7700/15258 loss 3.1222 tok/s 42987
step 7800/15258 loss 3.1325 tok/s 43010
step 7900/15258 loss 3.1236 tok/s 43011
[eval] step 7930 tokens 259.9M val_ppl 23.842 train_loss 3.1146 
step 8000/15258 loss 3.1327 tok/s 43025
step 8100/15258 loss 3.0931 tok/s 43082
step 8200/15258 loss 3.1503 tok/s 42977
[eval] step 8235 tokens 269.8M val_ppl 23.460 train_loss 3.0917 
step 8300/15258 loss 3.1286 tok/s 42962
step 8400/15258 loss 3.0774 tok/s 43044
step 8500/15258 loss 3.0696 tok/s 43039
[eval] step 8540 tokens 279.8M val_ppl 23.087 train_loss 3.0763 
step 8600/15258 loss 3.0731 tok/s 43020
step 8700/15258 loss 3.0535 tok/s 44230
step 8800/15258 loss 3.0496 tok/s 44264
[eval] step 8845 tokens 289.8M val_ppl 22.733 train_loss 3.0638 
step 8900/15258 loss 3.0264 tok/s 43026
step 9000/15258 loss 3.0405 tok/s 43206
step 9100/15258 loss 3.0950 tok/s 43021
[eval] step 9150 tokens 299.8M val_ppl 22.438 train_loss 3.0449 
step 9200/15258 loss 3.1127 tok/s 43756
step 9300/15258 loss 3.0613 tok/s 43019
step 9400/15258 loss 3.0222 tok/s 43023
[eval] step 9455 tokens 309.8M val_ppl 22.096 train_loss 3.0455 
step 9500/15258 loss 3.0312 tok/s 43011
step 9600/15258 loss 3.0473 tok/s 43031
step 9700/15258 loss 3.0275 tok/s 42993
[eval] step 9760 tokens 319.8M val_ppl 21.809 train_loss 3.0263 
step 9800/15258 loss 2.9495 tok/s 43126
step 9900/15258 loss 3.0347 tok/s 42993
step 10000/15258 loss 3.0036 tok/s 43009
[eval] step 10065 tokens 329.8M val_ppl 21.524 train_loss 3.015 
step 10100/15258 loss 3.0266 tok/s 43028
step 10200/15258 loss 2.9733 tok/s 43028
step 10300/15258 loss 2.9769 tok/s 45243
[eval] step 10370 tokens 339.8M val_ppl 21.246 train_loss 3.0033 
step 10400/15258 loss 3.0252 tok/s 43012
step 10500/15258 loss 2.9403 tok/s 43645
step 10600/15258 loss 2.9666 tok/s 43019
[eval] step 10675 tokens 349.8M val_ppl 20.995 train_loss 2.9845 
step 10700/15258 loss 2.9644 tok/s 43025
step 10800/15258 loss 3.0010 tok/s 66230
step 10900/15258 loss 3.0043 tok/s 63091
[eval] step 10980 tokens 359.8M val_ppl 20.719 train_loss 2.9808 
step 11000/15258 loss 2.9978 tok/s 64396
step 11100/15258 loss 2.9666 tok/s 64745
step 11200/15258 loss 2.9817 tok/s 64388
[eval] step 11285 tokens 369.8M val_ppl 20.487 train_loss 2.97 
step 11300/15258 loss 2.9539 tok/s 63658
step 11400/15258 loss 2.9432 tok/s 64343
step 11500/15258 loss 2.9290 tok/s 64391
[eval] step 11590 tokens 379.8M val_ppl 20.274 train_loss 2.9493 
step 11600/15258 loss 2.9124 tok/s 64449
step 11700/15258 loss 2.9494 tok/s 64370
step 11800/15258 loss 2.9565 tok/s 64356
[eval] step 11895 tokens 389.8M val_ppl 20.060 train_loss 2.9424 
step 11900/15258 loss 2.8940 tok/s 64495
step 12000/15258 loss 2.9909 tok/s 64438
step 12100/15258 loss 2.9247 tok/s 64605
step 12200/15258 loss 2.9658 tok/s 64404
[eval] step 12200 tokens 399.8M val_ppl 19.896 train_loss 2.9277 
step 12300/15258 loss 2.8773 tok/s 64397
step 12400/15258 loss 2.8653 tok/s 66864
step 12500/15258 loss 2.9307 tok/s 64404
[eval] step 12505 tokens 409.8M val_ppl 19.711 train_loss 2.9317 
step 12600/15258 loss 2.8878 tok/s 64366
step 12700/15258 loss 2.8754 tok/s 64432
step 12800/15258 loss 2.8860 tok/s 64366
[eval] step 12810 tokens 419.8M val_ppl 19.549 train_loss 2.9105 
step 12900/15258 loss 2.9027 tok/s 64493
step 13000/15258 loss 2.8110 tok/s 64391
step 13100/15258 loss 2.9612 tok/s 64392
[eval] step 13115 tokens 429.8M val_ppl 19.400 train_loss 2.9109 
step 13200/15258 loss 2.9265 tok/s 64346
step 13300/15258 loss 2.8790 tok/s 64359
step 13400/15258 loss 2.8587 tok/s 64382
[eval] step 13420 tokens 439.7M val_ppl 19.272 train_loss 2.9027 
step 13500/15258 loss 2.8995 tok/s 64387
step 13600/15258 loss 2.9002 tok/s 64416
step 13700/15258 loss 2.8210 tok/s 64422
[eval] step 13725 tokens 449.7M val_ppl 19.160 train_loss 2.8858 
step 13800/15258 loss 2.8211 tok/s 64349
step 13900/15258 loss 2.8625 tok/s 64328
step 14000/15258 loss 2.8441 tok/s 66772
[eval] step 14030 tokens 459.7M val_ppl 19.070 train_loss 2.8976 
step 14100/15258 loss 2.8893 tok/s 64383
step 14200/15258 loss 2.9312 tok/s 64396
step 14300/15258 loss 2.8868 tok/s 64416
[eval] step 14335 tokens 469.7M val_ppl 18.962 train_loss 2.8853 
step 14400/15258 loss 2.8806 tok/s 64335
step 14500/15258 loss 2.8747 tok/s 65257
step 14600/15258 loss 2.8757 tok/s 64397
[eval] step 14640 tokens 479.7M val_ppl 18.893 train_loss 2.8822 
step 14700/15258 loss 2.9443 tok/s 64403
step 14800/15258 loss 2.8999 tok/s 64363
step 14900/15258 loss 2.8665 tok/s 64382
[eval] step 14945 tokens 489.7M val_ppl 18.830 train_loss 2.8695 
step 15000/15258 loss 2.8708 tok/s 64319
step 15100/15258 loss 2.8829 tok/s 64051
step 15200/15258 loss 2.9000 tok/s 64354
[eval] step 15250 tokens 499.7M val_ppl 18.756 train_loss 2.8783 
[eval] step 15258 tokens 500.0M val_ppl 18.758 train_loss 2.8585 
{
 "val_loss": 2.9316113740376366,
 "val_ppl": 18.75783204069875,
 "val_word_ppl": 80.76911741523756,
 "val2_dataset": "wikitext103",
 "val2_loss": 3.9440311297808526,
 "val2_ppl": 51.62629469377915,
 "val2_word_ppl": 88.54426495777798,
 "train_tok_s_mean": 45147.00281552274,
 "train_tok_s_median": 43014.19527176105,
 "peak_train_vram_gib": 15.693471431732178,
 "weights_gib_fp32": 0.9459266662597656,
 "decode_b1_tok_s": 159.50769334070782,
 "decode_peak_vram_gib": 2.2819933891296387,
 "prefill_tok_s": 246612.30642976472,
 "prefill_peak_vram_gib": 3.9681200981140137
}
