{"model_name": "A", "params": {"total": 40560000, "embedding": 19316736, "non_embedding": 21243264, "memory_values": 0, "dense_body": 21243264, "active_non_embedding_per_token": 21243264, "bn_running_stats": 0}, "seeds": {"init_seed": 0, "data_seed": 1234}}
steps=91 warmup=5 eval_every=92 accum=4
[eval] step 0 tokens 0.0M val_ppl 52581.776 train_loss  
[eval] step 91 tokens 3.0M val_ppl 1291.835 train_loss 7.7489 
{
 "val_loss": 7.163818671294015,
 "val_ppl": 1291.8346177270669,
 "val_word_ppl": 45775.31164583206,
 "val2_dataset": "wikitext103",
 "val2_loss": 7.923491757682405,
 "val2_ppl": 2761.3963582690562,
 "val2_word_ppl": 8162.29614523277,
 "train_tok_s_mean": 169065.90289317208,
 "train_tok_s_median": 164864.1915947846,
 "peak_train_vram_gib": 7.892161846160889,
 "weights_gib_fp32": 0.15109777450561523,
 "decode_b1_tok_s": 266.33672017413056,
 "decode_peak_vram_gib": 1.1627626419067383,
 "prefill_tok_s": 2390092.2329061287,
 "prefill_peak_vram_gib": 2.7463808059692383
}
