{"model_name": "E-1M", "params": {"total": 443807616, "embedding": 19316736, "non_embedding": 424490880, "memory_values": 402652416, "dense_body": 21838464, "active_non_embedding_per_token": 21839232, "bn_running_stats": 0}, "seeds": {"init_seed": 1, "data_seed": 1234}}
steps=15258 warmup=763 eval_every=305 accum=8
[eval] step 0 tokens 0.0M val_ppl 52175.854 train_loss  
step 100/15258 loss 8.6929 tok/s 78873
step 200/15258 loss 6.9833 tok/s 79105
step 300/15258 loss 6.3172 tok/s 79045
[eval] step 305 tokens 10.0M val_ppl 532.145 train_loss 7.9304 
step 400/15258 loss 5.9186 tok/s 79036
step 500/15258 loss 5.6058 tok/s 79010
step 600/15258 loss 5.3046 tok/s 79026
[eval] step 610 tokens 20.0M val_ppl 212.571 train_loss 5.7149 
step 700/15258 loss 5.1387 tok/s 78999
step 800/15258 loss 4.9675 tok/s 79019
step 900/15258 loss 4.8604 tok/s 78971
[eval] step 915 tokens 30.0M val_ppl 123.593 train_loss 5.0315 
step 1000/15258 loss 4.6215 tok/s 79008
step 1100/15258 loss 4.5427 tok/s 78986
step 1200/15258 loss 4.2952 tok/s 78974
[eval] step 1220 tokens 40.0M val_ppl 81.336 train_loss 4.5536 
step 1300/15258 loss 4.2882 tok/s 78995
step 1400/15258 loss 4.2029 tok/s 78973
step 1500/15258 loss 4.0873 tok/s 78973
[eval] step 1525 tokens 50.0M val_ppl 62.935 train_loss 4.2052 
step 1600/15258 loss 4.0814 tok/s 78960
step 1700/15258 loss 4.0588 tok/s 78955
step 1800/15258 loss 3.9880 tok/s 78955
[eval] step 1830 tokens 60.0M val_ppl 53.587 train_loss 4.0078 
step 1900/15258 loss 3.8859 tok/s 78964
step 2000/15258 loss 3.8394 tok/s 78983
step 2100/15258 loss 3.7992 tok/s 78948
[eval] step 2135 tokens 70.0M val_ppl 48.251 train_loss 3.8666 
step 2200/15258 loss 3.7951 tok/s 78958
step 2300/15258 loss 3.7501 tok/s 78968
step 2400/15258 loss 3.7419 tok/s 78980
[eval] step 2440 tokens 80.0M val_ppl 44.571 train_loss 3.7769 
step 2500/15258 loss 3.7449 tok/s 78975
step 2600/15258 loss 3.6665 tok/s 78943
step 2700/15258 loss 3.6881 tok/s 78982
[eval] step 2745 tokens 89.9M val_ppl 41.977 train_loss 3.7106 
step 2800/15258 loss 3.6521 tok/s 78962
step 2900/15258 loss 3.5915 tok/s 78960
step 3000/15258 loss 3.6347 tok/s 78949
[eval] step 3050 tokens 99.9M val_ppl 39.788 train_loss 3.6381 
step 3100/15258 loss 3.6017 tok/s 78980
step 3200/15258 loss 3.6149 tok/s 78943
step 3300/15258 loss 3.5465 tok/s 78938
[eval] step 3355 tokens 109.9M val_ppl 38.137 train_loss 3.6048 
step 3400/15258 loss 3.5918 tok/s 78936
step 3500/15258 loss 3.6184 tok/s 78938
step 3600/15258 loss 3.5531 tok/s 78944
[eval] step 3660 tokens 119.9M val_ppl 36.897 train_loss 3.5637 
step 3700/15258 loss 3.4951 tok/s 78951
step 3800/15258 loss 3.5659 tok/s 78951
step 3900/15258 loss 3.5040 tok/s 78932
[eval] step 3965 tokens 129.9M val_ppl 35.613 train_loss 3.5292 
step 4000/15258 loss 3.5150 tok/s 78916
step 4100/15258 loss 3.4858 tok/s 78953
step 4200/15258 loss 3.4543 tok/s 78920
[eval] step 4270 tokens 139.9M val_ppl 34.616 train_loss 3.5163 
step 4300/15258 loss 3.4657 tok/s 78917
step 4400/15258 loss 3.4554 tok/s 78928
step 4500/15258 loss 3.4233 tok/s 78945
[eval] step 4575 tokens 149.9M val_ppl 33.790 train_loss 3.4672 
step 4600/15258 loss 3.4251 tok/s 78925
step 4700/15258 loss 3.4964 tok/s 78914
step 4800/15258 loss 3.4465 tok/s 78930
[eval] step 4880 tokens 159.9M val_ppl 32.957 train_loss 3.4464 
step 4900/15258 loss 3.3721 tok/s 78958
step 5000/15258 loss 3.3794 tok/s 78921
step 5100/15258 loss 3.3909 tok/s 78925
[eval] step 5185 tokens 169.9M val_ppl 32.290 train_loss 3.4053 
step 5200/15258 loss 3.4566 tok/s 78924
step 5300/15258 loss 3.4065 tok/s 78948
step 5400/15258 loss 3.3697 tok/s 78924
[eval] step 5490 tokens 179.9M val_ppl 31.645 train_loss 3.4008 
step 5500/15258 loss 3.3537 tok/s 78935
step 5600/15258 loss 3.3509 tok/s 78963
step 5700/15258 loss 3.4458 tok/s 78907
[eval] step 5795 tokens 189.9M val_ppl 31.039 train_loss 3.3825 
step 5800/15258 loss 3.4168 tok/s 78960
step 5900/15258 loss 3.3432 tok/s 78979
step 6000/15258 loss 3.3160 tok/s 78941
step 6100/15258 loss 3.3293 tok/s 78964
[eval] step 6100 tokens 199.9M val_ppl 30.439 train_loss 3.363 
step 6200/15258 loss 3.3500 tok/s 78976
step 6300/15258 loss 3.3522 tok/s 78939
step 6400/15258 loss 3.4030 tok/s 78936
[eval] step 6405 tokens 209.9M val_ppl 30.006 train_loss 3.3476 
step 6500/15258 loss 3.2572 tok/s 78990
step 6600/15258 loss 3.3165 tok/s 78903
step 6700/15258 loss 3.3161 tok/s 78930
[eval] step 6710 tokens 219.9M val_ppl 29.526 train_loss 3.3383 
step 6800/15258 loss 3.2933 tok/s 78929
step 6900/15258 loss 3.3190 tok/s 78957
step 7000/15258 loss 3.2845 tok/s 78907
[eval] step 7015 tokens 229.9M val_ppl 29.072 train_loss 3.3115 
step 7100/15258 loss 3.2304 tok/s 78998
step 7200/15258 loss 3.3277 tok/s 78938
step 7300/15258 loss 3.3114 tok/s 78940
[eval] step 7320 tokens 239.9M val_ppl 28.665 train_loss 3.2762 
step 7400/15258 loss 3.3035 tok/s 78930
step 7500/15258 loss 3.2014 tok/s 78897
step 7600/15258 loss 3.3041 tok/s 78890
[eval] step 7625 tokens 249.9M val_ppl 28.188 train_loss 3.2773 
step 7700/15258 loss 3.2702 tok/s 78928
step 7800/15258 loss 3.2823 tok/s 78927
step 7900/15258 loss 3.2754 tok/s 78904
[eval] step 7930 tokens 259.9M val_ppl 27.881 train_loss 3.2657 
step 8000/15258 loss 3.2901 tok/s 78919
step 8100/15258 loss 3.2475 tok/s 78919
step 8200/15258 loss 3.3093 tok/s 78930
[eval] step 8235 tokens 269.8M val_ppl 27.488 train_loss 3.2448 
step 8300/15258 loss 3.2846 tok/s 78938
step 8400/15258 loss 3.2363 tok/s 78904
step 8500/15258 loss 3.2257 tok/s 78961
[eval] step 8540 tokens 279.8M val_ppl 27.154 train_loss 3.2329 
step 8600/15258 loss 3.2322 tok/s 78986
step 8700/15258 loss 3.2130 tok/s 78994
step 8800/15258 loss 3.2093 tok/s 78993
[eval] step 8845 tokens 289.8M val_ppl 26.761 train_loss 3.2232 
step 8900/15258 loss 3.1835 tok/s 78958
step 9000/15258 loss 3.2012 tok/s 78990
step 9100/15258 loss 3.2591 tok/s 78956
[eval] step 9150 tokens 299.8M val_ppl 26.529 train_loss 3.206 
step 9200/15258 loss 3.2774 tok/s 78943
step 9300/15258 loss 3.2255 tok/s 78955
step 9400/15258 loss 3.1827 tok/s 78962
[eval] step 9455 tokens 309.8M val_ppl 26.196 train_loss 3.2105 
step 9500/15258 loss 3.1952 tok/s 78953
step 9600/15258 loss 3.2197 tok/s 78958
step 9700/15258 loss 3.1942 tok/s 78985
[eval] step 9760 tokens 319.8M val_ppl 25.913 train_loss 3.1938 
step 9800/15258 loss 3.1178 tok/s 78986
step 9900/15258 loss 3.2067 tok/s 78978
step 10000/15258 loss 3.1766 tok/s 78988
[eval] step 10065 tokens 329.8M val_ppl 25.658 train_loss 3.1858 
step 10100/15258 loss 3.1980 tok/s 78981
step 10200/15258 loss 3.1418 tok/s 78981
step 10300/15258 loss 3.1483 tok/s 78975
[eval] step 10370 tokens 339.8M val_ppl 25.391 train_loss 3.1756 
step 10400/15258 loss 3.1994 tok/s 78991
step 10500/15258 loss 3.1176 tok/s 78999
step 10600/15258 loss 3.1399 tok/s 78991
[eval] step 10675 tokens 349.8M val_ppl 25.141 train_loss 3.1591 
step 10700/15258 loss 3.1351 tok/s 78978
step 10800/15258 loss 3.1806 tok/s 78963
step 10900/15258 loss 3.1850 tok/s 78994
[eval] step 10980 tokens 359.8M val_ppl 24.916 train_loss 3.1591 
step 11000/15258 loss 3.1754 tok/s 79000
step 11100/15258 loss 3.1418 tok/s 78985
step 11200/15258 loss 3.1614 tok/s 78991
[eval] step 11285 tokens 369.8M val_ppl 24.682 train_loss 3.1504 
step 11300/15258 loss 3.1323 tok/s 79020
step 11400/15258 loss 3.1263 tok/s 78979
step 11500/15258 loss 3.1134 tok/s 79000
[eval] step 11590 tokens 379.8M val_ppl 24.498 train_loss 3.1314 
step 11600/15258 loss 3.0980 tok/s 79006
step 11700/15258 loss 3.1345 tok/s 79027
step 11800/15258 loss 3.1419 tok/s 79003
[eval] step 11895 tokens 389.8M val_ppl 24.293 train_loss 3.1271 
step 11900/15258 loss 3.0796 tok/s 78977
step 12000/15258 loss 3.1805 tok/s 78972
step 12100/15258 loss 3.1101 tok/s 78988
step 12200/15258 loss 3.1552 tok/s 79000
[eval] step 12200 tokens 399.8M val_ppl 24.120 train_loss 3.114 
step 12300/15258 loss 3.0624 tok/s 78977
step 12400/15258 loss 3.0577 tok/s 78968
step 12500/15258 loss 3.1240 tok/s 78987
[eval] step 12505 tokens 409.8M val_ppl 23.964 train_loss 3.1227 
step 12600/15258 loss 3.0750 tok/s 79014
step 12700/15258 loss 3.0672 tok/s 78982
step 12800/15258 loss 3.0777 tok/s 78973
[eval] step 12810 tokens 419.8M val_ppl 23.816 train_loss 3.1024 
step 12900/15258 loss 3.0957 tok/s 78991
step 13000/15258 loss 3.0031 tok/s 78971
step 13100/15258 loss 3.1571 tok/s 78952
[eval] step 13115 tokens 429.8M val_ppl 23.690 train_loss 3.1045 
step 13200/15258 loss 3.1184 tok/s 78942
step 13300/15258 loss 3.0763 tok/s 78924
step 13400/15258 loss 3.0510 tok/s 78938
[eval] step 13420 tokens 439.7M val_ppl 23.570 train_loss 3.0969 
step 13500/15258 loss 3.0957 tok/s 78942
step 13600/15258 loss 3.0968 tok/s 78974
step 13700/15258 loss 3.0156 tok/s 78990
[eval] step 13725 tokens 449.7M val_ppl 23.472 train_loss 3.082 
step 13800/15258 loss 3.0167 tok/s 79000
step 13900/15258 loss 3.0584 tok/s 78971
step 14000/15258 loss 3.0412 tok/s 78969
[eval] step 14030 tokens 459.7M val_ppl 23.386 train_loss 3.097 
step 14100/15258 loss 3.0915 tok/s 78962
step 14200/15258 loss 3.1355 tok/s 78965
step 14300/15258 loss 3.0873 tok/s 78960
[eval] step 14335 tokens 469.7M val_ppl 23.286 train_loss 3.0848 
step 14400/15258 loss 3.0826 tok/s 78960
step 14500/15258 loss 3.0733 tok/s 78971
step 14600/15258 loss 3.0775 tok/s 78964
[eval] step 14640 tokens 479.7M val_ppl 23.219 train_loss 3.0829 
step 14700/15258 loss 3.1475 tok/s 78975
step 14800/15258 loss 3.1021 tok/s 78974
step 14900/15258 loss 3.0655 tok/s 78968
[eval] step 14945 tokens 489.7M val_ppl 23.157 train_loss 3.071 
step 15000/15258 loss 3.0720 tok/s 78999
step 15100/15258 loss 3.0870 tok/s 78961
step 15200/15258 loss 3.1007 tok/s 78989
[eval] step 15250 tokens 499.7M val_ppl 23.105 train_loss 3.0813 
[eval] step 15258 tokens 500.0M val_ppl 23.105 train_loss 3.0607 
{
 "val_loss": 3.140037678992752,
 "val_ppl": 23.104737405554662,
 "val_word_ppl": 110.36799494237813,
 "val2_dataset": "wikitext103",
 "val2_loss": 4.256565653611352,
 "val2_ppl": 70.56721455817713,
 "val2_word_ppl": 126.31592850440813,
 "train_tok_s_mean": 78959.64674183789,
 "train_tok_s_median": 78960.99466266719,
 "peak_train_vram_gib": 10.489220142364502,
 "weights_gib_fp32": 1.6533122062683105,
 "decode_b1_tok_s": 182.26442610386482,
 "decode_peak_vram_gib": 2.2833852767944336,
 "prefill_tok_s": 357286.70111012616,
 "prefill_peak_vram_gib": 3.868699550628662
}
