{"model_name": "B-1M-sparse", "params": {"total": 444895872, "embedding": 19316736, "non_embedding": 425579136, "memory_values": 402653184, "dense_body": 22925952, "active_non_embedding_per_token": 23073408, "bn_running_stats": 6144}, "seeds": {"init_seed": 0, "data_seed": 1234}}
steps=91 warmup=5 eval_every=92 accum=8
[eval] step 0 tokens 0.0M val_ppl 52644.581 train_loss  usage 1.000 kl 0.561
[eval] step 91 tokens 3.0M val_ppl 1168.463 train_loss 7.6941 usage 0.133 kl 5.119
{
 "val_loss": 7.063444439612405,
 "val_ppl": 1168.4629423503686,
 "val_word_ppl": 39384.9160349846,
 "val2_dataset": "wikitext103",
 "val2_loss": 7.864856922873571,
 "val2_ppl": 2604.1378061417563,
 "val2_word_ppl": 7635.974067857881,
 "train_tok_s_mean": 126983.5741402352,
 "train_tok_s_median": 125861.36875034633,
 "peak_train_vram_gib": 10.474591255187988,
 "weights_gib_fp32": 1.6573662757873535,
 "decode_b1_tok_s": 209.64952717204892,
 "decode_peak_vram_gib": 2.3071374893188477,
 "prefill_tok_s": 1387323.00517419,
 "prefill_peak_vram_gib": 3.8907556533813477,
 "mem_val": {
  "usage": 0.13306808471679688,
  "kl": 5.11943345918389,
  "top1pct_share": 0.9540321921059778,
  "eff_entries_per_head": 30.16895401047798,
  "top1_weight": 0.0757810393817476
 },
 "mem_val_per_layer": [
  {
   "usage": 0.04717063903808594,
   "kl": 6.050362776394317,
   "top1pct_share": 0.9921396934755786,
   "eff_entries_per_head": 29.96623843993913,
   "top1_weight": 0.07875178497815379
  },
  {
   "usage": 0.04920482635498047,
   "kl": 6.3331962459773,
   "top1pct_share": 0.995544206605216,
   "eff_entries_per_head": 30.42945029743439,
   "top1_weight": 0.07109322664881586
  },
  {
   "usage": 0.04297828674316406,
   "kl": 6.254714378367227,
   "top1pct_share": 0.9959908483119038,
   "eff_entries_per_head": 30.11117329406042,
   "top1_weight": 0.07749810651827317
  }
 ],
 "mem_train_usage_total": 1.0,
 "mem_score_scale_per_head": [
  1.0,
  1.0,
  1.0,
  1.0
 ],
 "mem_score_scale_per_layer_head": [
  [
   1.0,
   1.0,
   1.0,
   1.0
  ],
  [
   1.0,
   1.0,
   1.0,
   1.0
  ],
  [
   1.0,
   1.0,
   1.0,
   1.0
  ]
 ],
 "mem_key_norm_mean": 0.4072282016277313
}
