{"model_name": "A", "params": {"total": 40560000, "embedding": 19316736, "non_embedding": 21243264, "memory_values": 0, "dense_body": 21243264, "active_non_embedding_per_token": 21243264, "bn_running_stats": 0}, "seeds": {"init_seed": 0, "data_seed": 1234}}
steps=610 warmup=30 eval_every=61 accum=4
[eval] step 0 tokens 0.0M val_ppl 53567.070 train_loss  
[eval] step 61 tokens 2.0M val_ppl 749.010 train_loss 8.0291 
step 100/610 loss 6.2554 tok/s 91585
[eval] step 122 tokens 4.0M val_ppl 417.685 train_loss 6.3277 
[eval] step 183 tokens 6.0M val_ppl 302.296 train_loss 5.901 
step 200/610 loss 5.7069 tok/s 91664
[eval] step 244 tokens 8.0M val_ppl 240.457 train_loss 5.6504 
step 300/610 loss 5.3747 tok/s 91542
[eval] step 305 tokens 10.0M val_ppl 200.354 train_loss 5.4388 
[eval] step 366 tokens 12.0M val_ppl 176.761 train_loss 5.2953 
step 400/610 loss 5.1869 tok/s 91626
[eval] step 427 tokens 14.0M val_ppl 160.584 train_loss 5.1847 
[eval] step 488 tokens 16.0M val_ppl 150.212 train_loss 5.095 
step 500/610 loss 5.0250 tok/s 91439
[eval] step 549 tokens 18.0M val_ppl 143.438 train_loss 5.0479 
step 600/610 loss 5.0130 tok/s 91503
[eval] step 610 tokens 20.0M val_ppl 138.920 train_loss 5.0126 
{
 "val_loss": 4.933899395479804,
 "val_ppl": 138.92016220363274,
 "val_word_ppl": 272.8075964694958,
 "test_loss": 4.947650845115601,
 "test_ppl": 140.84371129961872,
 "test_word_ppl": 301.986517051054,
 "train_tok_s_mean": 91521.83827117545,
 "train_tok_s_median": 91541.50918194222,
 "peak_train_vram_gib": 7.892161846160889,
 "weights_gib_fp32": 0.15109777450561523,
 "decode_b1_tok_s": 213.32774521308102,
 "decode_peak_vram_gib": 1.1627626419067383,
 "prefill_tok_s": 383125.2663505145,
 "prefill_peak_vram_gib": 2.7463808059692383
}
