{"model_name": "B-1M-sparse", "params": {"total": 444895872, "embedding": 19316736, "non_embedding": 425579136, "memory_values": 402653184, "dense_body": 22925952, "active_non_embedding_per_token": 23073408, "bn_running_stats": 6144}, "seeds": {"init_seed": 0, "data_seed": 1234}}
steps=91 warmup=5 eval_every=92 accum=8
[eval] step 0 tokens 0.0M val_ppl 52647.022 train_loss  usage 1.000 kl 0.561
[eval] step 91 tokens 3.0M val_ppl 1168.633 train_loss 7.6952 usage 0.131 kl 5.129
{
 "val_loss": 7.063589867740125,
 "val_ppl": 1168.6328820850947,
 "val_word_ppl": 39393.497106007526,
 "val2_dataset": "wikitext103",
 "val2_loss": 7.857013122793443,
 "val2_ppl": 2583.7913708129104,
 "val2_word_ppl": 7568.1891215091855,
 "train_tok_s_mean": 78301.49698512506,
 "train_tok_s_median": 77136.62966042769,
 "peak_train_vram_gib": 11.645898818969727,
 "weights_gib_fp32": 1.6573662757873535,
 "decode_b1_tok_s": 185.16363728412162,
 "decode_peak_vram_gib": 2.3071365356445312,
 "prefill_tok_s": 737749.0993184389,
 "prefill_peak_vram_gib": 3.8907546997070312,
 "mem_val": {
  "usage": 0.13092708587646484,
  "kl": 5.129075484139145,
  "top1pct_share": 0.9530590802374963,
  "eff_entries_per_head": 30.16037850063332,
  "top1_weight": 0.0743040073451825
 },
 "mem_val_per_layer": [
  {
   "usage": 0.044762611389160156,
   "kl": 6.059735134753679,
   "top1pct_share": 0.9932020396271182,
   "eff_entries_per_head": 30.267806875481593,
   "top1_weight": 0.07051564521666243
  },
  {
   "usage": 0.050408363342285156,
   "kl": 6.333096250674491,
   "top1pct_share": 0.9947941532446906,
   "eff_entries_per_head": 30.166539082357527,
   "top1_weight": 0.07132015452974813
  },
  {
   "usage": 0.04177284240722656,
   "kl": 6.276870487778107,
   "top1pct_share": 0.9961980257110974,
   "eff_entries_per_head": 30.046789544060843,
   "top1_weight": 0.08107622228913695
  }
 ],
 "mem_train_usage_total": 1.0,
 "mem_score_scale_per_head": [
  1.0,
  1.0,
  1.0,
  1.0
 ],
 "mem_score_scale_per_layer_head": [
  [
   1.0,
   1.0,
   1.0,
   1.0
  ],
  [
   1.0,
   1.0,
   1.0,
   1.0
  ],
  [
   1.0,
   1.0,
   1.0,
   1.0
  ]
 ],
 "mem_key_norm_mean": 0.407210111618042
}
