{"model_name": "D-400M", "params": {"total": 460934400, "embedding": 64389120, "non_embedding": 396545280, "memory_values": 0, "dense_body": 396545280, "active_non_embedding_per_token": 396545280, "bn_running_stats": 0}, "seeds": {"init_seed": 0, "data_seed": 1234}}
steps=91 warmup=5 eval_every=92 accum=8
[eval] step 0 tokens 0.0M val_ppl 61805.667 train_loss  
[eval] step 91 tokens 3.0M val_ppl 1318.030 train_loss 7.7296 
{
 "val_loss": 7.1838932583887845,
 "val_ppl": 1318.0297124390129,
 "val_word_ppl": 47172.774272103125,
 "val2_dataset": "wikitext103",
 "val2_loss": 7.961159041809266,
 "val2_ppl": 2867.3944573128365,
 "val2_word_ppl": 8519.392204326274,
 "train_tok_s_mean": 72863.67282435451,
 "train_tok_s_median": 71840.68386762937,
 "peak_train_vram_gib": 15.256433010101318,
 "weights_gib_fp32": 1.7171144485473633,
 "decode_b1_tok_s": 154.92598667801147,
 "decode_peak_vram_gib": 3.1514925956726074,
 "prefill_tok_s": 497531.23506682523,
 "prefill_peak_vram_gib": 4.880238056182861
}
