{"model_name": "A", "params": {"total": 40560000, "embedding": 19316736, "non_embedding": 21243264, "memory_values": 0, "dense_body": 21243264, "active_non_embedding_per_token": 21243264, "bn_running_stats": 0}, "seeds": {"init_seed": 0, "data_seed": 1234}}
steps=3600 warmup=180 eval_every=122 accum=4
[eval] step 0 tokens 0.0M val_ppl 53567.070 train_loss  
step 100/3600 loss 6.6883 tok/s 92130
[eval] step 122 tokens 4.0M val_ppl 560.150 train_loss 8.0877 
step 200/3600 loss 5.8503 tok/s 91759
[eval] step 244 tokens 8.0M val_ppl 258.803 train_loss 5.9435 
step 300/3600 loss 5.4089 tok/s 92003
[eval] step 366 tokens 12.0M val_ppl 172.776 train_loss 5.39 
step 400/3600 loss 5.1447 tok/s 91922
[eval] step 488 tokens 16.0M val_ppl 134.265 train_loss 5.0743 
step 500/3600 loss 4.9086 tok/s 91862
step 600/3600 loss 4.8164 tok/s 91840
[eval] step 610 tokens 20.0M val_ppl 111.423 train_loss 4.8685 
step 700/3600 loss 4.6796 tok/s 91808
[eval] step 732 tokens 24.0M val_ppl 97.037 train_loss 4.7058 
step 800/3600 loss 4.5846 tok/s 91766
[eval] step 854 tokens 28.0M val_ppl 85.525 train_loss 4.5861 
step 900/3600 loss 4.4951 tok/s 91734
[eval] step 976 tokens 32.0M val_ppl 77.441 train_loss 4.4639 
step 1000/3600 loss 4.4097 tok/s 91768
[eval] step 1098 tokens 36.0M val_ppl 70.534 train_loss 4.3655 
step 1100/3600 loss 4.2952 tok/s 91145
step 1200/3600 loss 4.3197 tok/s 91728
[eval] step 1220 tokens 40.0M val_ppl 64.394 train_loss 4.2847 
step 1300/3600 loss 4.1571 tok/s 91730
[eval] step 1342 tokens 44.0M val_ppl 58.923 train_loss 4.1833 
step 1400/3600 loss 4.0974 tok/s 91714
[eval] step 1464 tokens 48.0M val_ppl 55.652 train_loss 4.1055 
step 1500/3600 loss 4.0871 tok/s 91721
[eval] step 1586 tokens 52.0M val_ppl 52.349 train_loss 4.0529 
step 1600/3600 loss 4.0462 tok/s 91732
step 1700/3600 loss 3.9659 tok/s 91725
[eval] step 1708 tokens 56.0M val_ppl 49.616 train_loss 3.9828 
step 1800/3600 loss 3.9448 tok/s 91736
[eval] step 1830 tokens 60.0M val_ppl 47.543 train_loss 3.9512 
step 1900/3600 loss 3.9187 tok/s 91702
[eval] step 1952 tokens 64.0M val_ppl 46.011 train_loss 3.9077 
step 2000/3600 loss 3.8897 tok/s 91675
[eval] step 2074 tokens 68.0M val_ppl 44.281 train_loss 3.8754 
step 2100/3600 loss 3.8494 tok/s 91681
[eval] step 2196 tokens 72.0M val_ppl 42.926 train_loss 3.835 
step 2200/3600 loss 3.8494 tok/s 91487
step 2300/3600 loss 3.7875 tok/s 91679
[eval] step 2318 tokens 76.0M val_ppl 41.670 train_loss 3.7999 
step 2400/3600 loss 3.7557 tok/s 91667
[eval] step 2440 tokens 80.0M val_ppl 40.540 train_loss 3.7674 
step 2500/3600 loss 3.7477 tok/s 91710
[eval] step 2562 tokens 84.0M val_ppl 39.573 train_loss 3.7576 
step 2600/3600 loss 3.7236 tok/s 91695
[eval] step 2684 tokens 87.9M val_ppl 38.636 train_loss 3.7211 
step 2700/3600 loss 3.7087 tok/s 91708
step 2800/3600 loss 3.6625 tok/s 91639
[eval] step 2806 tokens 91.9M val_ppl 37.911 train_loss 3.7003 
step 2900/3600 loss 3.7049 tok/s 91653
[eval] step 2928 tokens 95.9M val_ppl 37.374 train_loss 3.6798 
step 3000/3600 loss 3.6831 tok/s 91653
[eval] step 3050 tokens 99.9M val_ppl 36.762 train_loss 3.6748 
step 3100/3600 loss 3.6413 tok/s 91631
[eval] step 3172 tokens 103.9M val_ppl 36.340 train_loss 3.6534 
step 3200/3600 loss 3.6706 tok/s 91662
[eval] step 3294 tokens 107.9M val_ppl 35.925 train_loss 3.6488 
step 3300/3600 loss 3.6280 tok/s 91622
step 3400/3600 loss 3.6470 tok/s 91686
[eval] step 3416 tokens 111.9M val_ppl 35.602 train_loss 3.64 
step 3500/3600 loss 3.6355 tok/s 91701
[eval] step 3538 tokens 115.9M val_ppl 35.378 train_loss 3.6318 
step 3600/3600 loss 3.6654 tok/s 91668
[eval] step 3600 tokens 118.0M val_ppl 35.255 train_loss 3.6272 
{
 "val_loss": 3.5626123260410223,
 "val_ppl": 35.25517496641667,
 "val_word_ppl": 57.39244429213423,
 "test_loss": 3.562313484714705,
 "test_ppl": 35.24464083726511,
 "test_word_ppl": 61.03704256096579,
 "train_tok_s_mean": 91721.73966023534,
 "train_tok_s_median": 91705.4643719891,
 "peak_train_vram_gib": 7.892161846160889,
 "weights_gib_fp32": 0.15109777450561523,
 "decode_b1_tok_s": 216.5844170422177,
 "decode_peak_vram_gib": 1.1627626419067383,
 "prefill_tok_s": 383406.8839292945,
 "prefill_peak_vram_gib": 2.7463808059692383
}
