{"model_name": "D-100M", "params": {"total": 137746176, "embedding": 38633472, "non_embedding": 99112704, "memory_values": 0, "dense_body": 99112704, "active_non_embedding_per_token": 99112704, "bn_running_stats": 0}, "seeds": {"init_seed": 0, "data_seed": 1234}}
steps=91 warmup=5 eval_every=92 accum=4
[eval] step 0 tokens 0.0M val_ppl 56758.302 train_loss  
[eval] step 91 tokens 3.0M val_ppl 1108.834 train_loss 7.5581 
{
 "val_loss": 7.011064432744975,
 "val_ppl": 1108.8341563442707,
 "val_word_ppl": 36412.67474055353,
 "val2_dataset": "wikitext103",
 "val2_loss": 7.855042044651644,
 "val2_ppl": 2578.70353203009,
 "val2_word_ppl": 7551.250173245214,
 "train_tok_s_mean": 207314.71236163075,
 "train_tok_s_median": 208334.2769642293,
 "peak_train_vram_gib": 11.675775051116943,
 "weights_gib_fp32": 0.5131444931030273,
 "decode_b1_tok_s": 191.62017629427473,
 "decode_peak_vram_gib": 1.6266770362854004,
 "prefill_tok_s": 843816.7718079769,
 "prefill_peak_vram_gib": 3.2713608741760254
}
