{"model_name": "B-16M-sparse", "params": {"total": 6494130816, "embedding": 19316736, "non_embedding": 6474814080, "memory_values": 6442450944, "dense_body": 32363136, "active_non_embedding_per_token": 32510592, "bn_running_stats": 6144}, "seeds": {"init_seed": 0, "data_seed": 1234}}
steps=15258 warmup=763 eval_every=305 accum=8
[eval] step 0 tokens 0.0M val_ppl 53278.118 train_loss  usage 0.966 kl 1.241
step 100/15258 loss 8.7148 tok/s 53824
step 200/15258 loss 6.9628 tok/s 53040
step 300/15258 loss 6.2867 tok/s 52775
[eval] step 305 tokens 10.0M val_ppl 514.408 train_loss 7.9352 usage 0.654 kl 3.737
step 400/15258 loss 5.8823 tok/s 51654
step 500/15258 loss 5.5673 tok/s 53410
step 600/15258 loss 5.2814 tok/s 53244
[eval] step 610 tokens 20.0M val_ppl 205.613 train_loss 5.6803 usage 0.599 kl 3.179
step 700/15258 loss 5.1120 tok/s 50507
step 800/15258 loss 4.9250 tok/s 51386
step 900/15258 loss 4.7546 tok/s 60405
[eval] step 915 tokens 30.0M val_ppl 110.948 train_loss 4.9831 usage 0.595 kl 2.846
step 1000/15258 loss 4.4888 tok/s 54137
step 1100/15258 loss 4.4043 tok/s 53792
step 1200/15258 loss 4.1896 tok/s 68479
[eval] step 1220 tokens 40.0M val_ppl 72.902 train_loss 4.4262 usage 0.633 kl 2.561
step 1300/15258 loss 4.1928 tok/s 54012
step 1400/15258 loss 4.1170 tok/s 54208
step 1500/15258 loss 4.0078 tok/s 68905
[eval] step 1525 tokens 50.0M val_ppl 58.261 train_loss 4.1166 usage 0.659 kl 2.401
step 1600/15258 loss 4.0083 tok/s 50262
step 1700/15258 loss 3.9963 tok/s 47972
step 1800/15258 loss 3.9299 tok/s 65506
[eval] step 1830 tokens 60.0M val_ppl 50.391 train_loss 3.9398 usage 0.689 kl 2.255
step 1900/15258 loss 3.8207 tok/s 52150
step 2000/15258 loss 3.7798 tok/s 52321
step 2100/15258 loss 3.7379 tok/s 68392
[eval] step 2135 tokens 70.0M val_ppl 45.502 train_loss 3.8082 usage 0.709 kl 2.153
step 2200/15258 loss 3.7348 tok/s 53276
step 2300/15258 loss 3.6960 tok/s 51722
step 2400/15258 loss 3.6877 tok/s 68047
[eval] step 2440 tokens 80.0M val_ppl 41.934 train_loss 3.7202 usage 0.727 kl 2.068
step 2500/15258 loss 3.6898 tok/s 53750
step 2600/15258 loss 3.6120 tok/s 50836
step 2700/15258 loss 3.6288 tok/s 68042
[eval] step 2745 tokens 89.9M val_ppl 39.477 train_loss 3.6542 usage 0.747 kl 2.009
step 2800/15258 loss 3.5942 tok/s 52256
step 2900/15258 loss 3.5292 tok/s 48740
step 3000/15258 loss 3.5780 tok/s 65721
[eval] step 3050 tokens 99.9M val_ppl 37.360 train_loss 3.5804 usage 0.763 kl 1.934
step 3100/15258 loss 3.5427 tok/s 51193
step 3200/15258 loss 3.5536 tok/s 50706
step 3300/15258 loss 3.4872 tok/s 66207
[eval] step 3355 tokens 109.9M val_ppl 35.801 train_loss 3.5455 usage 0.773 kl 1.905
step 3400/15258 loss 3.5313 tok/s 51490
step 3500/15258 loss 3.5624 tok/s 54346
step 3600/15258 loss 3.4952 tok/s 67467
[eval] step 3660 tokens 119.9M val_ppl 34.502 train_loss 3.502 usage 0.784 kl 1.872
step 3700/15258 loss 3.4344 tok/s 54143
step 3800/15258 loss 3.5059 tok/s 53298
step 3900/15258 loss 3.4396 tok/s 68514
[eval] step 3965 tokens 129.9M val_ppl 33.166 train_loss 3.4646 usage 0.792 kl 1.831
step 4000/15258 loss 3.4443 tok/s 55426
step 4100/15258 loss 3.4152 tok/s 54796
step 4200/15258 loss 3.3866 tok/s 65494
[eval] step 4270 tokens 139.9M val_ppl 32.138 train_loss 3.4486 usage 0.806 kl 1.770
step 4300/15258 loss 3.4002 tok/s 54026
step 4400/15258 loss 3.3862 tok/s 52580
step 4500/15258 loss 3.3569 tok/s 71352
[eval] step 4575 tokens 149.9M val_ppl 31.289 train_loss 3.3978 usage 0.816 kl 1.745
step 4600/15258 loss 3.3525 tok/s 53574
step 4700/15258 loss 3.4241 tok/s 53600
step 4800/15258 loss 3.3752 tok/s 57235
[eval] step 4880 tokens 159.9M val_ppl 30.486 train_loss 3.3739 usage 0.820 kl 1.736
step 4900/15258 loss 3.2960 tok/s 62731
step 5000/15258 loss 3.3024 tok/s 55568
step 5100/15258 loss 3.3210 tok/s 54292
[eval] step 5185 tokens 169.9M val_ppl 29.684 train_loss 3.3304 usage 0.826 kl 1.708
step 5200/15258 loss 3.3775 tok/s 51398
step 5300/15258 loss 3.3295 tok/s 58545
step 5400/15258 loss 3.2884 tok/s 59274
[eval] step 5490 tokens 179.9M val_ppl 29.111 train_loss 3.3226 usage 0.833 kl 1.689
step 5500/15258 loss 3.2756 tok/s 53388
step 5600/15258 loss 3.2707 tok/s 50615
step 5700/15258 loss 3.3607 tok/s 64828
[eval] step 5795 tokens 189.9M val_ppl 28.441 train_loss 3.302 usage 0.839 kl 1.661
step 5800/15258 loss 3.3303 tok/s 49879
step 5900/15258 loss 3.2605 tok/s 54408
step 6000/15258 loss 3.2274 tok/s 66454
step 6100/15258 loss 3.2447 tok/s 53433
[eval] step 6100 tokens 199.9M val_ppl 27.781 train_loss 3.2798 usage 0.844 kl 1.649
step 6200/15258 loss 3.2641 tok/s 53420
step 6300/15258 loss 3.2674 tok/s 66954
step 6400/15258 loss 3.3166 tok/s 51169
[eval] step 6405 tokens 209.9M val_ppl 27.370 train_loss 3.2614 usage 0.849 kl 1.627
step 6500/15258 loss 3.1678 tok/s 50044
step 6600/15258 loss 3.2274 tok/s 67018
step 6700/15258 loss 3.2275 tok/s 53374
[eval] step 6710 tokens 219.9M val_ppl 26.808 train_loss 3.2497 usage 0.854 kl 1.610
step 6800/15258 loss 3.2053 tok/s 52119
step 6900/15258 loss 3.2263 tok/s 86738
step 7000/15258 loss 3.1895 tok/s 52943
[eval] step 7015 tokens 229.9M val_ppl 26.324 train_loss 3.2204 usage 0.860 kl 1.587
step 7100/15258 loss 3.1492 tok/s 53881
step 7200/15258 loss 3.2316 tok/s 73183
step 7300/15258 loss 3.2161 tok/s 51298
[eval] step 7320 tokens 239.9M val_ppl 25.929 train_loss 3.1827 usage 0.863 kl 1.571
step 7400/15258 loss 3.2117 tok/s 58083
step 7500/15258 loss 3.1036 tok/s 66664
step 7600/15258 loss 3.2106 tok/s 54467
[eval] step 7625 tokens 249.9M val_ppl 25.447 train_loss 3.1806 usage 0.866 kl 1.557
step 7700/15258 loss 3.1716 tok/s 55598
step 7800/15258 loss 3.1833 tok/s 70078
step 7900/15258 loss 3.1736 tok/s 53980
[eval] step 7930 tokens 259.9M val_ppl 25.102 train_loss 3.1671 usage 0.870 kl 1.538
step 8000/15258 loss 3.1914 tok/s 49014
step 8100/15258 loss 3.1478 tok/s 65593
step 8200/15258 loss 3.2112 tok/s 53885
[eval] step 8235 tokens 269.8M val_ppl 24.639 train_loss 3.144 usage 0.874 kl 1.537
step 8300/15258 loss 3.1812 tok/s 53617
step 8400/15258 loss 3.1310 tok/s 68114
step 8500/15258 loss 3.1212 tok/s 53759
[eval] step 8540 tokens 279.8M val_ppl 24.318 train_loss 3.1283 usage 0.876 kl 1.522
step 8600/15258 loss 3.1247 tok/s 52067
step 8700/15258 loss 3.1034 tok/s 68397
step 8800/15258 loss 3.1011 tok/s 50459
[eval] step 8845 tokens 289.8M val_ppl 23.925 train_loss 3.1167 usage 0.881 kl 1.494
step 8900/15258 loss 3.0772 tok/s 55108
step 9000/15258 loss 3.0940 tok/s 66951
step 9100/15258 loss 3.1507 tok/s 52745
[eval] step 9150 tokens 299.8M val_ppl 23.646 train_loss 3.0978 usage 0.885 kl 1.488
step 9200/15258 loss 3.1682 tok/s 48810
step 9300/15258 loss 3.1110 tok/s 59409
step 9400/15258 loss 3.0735 tok/s 51871
[eval] step 9455 tokens 309.8M val_ppl 23.298 train_loss 3.099 usage 0.885 kl 1.479
step 9500/15258 loss 3.0857 tok/s 53755
step 9600/15258 loss 3.1090 tok/s 53135
step 9700/15258 loss 3.0832 tok/s 53615
[eval] step 9760 tokens 319.8M val_ppl 23.003 train_loss 3.0812 usage 0.888 kl 1.473
step 9800/15258 loss 3.0006 tok/s 51867
step 9900/15258 loss 3.0907 tok/s 59602
step 10000/15258 loss 3.0639 tok/s 51508
[eval] step 10065 tokens 329.8M val_ppl 22.727 train_loss 3.0707 usage 0.890 kl 1.459
step 10100/15258 loss 3.0836 tok/s 55425
step 10200/15258 loss 3.0228 tok/s 57681
step 10300/15258 loss 3.0334 tok/s 55880
[eval] step 10370 tokens 339.8M val_ppl 22.429 train_loss 3.0594 usage 0.892 kl 1.450
step 10400/15258 loss 3.0854 tok/s 55512
step 10500/15258 loss 3.0006 tok/s 57263
step 10600/15258 loss 3.0226 tok/s 54779
[eval] step 10675 tokens 349.8M val_ppl 22.192 train_loss 3.0404 usage 0.894 kl 1.439
step 10700/15258 loss 3.0147 tok/s 55195
step 10800/15258 loss 3.0565 tok/s 52939
step 10900/15258 loss 3.0627 tok/s 66810
[eval] step 10980 tokens 359.8M val_ppl 21.918 train_loss 3.037 usage 0.896 kl 1.424
step 11000/15258 loss 3.0495 tok/s 77716
step 11100/15258 loss 3.0184 tok/s 72206
step 11200/15258 loss 3.0385 tok/s 67648
[eval] step 11285 tokens 369.8M val_ppl 21.687 train_loss 3.0272 usage 0.898 kl 1.418
step 11300/15258 loss 3.0093 tok/s 65305
step 11400/15258 loss 3.0021 tok/s 52607
step 11500/15258 loss 2.9847 tok/s 52940
[eval] step 11590 tokens 379.8M val_ppl 21.476 train_loss 3.007 usage 0.900 kl 1.413
step 11600/15258 loss 2.9698 tok/s 65793
step 11700/15258 loss 3.0058 tok/s 50256
step 11800/15258 loss 3.0154 tok/s 50587
[eval] step 11895 tokens 389.8M val_ppl 21.275 train_loss 2.9999 usage 0.902 kl 1.406
step 11900/15258 loss 2.9487 tok/s 69316
step 12000/15258 loss 3.0524 tok/s 49949
step 12100/15258 loss 2.9814 tok/s 49682
step 12200/15258 loss 3.0260 tok/s 48651
[eval] step 12200 tokens 399.8M val_ppl 21.092 train_loss 2.9855 usage 0.903 kl 1.400
step 12300/15258 loss 2.9349 tok/s 50434
step 12400/15258 loss 2.9244 tok/s 47752
step 12500/15258 loss 2.9927 tok/s 48888
[eval] step 12505 tokens 409.8M val_ppl 20.924 train_loss 2.9919 usage 0.905 kl 1.388
step 12600/15258 loss 2.9482 tok/s 50640
step 12700/15258 loss 2.9330 tok/s 47873
step 12800/15258 loss 2.9448 tok/s 51264
[eval] step 12810 tokens 419.8M val_ppl 20.778 train_loss 2.9711 usage 0.906 kl 1.387
step 12900/15258 loss 2.9624 tok/s 48751
step 13000/15258 loss 2.8687 tok/s 51297
step 13100/15258 loss 3.0258 tok/s 51116
[eval] step 13115 tokens 429.8M val_ppl 20.643 train_loss 2.9716 usage 0.907 kl 1.380
step 13200/15258 loss 2.9866 tok/s 49150
step 13300/15258 loss 2.9393 tok/s 52291
step 13400/15258 loss 2.9124 tok/s 50892
[eval] step 13420 tokens 439.7M val_ppl 20.497 train_loss 2.9632 usage 0.908 kl 1.372
step 13500/15258 loss 2.9645 tok/s 49318
step 13600/15258 loss 2.9587 tok/s 52091
step 13700/15258 loss 2.8761 tok/s 50024
[eval] step 13725 tokens 449.7M val_ppl 20.388 train_loss 2.9468 usage 0.907 kl 1.388
step 13800/15258 loss 2.8839 tok/s 48979
step 13900/15258 loss 2.9238 tok/s 51474
step 14000/15258 loss 2.9056 tok/s 53775
[eval] step 14030 tokens 459.7M val_ppl 20.292 train_loss 2.9601 usage 0.910 kl 1.364
step 14100/15258 loss 2.9553 tok/s 52220
step 14200/15258 loss 2.9929 tok/s 49126
step 14300/15258 loss 2.9492 tok/s 51180
[eval] step 14335 tokens 469.7M val_ppl 20.184 train_loss 2.9472 usage 0.911 kl 1.362
step 14400/15258 loss 2.9390 tok/s 49605
step 14500/15258 loss 2.9330 tok/s 53064
step 14600/15258 loss 2.9376 tok/s 51146
[eval] step 14640 tokens 479.7M val_ppl 20.109 train_loss 2.9443 usage 0.911 kl 1.357
step 14700/15258 loss 3.0105 tok/s 48000
step 14800/15258 loss 2.9665 tok/s 48826
step 14900/15258 loss 2.9273 tok/s 51170
[eval] step 14945 tokens 489.7M val_ppl 20.039 train_loss 2.9326 usage 0.912 kl 1.356
step 15000/15258 loss 2.9345 tok/s 51976
step 15100/15258 loss 2.9483 tok/s 52854
step 15200/15258 loss 2.9654 tok/s 51585
[eval] step 15250 tokens 499.7M val_ppl 19.957 train_loss 2.9407 usage 0.912 kl 1.352
[eval] step 15258 tokens 500.0M val_ppl 19.960 train_loss 2.9159 usage 0.913 kl 1.350
{
 "val_loss": 2.993728694072289,
 "val_ppl": 19.959968526876676,
 "val_word_ppl": 88.64567935611342,
 "val2_dataset": "wikitext103",
 "val2_loss": 4.093892884076376,
 "val2_ppl": 59.97290543072956,
 "val2_word_ppl": 104.9897475246702,
 "train_tok_s_mean": 54438.69746482251,
 "train_tok_s_median": 52683.97599118528,
 "peak_train_vram_gib": 100.91404438018799,
 "weights_gib_fp32": 24.192522525787354,
 "decode_b1_tok_s": 131.40804209076,
 "decode_peak_vram_gib": 25.112954139709473,
 "prefill_tok_s": 282460.3430067592,
 "prefill_peak_vram_gib": 27.258919715881348,
 "mem_val": {
  "usage": 0.9125260710716248,
  "kl": 1.3498459958298383,
  "top1pct_share": 0.23434821093852307,
  "eff_entries_per_head": 29.863656617444107,
  "top1_weight": 0.07696137639497065
 },
 "mem_val_per_layer": [
  {
   "usage": 0.3973603844642639,
   "kl": 2.7952978845959144,
   "top1pct_share": 0.46652589897534313,
   "eff_entries_per_head": 30.054149097510106,
   "top1_weight": 0.07472204104160673
  },
  {
   "usage": 0.6351526379585266,
   "kl": 1.7120371733238429,
   "top1pct_share": 0.2666347384432978,
   "eff_entries_per_head": 29.933703122691536,
   "top1_weight": 0.07566511424750617
  },
  {
   "usage": 0.5313474535942078,
   "kl": 2.1411630068305936,
   "top1pct_share": 0.32809250251346184,
   "eff_entries_per_head": 29.603117632130683,
   "top1_weight": 0.08049697389579906
  }
 ],
 "mem_train_usage_total": 1.0,
 "mem_score_scale_per_head": [
  1.0,
  1.0,
  1.0,
  1.0
 ],
 "mem_score_scale_per_layer_head": [
  [
   1.0,
   1.0,
   1.0,
   1.0
  ],
  [
   1.0,
   1.0,
   1.0,
   1.0
  ],
  [
   1.0,
   1.0,
   1.0,
   1.0
  ]
 ],
 "mem_key_norm_mean": 0.4340760111808777
}
