{"model_name": "A", "params": {"total": 40560000, "embedding": 19316736, "non_embedding": 21243264, "memory_values": 0, "dense_body": 21243264, "active_non_embedding_per_token": 21243264, "bn_running_stats": 0}, "seeds": {"init_seed": 1, "data_seed": 1234}}
steps=10800 warmup=540 eval_every=244 accum=4
[eval] step 0 tokens 0.0M val_ppl 54370.761 train_loss  
step 100/10800 loss 7.9744 tok/s 92039
step 200/10800 loss 6.3490 tok/s 92025
[eval] step 244 tokens 8.0M val_ppl 415.251 train_loss 7.7536 
step 300/10800 loss 5.8293 tok/s 92036
step 400/10800 loss 5.4760 tok/s 91931
[eval] step 488 tokens 16.0M val_ppl 175.086 train_loss 5.5908 
step 500/10800 loss 5.1664 tok/s 91938
step 600/10800 loss 5.0175 tok/s 91751
step 700/10800 loss 4.8300 tok/s 91607
[eval] step 732 tokens 24.0M val_ppl 112.137 train_loss 4.9821 
step 800/10800 loss 4.7028 tok/s 91514
step 900/10800 loss 4.5899 tok/s 91609
[eval] step 976 tokens 32.0M val_ppl 83.315 train_loss 4.6316 
step 1000/10800 loss 4.4791 tok/s 91568
step 1100/10800 loss 4.3423 tok/s 91521
step 1200/10800 loss 4.3610 tok/s 91466
[eval] step 1220 tokens 40.0M val_ppl 66.901 train_loss 4.3778 
step 1300/10800 loss 4.1865 tok/s 91557
step 1400/10800 loss 4.1227 tok/s 91532
[eval] step 1464 tokens 48.0M val_ppl 57.174 train_loss 4.1752 
step 1500/10800 loss 4.1091 tok/s 91532
step 1600/10800 loss 4.0709 tok/s 91556
step 1700/10800 loss 3.9908 tok/s 91632
[eval] step 1708 tokens 56.0M val_ppl 50.868 train_loss 4.0422 
step 1800/10800 loss 3.9653 tok/s 91564
step 1900/10800 loss 3.9378 tok/s 91544
[eval] step 1952 tokens 64.0M val_ppl 47.333 train_loss 3.952 
step 2000/10800 loss 3.9142 tok/s 91507
step 2100/10800 loss 3.8697 tok/s 91526
[eval] step 2196 tokens 72.0M val_ppl 43.871 train_loss 3.8767 
step 2200/10800 loss 3.8741 tok/s 91289
step 2300/10800 loss 3.8107 tok/s 91527
step 2400/10800 loss 3.7765 tok/s 91475
[eval] step 2440 tokens 80.0M val_ppl 41.600 train_loss 3.8067 
step 2500/10800 loss 3.7718 tok/s 91467
step 2600/10800 loss 3.7462 tok/s 91534
[eval] step 2684 tokens 87.9M val_ppl 39.539 train_loss 3.7613 
step 2700/10800 loss 3.7284 tok/s 91504
step 2800/10800 loss 3.6823 tok/s 91532
step 2900/10800 loss 3.7260 tok/s 91578
[eval] step 2928 tokens 95.9M val_ppl 38.072 train_loss 3.7088 
step 3000/10800 loss 3.6965 tok/s 91488
step 3100/10800 loss 3.6528 tok/s 91528
[eval] step 3172 tokens 103.9M val_ppl 36.612 train_loss 3.6763 
step 3200/10800 loss 3.6794 tok/s 91377
step 3300/10800 loss 3.6304 tok/s 91543
step 3400/10800 loss 3.6435 tok/s 91543
[eval] step 3416 tokens 111.9M val_ppl 35.630 train_loss 3.6469 
step 3500/10800 loss 3.6302 tok/s 91495
step 3600/10800 loss 3.6466 tok/s 91448
[eval] step 3660 tokens 119.9M val_ppl 34.510 train_loss 3.6034 
step 3700/10800 loss 3.5454 tok/s 91443
step 3800/10800 loss 3.5675 tok/s 91549
step 3900/10800 loss 3.5227 tok/s 91479
[eval] step 3904 tokens 127.9M val_ppl 33.891 train_loss 3.5327 
step 4000/10800 loss 3.5234 tok/s 91417
step 4100/10800 loss 3.5027 tok/s 91484
[eval] step 4148 tokens 135.9M val_ppl 33.146 train_loss 3.5301 
step 4200/10800 loss 3.5325 tok/s 91461
step 4300/10800 loss 3.5122 tok/s 91514
[eval] step 4392 tokens 143.9M val_ppl 32.401 train_loss 3.5039 
step 4400/10800 loss 3.5067 tok/s 91368
step 4500/10800 loss 3.4921 tok/s 91421
step 4600/10800 loss 3.4796 tok/s 91514
[eval] step 4636 tokens 151.9M val_ppl 31.677 train_loss 3.497 
step 4700/10800 loss 3.4838 tok/s 91433
step 4800/10800 loss 3.4463 tok/s 91444
[eval] step 4880 tokens 159.9M val_ppl 31.226 train_loss 3.482 
step 4900/10800 loss 3.4984 tok/s 91408
step 5000/10800 loss 3.4609 tok/s 91439
step 5100/10800 loss 3.4569 tok/s 91429
[eval] step 5124 tokens 167.9M val_ppl 30.598 train_loss 3.4581 
step 5200/10800 loss 3.4718 tok/s 91403
step 5300/10800 loss 3.4594 tok/s 91435
[eval] step 5368 tokens 175.9M val_ppl 30.205 train_loss 3.4573 
step 5400/10800 loss 3.4268 tok/s 91472
step 5500/10800 loss 3.4317 tok/s 91472
step 5600/10800 loss 3.4022 tok/s 91487
[eval] step 5612 tokens 183.9M val_ppl 29.802 train_loss 3.4252 
step 5700/10800 loss 3.4338 tok/s 91411
step 5800/10800 loss 3.3996 tok/s 91414
[eval] step 5856 tokens 191.9M val_ppl 29.251 train_loss 3.4195 
step 5900/10800 loss 3.3887 tok/s 91487
step 6000/10800 loss 3.3636 tok/s 91429
step 6100/10800 loss 3.4245 tok/s 91441
[eval] step 6100 tokens 199.9M val_ppl 28.786 train_loss 3.399 
step 6200/10800 loss 3.4008 tok/s 91454
step 6300/10800 loss 3.3291 tok/s 91432
[eval] step 6344 tokens 207.9M val_ppl 28.353 train_loss 3.3857 
step 6400/10800 loss 3.3381 tok/s 91509
step 6500/10800 loss 3.3369 tok/s 91444
[eval] step 6588 tokens 215.9M val_ppl 28.051 train_loss 3.3828 
step 6600/10800 loss 3.3703 tok/s 91507
step 6700/10800 loss 3.3841 tok/s 91459
step 6800/10800 loss 3.3613 tok/s 91481
[eval] step 6832 tokens 223.9M val_ppl 27.613 train_loss 3.3586 
step 6900/10800 loss 3.3337 tok/s 91495
step 7000/10800 loss 3.3344 tok/s 91467
[eval] step 7076 tokens 231.9M val_ppl 27.304 train_loss 3.3518 
step 7100/10800 loss 3.3292 tok/s 91502
step 7200/10800 loss 3.3530 tok/s 91460
step 7300/10800 loss 3.2427 tok/s 91435
[eval] step 7320 tokens 239.9M val_ppl 27.067 train_loss 3.2903 
step 7400/10800 loss 3.2344 tok/s 91379
step 7500/10800 loss 3.2453 tok/s 91431
[eval] step 7564 tokens 247.9M val_ppl 26.858 train_loss 3.2447 
step 7600/10800 loss 3.2144 tok/s 91431
step 7700/10800 loss 3.2580 tok/s 91496
step 7800/10800 loss 3.2296 tok/s 91531
[eval] step 7808 tokens 255.9M val_ppl 26.589 train_loss 3.2403 
step 7900/10800 loss 3.2146 tok/s 91426
step 8000/10800 loss 3.2365 tok/s 91483
[eval] step 8052 tokens 263.8M val_ppl 26.366 train_loss 3.2401 
step 8100/10800 loss 3.2298 tok/s 91441
step 8200/10800 loss 3.2176 tok/s 91470
[eval] step 8296 tokens 271.8M val_ppl 26.127 train_loss 3.233 
step 8300/10800 loss 3.2445 tok/s 91302
step 8400/10800 loss 3.1919 tok/s 91517
step 8500/10800 loss 3.1873 tok/s 91461
[eval] step 8540 tokens 279.8M val_ppl 25.889 train_loss 3.2222 
step 8600/10800 loss 3.2655 tok/s 91473
step 8700/10800 loss 3.1838 tok/s 91410
[eval] step 8784 tokens 287.8M val_ppl 25.667 train_loss 3.227 
step 8800/10800 loss 3.2441 tok/s 91474
step 8900/10800 loss 3.1929 tok/s 91427
step 9000/10800 loss 3.2116 tok/s 91402
[eval] step 9028 tokens 295.8M val_ppl 25.472 train_loss 3.2184 
step 9100/10800 loss 3.1953 tok/s 91449
step 9200/10800 loss 3.1770 tok/s 91438
[eval] step 9272 tokens 303.8M val_ppl 25.362 train_loss 3.2007 
step 9300/10800 loss 3.2540 tok/s 91531
step 9400/10800 loss 3.2052 tok/s 91416
step 9500/10800 loss 3.1932 tok/s 91421
[eval] step 9516 tokens 311.8M val_ppl 25.205 train_loss 3.2086 
step 9600/10800 loss 3.2024 tok/s 91511
step 9700/10800 loss 3.2109 tok/s 91451
[eval] step 9760 tokens 319.8M val_ppl 25.033 train_loss 3.2033 
step 9800/10800 loss 3.2133 tok/s 91507
step 9900/10800 loss 3.2207 tok/s 91520
step 10000/10800 loss 3.2484 tok/s 91474
[eval] step 10004 tokens 327.8M val_ppl 24.933 train_loss 3.2051 
step 10100/10800 loss 3.1711 tok/s 91480
step 10200/10800 loss 3.2063 tok/s 91472
[eval] step 10248 tokens 335.8M val_ppl 24.792 train_loss 3.1943 
step 10300/10800 loss 3.1677 tok/s 91457
step 10400/10800 loss 3.1813 tok/s 91421
[eval] step 10492 tokens 343.8M val_ppl 24.760 train_loss 3.1935 
step 10500/10800 loss 3.1744 tok/s 91316
step 10600/10800 loss 3.1635 tok/s 91505
step 10700/10800 loss 3.2064 tok/s 91419
[eval] step 10736 tokens 351.8M val_ppl 24.664 train_loss 3.1935 
step 10800/10800 loss 3.2322 tok/s 91394
[eval] step 10800 tokens 353.9M val_ppl 24.650 train_loss 3.1895 
{
 "val_loss": 3.2047612817487803,
 "val_ppl": 24.64961500106761,
 "val_word_ppl": 38.210644437783365,
 "test_loss": 3.21227679083341,
 "test_ppl": 24.8355672943563,
 "test_word_ppl": 40.75108504095272,
 "train_tok_s_mean": 91496.77043205815,
 "train_tok_s_median": 91477.53348968842,
 "peak_train_vram_gib": 7.892161846160889,
 "weights_gib_fp32": 0.15109777450561523,
 "decode_b1_tok_s": 217.4383477331175,
 "decode_peak_vram_gib": 1.1627626419067383,
 "prefill_tok_s": 384725.346135829,
 "prefill_peak_vram_gib": 2.7463808059692383
}
