{"model_name": "D-50M", "params": {"total": 81769600, "embedding": 32194560, "non_embedding": 49575040, "memory_values": 0, "dense_body": 49575040, "active_non_embedding_per_token": 49575040, "bn_running_stats": 0}, "seeds": {"init_seed": 0, "data_seed": 1234}}
steps=91 warmup=5 eval_every=92 accum=4
[eval] step 0 tokens 0.0M val_ppl 55827.481 train_loss  
[eval] step 91 tokens 3.0M val_ppl 1171.000 train_loss 7.6005 
{
 "val_loss": 7.065613139147857,
 "val_ppl": 1170.9997371692427,
 "val_word_ppl": 39513.07553642523,
 "val2_dataset": "wikitext103",
 "val2_loss": 7.861522726242189,
 "val2_ppl": 2595.4695574938974,
 "val2_word_ppl": 7607.086567660275,
 "train_tok_s_mean": 294207.5281037319,
 "train_tok_s_median": 295416.4114383437,
 "peak_train_vram_gib": 9.168670177459717,
 "weights_gib_fp32": 0.30461549758911133,
 "decode_b1_tok_s": 236.82558762533597,
 "decode_peak_vram_gib": 1.3086204528808594,
 "prefill_tok_s": 1355697.9759729581,
 "prefill_peak_vram_gib": 2.9318504333496094
}
