{"model_name": "D-100M", "params": {"total": 137746176, "embedding": 38633472, "non_embedding": 99112704, "memory_values": 0, "dense_body": 99112704, "active_non_embedding_per_token": 99112704, "bn_running_stats": 0}, "seeds": {"init_seed": 0, "data_seed": 1234}}
steps=91 warmup=5 eval_every=92 accum=4
[eval] step 0 tokens 0.0M val_ppl 56758.277 train_loss  
[eval] step 91 tokens 3.0M val_ppl 1108.173 train_loss 7.5588 
{
 "val_loss": 7.010468080851457,
 "val_ppl": 1108.1730981267879,
 "val_word_ppl": 36380.16024172813,
 "val2_dataset": "wikitext103",
 "val2_loss": 7.857600317033104,
 "val2_ppl": 2585.309003751391,
 "val2_word_ppl": 7573.242662706185,
 "train_tok_s_mean": 155963.87000160798,
 "train_tok_s_median": 155897.72110738736,
 "peak_train_vram_gib": 11.761712551116943,
 "weights_gib_fp32": 0.5131444931030273,
 "decode_b1_tok_s": 231.4641403229987,
 "decode_peak_vram_gib": 1.7126145362854004,
 "prefill_tok_s": 1170974.3947121508,
 "prefill_peak_vram_gib": 3.3572983741760254
}
