{"model_name": "E-1M-dense", "params": {"total": 443807616, "embedding": 19316736, "non_embedding": 424490880, "memory_values": 402652416, "dense_body": 21838464, "active_non_embedding_per_token": 21839232, "bn_running_stats": 0}, "seeds": {"init_seed": 0, "data_seed": 1234}}
steps=15258 warmup=763 eval_every=305 accum=8
[eval] step 0 tokens 0.0M val_ppl 53197.672 train_loss  
step 100/15258 loss 8.7163 tok/s 64369
step 200/15258 loss 6.9592 tok/s 64288
step 300/15258 loss 6.2677 tok/s 64264
[eval] step 305 tokens 10.0M val_ppl 507.270 train_loss 7.9283 
step 400/15258 loss 5.8550 tok/s 64239
step 500/15258 loss 5.5311 tok/s 64229
step 600/15258 loss 5.2330 tok/s 64231
[eval] step 610 tokens 20.0M val_ppl 197.514 train_loss 5.6488 
step 700/15258 loss 5.0601 tok/s 64223
step 800/15258 loss 4.8909 tok/s 64215
step 900/15258 loss 4.7854 tok/s 64223
[eval] step 915 tokens 30.0M val_ppl 115.425 train_loss 4.957 
step 1000/15258 loss 4.5488 tok/s 64208
step 1100/15258 loss 4.4703 tok/s 64210
step 1200/15258 loss 4.2264 tok/s 64222
[eval] step 1220 tokens 40.0M val_ppl 76.191 train_loss 4.4805 
step 1300/15258 loss 4.2278 tok/s 64189
step 1400/15258 loss 4.1459 tok/s 64187
step 1500/15258 loss 4.0315 tok/s 64196
[eval] step 1525 tokens 50.0M val_ppl 59.783 train_loss 4.1478 
step 1600/15258 loss 4.0356 tok/s 64203
step 1700/15258 loss 4.0156 tok/s 64169
step 1800/15258 loss 3.9458 tok/s 64181
[eval] step 1830 tokens 60.0M val_ppl 51.842 train_loss 3.964 
step 1900/15258 loss 3.8441 tok/s 64167
step 2000/15258 loss 3.8008 tok/s 64178
step 2100/15258 loss 3.7611 tok/s 64171
[eval] step 2135 tokens 70.0M val_ppl 46.661 train_loss 3.8289 
step 2200/15258 loss 3.7595 tok/s 64192
step 2300/15258 loss 3.7176 tok/s 64184
step 2400/15258 loss 3.7083 tok/s 64192
[eval] step 2440 tokens 80.0M val_ppl 43.177 train_loss 3.7432 
step 2500/15258 loss 3.7139 tok/s 64170
step 2600/15258 loss 3.6405 tok/s 64153
step 2700/15258 loss 3.6608 tok/s 64161
[eval] step 2745 tokens 89.9M val_ppl 40.596 train_loss 3.681 
step 2800/15258 loss 3.6207 tok/s 64156
step 2900/15258 loss 3.5609 tok/s 64149
step 3000/15258 loss 3.6057 tok/s 64152
[eval] step 3050 tokens 99.9M val_ppl 38.895 train_loss 3.6099 
step 3100/15258 loss 3.5755 tok/s 64136
step 3200/15258 loss 3.5924 tok/s 64132
step 3300/15258 loss 3.5194 tok/s 64137
[eval] step 3355 tokens 109.9M val_ppl 37.221 train_loss 3.5793 
step 3400/15258 loss 3.5675 tok/s 64134
step 3500/15258 loss 3.5965 tok/s 64165
step 3600/15258 loss 3.5277 tok/s 64148
[eval] step 3660 tokens 119.9M val_ppl 35.918 train_loss 3.5381 
step 3700/15258 loss 3.4714 tok/s 64143
step 3800/15258 loss 3.5451 tok/s 64156
step 3900/15258 loss 3.4762 tok/s 64165
[eval] step 3965 tokens 129.9M val_ppl 34.867 train_loss 3.5053 
step 4000/15258 loss 3.4878 tok/s 64162
step 4100/15258 loss 3.4617 tok/s 64172
step 4200/15258 loss 3.4299 tok/s 64150
[eval] step 4270 tokens 139.9M val_ppl 33.952 train_loss 3.4927 
step 4300/15258 loss 3.4411 tok/s 64225
step 4400/15258 loss 3.4305 tok/s 64381
step 4500/15258 loss 3.4027 tok/s 64406
[eval] step 4575 tokens 149.9M val_ppl 33.011 train_loss 3.4446 
step 4600/15258 loss 3.3992 tok/s 64382
step 4700/15258 loss 3.4730 tok/s 64398
step 4800/15258 loss 3.4199 tok/s 64361
[eval] step 4880 tokens 159.9M val_ppl 32.314 train_loss 3.423 
step 4900/15258 loss 3.3459 tok/s 64389
step 5000/15258 loss 3.3518 tok/s 64393
step 5100/15258 loss 3.3704 tok/s 64376
[eval] step 5185 tokens 169.9M val_ppl 31.660 train_loss 3.3824 
step 5200/15258 loss 3.4308 tok/s 64358
step 5300/15258 loss 3.3844 tok/s 64383
step 5400/15258 loss 3.3458 tok/s 64371
[eval] step 5490 tokens 179.9M val_ppl 30.993 train_loss 3.378 
step 5500/15258 loss 3.3314 tok/s 64350
step 5600/15258 loss 3.3284 tok/s 64369
step 5700/15258 loss 3.4219 tok/s 64365
[eval] step 5795 tokens 189.9M val_ppl 30.447 train_loss 3.3603 
step 5800/15258 loss 3.3960 tok/s 64367
step 5900/15258 loss 3.3222 tok/s 64381
step 6000/15258 loss 3.2923 tok/s 64362
step 6100/15258 loss 3.3044 tok/s 64346
[eval] step 6100 tokens 199.9M val_ppl 29.836 train_loss 3.3414 
step 6200/15258 loss 3.3306 tok/s 64348
step 6300/15258 loss 3.3322 tok/s 64349
step 6400/15258 loss 3.3837 tok/s 64368
[eval] step 6405 tokens 209.9M val_ppl 29.402 train_loss 3.3266 
step 6500/15258 loss 3.2369 tok/s 64377
step 6600/15258 loss 3.2960 tok/s 64382
step 6700/15258 loss 3.2981 tok/s 64377
[eval] step 6710 tokens 219.9M val_ppl 28.894 train_loss 3.3174 
step 6800/15258 loss 3.2752 tok/s 64349
step 6900/15258 loss 3.2980 tok/s 64348
step 7000/15258 loss 3.2641 tok/s 64344
[eval] step 7015 tokens 229.9M val_ppl 28.494 train_loss 3.2906 
step 7100/15258 loss 3.2053 tok/s 64360
step 7200/15258 loss 3.3063 tok/s 64356
step 7300/15258 loss 3.2921 tok/s 64358
[eval] step 7320 tokens 239.9M val_ppl 28.111 train_loss 3.2548 
step 7400/15258 loss 3.2855 tok/s 64361
step 7500/15258 loss 3.1822 tok/s 64357
step 7600/15258 loss 3.2871 tok/s 64352
[eval] step 7625 tokens 249.9M val_ppl 27.660 train_loss 3.2566 
step 7700/15258 loss 3.2524 tok/s 64344
step 7800/15258 loss 3.2644 tok/s 64364
step 7900/15258 loss 3.2539 tok/s 64375
[eval] step 7930 tokens 259.9M val_ppl 27.361 train_loss 3.2455 
step 8000/15258 loss 3.2720 tok/s 64344
step 8100/15258 loss 3.2279 tok/s 64359
step 8200/15258 loss 3.2904 tok/s 64368
[eval] step 8235 tokens 269.8M val_ppl 26.944 train_loss 3.225 
step 8300/15258 loss 3.2624 tok/s 64337
step 8400/15258 loss 3.2144 tok/s 64349
step 8500/15258 loss 3.2043 tok/s 64334
[eval] step 8540 tokens 279.8M val_ppl 26.633 train_loss 3.2128 
step 8600/15258 loss 3.2112 tok/s 64348
step 8700/15258 loss 3.1924 tok/s 64359
step 8800/15258 loss 3.1876 tok/s 64358
[eval] step 8845 tokens 289.8M val_ppl 26.293 train_loss 3.2032 
step 8900/15258 loss 3.1631 tok/s 64328
step 9000/15258 loss 3.1806 tok/s 64322
step 9100/15258 loss 3.2421 tok/s 64348
[eval] step 9150 tokens 299.8M val_ppl 26.021 train_loss 3.1867 
step 9200/15258 loss 3.2616 tok/s 64323
step 9300/15258 loss 3.2044 tok/s 64348
step 9400/15258 loss 3.1646 tok/s 64340
[eval] step 9455 tokens 309.8M val_ppl 25.732 train_loss 3.1914 
step 9500/15258 loss 3.1750 tok/s 64344
step 9600/15258 loss 3.2035 tok/s 64345
step 9700/15258 loss 3.1760 tok/s 64335
[eval] step 9760 tokens 319.8M val_ppl 25.443 train_loss 3.1749 
step 9800/15258 loss 3.0963 tok/s 64329
step 9900/15258 loss 3.1864 tok/s 64354
step 10000/15258 loss 3.1588 tok/s 64373
[eval] step 10065 tokens 329.8M val_ppl 25.165 train_loss 3.1671 
step 10100/15258 loss 3.1810 tok/s 64323
step 10200/15258 loss 3.1251 tok/s 64332
step 10300/15258 loss 3.1298 tok/s 64355
[eval] step 10370 tokens 339.8M val_ppl 24.948 train_loss 3.1577 
step 10400/15258 loss 3.1826 tok/s 64350
step 10500/15258 loss 3.1019 tok/s 64327
step 10600/15258 loss 3.1190 tok/s 64350
[eval] step 10675 tokens 349.8M val_ppl 24.737 train_loss 3.1408 
step 10700/15258 loss 3.1155 tok/s 64368
step 10800/15258 loss 3.1581 tok/s 64337
step 10900/15258 loss 3.1657 tok/s 64337
[eval] step 10980 tokens 359.8M val_ppl 24.471 train_loss 3.1405 
step 11000/15258 loss 3.1571 tok/s 64297
step 11100/15258 loss 3.1227 tok/s 64338
step 11200/15258 loss 3.1412 tok/s 64365
[eval] step 11285 tokens 369.8M val_ppl 24.247 train_loss 3.1322 
step 11300/15258 loss 3.1139 tok/s 64355
step 11400/15258 loss 3.1097 tok/s 64357
step 11500/15258 loss 3.0936 tok/s 64318
[eval] step 11590 tokens 379.8M val_ppl 24.060 train_loss 3.1137 
step 11600/15258 loss 3.0769 tok/s 64315
step 11700/15258 loss 3.1139 tok/s 64312
step 11800/15258 loss 3.1223 tok/s 64331
[eval] step 11895 tokens 389.8M val_ppl 23.872 train_loss 3.109 
step 11900/15258 loss 3.0584 tok/s 64300
step 12000/15258 loss 3.1616 tok/s 64318
step 12100/15258 loss 3.0907 tok/s 64349
step 12200/15258 loss 3.1359 tok/s 64348
[eval] step 12200 tokens 399.8M val_ppl 23.695 train_loss 3.096 
step 12300/15258 loss 3.0446 tok/s 64340
step 12400/15258 loss 3.0392 tok/s 64359
step 12500/15258 loss 3.1079 tok/s 64314
[eval] step 12505 tokens 409.8M val_ppl 23.535 train_loss 3.1047 
step 12600/15258 loss 3.0572 tok/s 64336
step 12700/15258 loss 3.0491 tok/s 64345
step 12800/15258 loss 3.0611 tok/s 64322
[eval] step 12810 tokens 419.8M val_ppl 23.411 train_loss 3.0846 
step 12900/15258 loss 3.0807 tok/s 64331
step 13000/15258 loss 2.9838 tok/s 64327
step 13100/15258 loss 3.1406 tok/s 64321
[eval] step 13115 tokens 429.8M val_ppl 23.281 train_loss 3.087 
step 13200/15258 loss 3.1025 tok/s 64322
step 13300/15258 loss 3.0581 tok/s 64323
step 13400/15258 loss 3.0327 tok/s 64308
[eval] step 13420 tokens 439.7M val_ppl 23.151 train_loss 3.0798 
step 13500/15258 loss 3.0780 tok/s 64311
step 13600/15258 loss 3.0787 tok/s 64308
step 13700/15258 loss 2.9988 tok/s 64313
[eval] step 13725 tokens 449.7M val_ppl 23.068 train_loss 3.0645 
step 13800/15258 loss 3.0023 tok/s 64323
step 13900/15258 loss 3.0412 tok/s 64314
step 14000/15258 loss 3.0261 tok/s 64336
[eval] step 14030 tokens 459.7M val_ppl 22.983 train_loss 3.0798 
step 14100/15258 loss 3.0739 tok/s 64325
step 14200/15258 loss 3.1183 tok/s 64339
step 14300/15258 loss 3.0684 tok/s 64340
[eval] step 14335 tokens 469.7M val_ppl 22.883 train_loss 3.0676 
step 14400/15258 loss 3.0613 tok/s 64347
step 14500/15258 loss 3.0574 tok/s 64332
step 14600/15258 loss 3.0605 tok/s 64334
[eval] step 14640 tokens 479.7M val_ppl 22.811 train_loss 3.0656 
step 14700/15258 loss 3.1308 tok/s 64343
step 14800/15258 loss 3.0859 tok/s 64336
step 14900/15258 loss 3.0501 tok/s 64328
[eval] step 14945 tokens 489.7M val_ppl 22.756 train_loss 3.0543 
step 15000/15258 loss 3.0554 tok/s 64315
step 15100/15258 loss 3.0713 tok/s 64341
step 15200/15258 loss 3.0864 tok/s 64360
[eval] step 15250 tokens 499.7M val_ppl 22.692 train_loss 3.0644 
[eval] step 15258 tokens 500.0M val_ppl 22.694 train_loss 3.043 
{
 "val_loss": 3.1221095965694348,
 "val_ppl": 22.694204796133317,
 "val_word_ppl": 107.44334374230223,
 "val2_dataset": "wikitext103",
 "val2_loss": 4.220774836917505,
 "val2_ppl": 68.08621957265734,
 "val2_word_ppl": 121.27974153133823,
 "train_tok_s_mean": 64300.050270373526,
 "train_tok_s_median": 64334.345234046894,
 "peak_train_vram_gib": 10.471719741821289,
 "weights_gib_fp32": 1.6533122062683105,
 "decode_b1_tok_s": 179.09112976783018,
 "decode_peak_vram_gib": 2.2833852767944336,
 "prefill_tok_s": 358355.1617061642,
 "prefill_peak_vram_gib": 3.868699550628662
}
