{"model_name": "D-400M", "params": {"total": 460934400, "embedding": 64389120, "non_embedding": 396545280, "memory_values": 0, "dense_body": 396545280, "active_non_embedding_per_token": 396545280, "bn_running_stats": 0}, "seeds": {"init_seed": 0, "data_seed": 1234}}
steps=15258 warmup=763 eval_every=305 accum=8
[eval] step 0 tokens 0.0M val_ppl 61806.996 train_loss  
step 100/15258 loss 6.9829 tok/s 18657
step 200/15258 loss 6.1552 tok/s 18661
step 300/15258 loss 5.6939 tok/s 18658
[eval] step 305 tokens 10.0M val_ppl 292.813 train_loss 6.8585 
step 400/15258 loss 5.3625 tok/s 18662
step 500/15258 loss 5.1194 tok/s 18675
step 600/15258 loss 4.8719 tok/s 18649
[eval] step 610 tokens 20.0M val_ppl 138.741 train_loss 5.2101 
step 700/15258 loss 4.7320 tok/s 18641
step 800/15258 loss 4.5631 tok/s 18625
step 900/15258 loss 4.4287 tok/s 18662
[eval] step 915 tokens 30.0M val_ppl 82.135 train_loss 4.6181 
step 1000/15258 loss 4.2175 tok/s 18995
step 1100/15258 loss 4.1707 tok/s 18651
step 1200/15258 loss 3.9946 tok/s 18656
[eval] step 1220 tokens 40.0M val_ppl 60.825 train_loss 4.1851 
step 1300/15258 loss 4.0196 tok/s 18674
step 1400/15258 loss 3.9590 tok/s 18689
step 1500/15258 loss 3.8661 tok/s 18741
[eval] step 1525 tokens 50.0M val_ppl 50.957 train_loss 3.958 
step 1600/15258 loss 3.8722 tok/s 18647
step 1700/15258 loss 3.8751 tok/s 18654
step 1800/15258 loss 3.8114 tok/s 18645
[eval] step 1830 tokens 60.0M val_ppl 45.176 train_loss 3.8167 
step 1900/15258 loss 3.7192 tok/s 18697
step 2000/15258 loss 3.6839 tok/s 18680
step 2100/15258 loss 3.6385 tok/s 18641
[eval] step 2135 tokens 70.0M val_ppl 41.533 train_loss 3.7057 
step 2200/15258 loss 3.6428 tok/s 18635
step 2300/15258 loss 3.6033 tok/s 18657
step 2400/15258 loss 3.5963 tok/s 18683
[eval] step 2440 tokens 80.0M val_ppl 38.421 train_loss 3.6301 
step 2500/15258 loss 3.6076 tok/s 18682
step 2600/15258 loss 3.5349 tok/s 18660
step 2700/15258 loss 3.5427 tok/s 18666
[eval] step 2745 tokens 89.9M val_ppl 36.430 train_loss 3.5695 
step 2800/15258 loss 3.5119 tok/s 18643
step 2900/15258 loss 3.4479 tok/s 18672
step 3000/15258 loss 3.4945 tok/s 18657
[eval] step 3050 tokens 99.9M val_ppl 34.514 train_loss 3.4975 
step 3100/15258 loss 3.4643 tok/s 18893
step 3200/15258 loss 3.4714 tok/s 18647
step 3300/15258 loss 3.4043 tok/s 18658
[eval] step 3355 tokens 109.9M val_ppl 33.033 train_loss 3.4632 
step 3400/15258 loss 3.4511 tok/s 18643
step 3500/15258 loss 3.4788 tok/s 18625
step 3600/15258 loss 3.4102 tok/s 25496
[eval] step 3660 tokens 119.9M val_ppl 31.752 train_loss 3.4191 
step 3700/15258 loss 3.3481 tok/s 24849
step 3800/15258 loss 3.4195 tok/s 24826
step 3900/15258 loss 3.3521 tok/s 24823
[eval] step 3965 tokens 129.9M val_ppl 30.561 train_loss 3.3808 
step 4000/15258 loss 3.3572 tok/s 24887
step 4100/15258 loss 3.3336 tok/s 24832
step 4200/15258 loss 3.2986 tok/s 24876
[eval] step 4270 tokens 139.9M val_ppl 29.591 train_loss 3.3624 
step 4300/15258 loss 3.3137 tok/s 24860
step 4400/15258 loss 3.2999 tok/s 24843
step 4500/15258 loss 3.2692 tok/s 24849
[eval] step 4575 tokens 149.9M val_ppl 28.872 train_loss 3.311 
step 4600/15258 loss 3.2717 tok/s 24833
step 4700/15258 loss 3.3338 tok/s 25291
step 4800/15258 loss 3.2828 tok/s 24830
[eval] step 4880 tokens 159.9M val_ppl 27.975 train_loss 3.2861 
step 4900/15258 loss 3.2084 tok/s 24755
step 5000/15258 loss 3.2115 tok/s 24842
step 5100/15258 loss 3.2303 tok/s 24859
[eval] step 5185 tokens 169.9M val_ppl 27.250 train_loss 3.2416 
step 5200/15258 loss 3.2878 tok/s 24844
step 5300/15258 loss 3.2415 tok/s 24849
step 5400/15258 loss 3.2014 tok/s 24840
[eval] step 5490 tokens 179.9M val_ppl 26.647 train_loss 3.2328 
step 5500/15258 loss 3.1881 tok/s 36810
step 5600/15258 loss 3.1767 tok/s 37239
step 5700/15258 loss 3.2659 tok/s 37210
[eval] step 5795 tokens 189.9M val_ppl 26.012 train_loss 3.2098 
step 5800/15258 loss 3.2397 tok/s 37203
step 5900/15258 loss 3.1718 tok/s 37178
step 6000/15258 loss 3.1391 tok/s 37181
step 6100/15258 loss 3.1504 tok/s 37190
[eval] step 6100 tokens 199.9M val_ppl 25.433 train_loss 3.187 
step 6200/15258 loss 3.1723 tok/s 37174
step 6300/15258 loss 3.1708 tok/s 37287
step 6400/15258 loss 3.2185 tok/s 37194
[eval] step 6405 tokens 209.9M val_ppl 24.924 train_loss 3.1685 
step 6500/15258 loss 3.0795 tok/s 37189
step 6600/15258 loss 3.1334 tok/s 37264
step 6700/15258 loss 3.1387 tok/s 37196
[eval] step 6710 tokens 219.9M val_ppl 24.443 train_loss 3.1558 
step 6800/15258 loss 3.1083 tok/s 37177
step 6900/15258 loss 3.1319 tok/s 37073
step 7000/15258 loss 3.0928 tok/s 37202
[eval] step 7015 tokens 229.9M val_ppl 23.955 train_loss 3.1244 
step 7100/15258 loss 3.0397 tok/s 37141
step 7200/15258 loss 3.1316 tok/s 37141
step 7300/15258 loss 3.1192 tok/s 37108
[eval] step 7320 tokens 239.9M val_ppl 23.607 train_loss 3.0861 
step 7400/15258 loss 3.1094 tok/s 37156
step 7500/15258 loss 3.0061 tok/s 37115
step 7600/15258 loss 3.1076 tok/s 37113
[eval] step 7625 tokens 249.9M val_ppl 23.156 train_loss 3.0828 
step 7700/15258 loss 3.0756 tok/s 37257
step 7800/15258 loss 3.0852 tok/s 37125
step 7900/15258 loss 3.0750 tok/s 37105
[eval] step 7930 tokens 259.9M val_ppl 22.769 train_loss 3.0684 
step 8000/15258 loss 3.0857 tok/s 37075
step 8100/15258 loss 3.0469 tok/s 80984
step 8200/15258 loss 3.1043 tok/s 81137
[eval] step 8235 tokens 269.8M val_ppl 22.359 train_loss 3.0443 
step 8300/15258 loss 3.0792 tok/s 78661
step 8400/15258 loss 3.0318 tok/s 72454
step 8500/15258 loss 3.0216 tok/s 70625
[eval] step 8540 tokens 279.8M val_ppl 21.998 train_loss 3.0282 
step 8600/15258 loss 3.0231 tok/s 76768
step 8700/15258 loss 3.0047 tok/s 82449
step 8800/15258 loss 3.0002 tok/s 75177
[eval] step 8845 tokens 289.8M val_ppl 21.626 train_loss 3.015 
step 8900/15258 loss 2.9724 tok/s 82444
step 9000/15258 loss 2.9904 tok/s 74150
step 9100/15258 loss 3.0420 tok/s 82443
[eval] step 9150 tokens 299.8M val_ppl 21.320 train_loss 2.9939 
step 9200/15258 loss 3.0575 tok/s 82416
step 9300/15258 loss 3.0075 tok/s 79240
step 9400/15258 loss 2.9682 tok/s 78034
[eval] step 9455 tokens 309.8M val_ppl 20.981 train_loss 2.9935 
step 9500/15258 loss 2.9777 tok/s 82393
step 9600/15258 loss 2.9956 tok/s 74776
step 9700/15258 loss 2.9742 tok/s 79896
[eval] step 9760 tokens 319.8M val_ppl 20.675 train_loss 2.9736 
step 9800/15258 loss 2.8972 tok/s 82482
step 9900/15258 loss 2.9807 tok/s 75698
step 10000/15258 loss 2.9492 tok/s 77677
[eval] step 10065 tokens 329.8M val_ppl 20.409 train_loss 2.9608 
step 10100/15258 loss 2.9740 tok/s 77451
step 10200/15258 loss 2.9188 tok/s 76843
step 10300/15258 loss 2.9242 tok/s 82448
[eval] step 10370 tokens 339.8M val_ppl 20.112 train_loss 2.9488 
step 10400/15258 loss 2.9694 tok/s 82514
step 10500/15258 loss 2.8875 tok/s 77727
step 10600/15258 loss 2.9101 tok/s 82530
[eval] step 10675 tokens 349.8M val_ppl 19.875 train_loss 2.9288 
step 10700/15258 loss 2.9062 tok/s 75828
step 10800/15258 loss 2.9429 tok/s 82392
step 10900/15258 loss 2.9458 tok/s 78412
[eval] step 10980 tokens 359.8M val_ppl 19.582 train_loss 2.9234 
step 11000/15258 loss 2.9378 tok/s 82424
step 11100/15258 loss 2.9089 tok/s 76545
step 11200/15258 loss 2.9240 tok/s 75997
[eval] step 11285 tokens 369.8M val_ppl 19.356 train_loss 2.9129 
step 11300/15258 loss 2.8972 tok/s 82349
step 11400/15258 loss 2.8845 tok/s 76971
step 11500/15258 loss 2.8679 tok/s 74680
[eval] step 11590 tokens 379.8M val_ppl 19.145 train_loss 2.8911 
step 11600/15258 loss 2.8523 tok/s 75797
step 11700/15258 loss 2.8894 tok/s 78683
step 11800/15258 loss 2.8958 tok/s 79596
[eval] step 11895 tokens 389.8M val_ppl 18.941 train_loss 2.8829 
step 11900/15258 loss 2.8353 tok/s 82467
step 12000/15258 loss 2.9309 tok/s 76877
step 12100/15258 loss 2.8655 tok/s 82394
step 12200/15258 loss 2.9039 tok/s 82137
[eval] step 12200 tokens 399.8M val_ppl 18.753 train_loss 2.8678 
step 12300/15258 loss 2.8171 tok/s 75340
step 12400/15258 loss 2.8087 tok/s 82431
step 12500/15258 loss 2.8674 tok/s 80566
[eval] step 12505 tokens 409.8M val_ppl 18.563 train_loss 2.871 
step 12600/15258 loss 2.8280 tok/s 74777
step 12700/15258 loss 2.8153 tok/s 76099
step 12800/15258 loss 2.8279 tok/s 81614
[eval] step 12810 tokens 419.8M val_ppl 18.406 train_loss 2.8495 
step 12900/15258 loss 2.8418 tok/s 77021
step 13000/15258 loss 2.7507 tok/s 74843
step 13100/15258 loss 2.8980 tok/s 78473
[eval] step 13115 tokens 429.8M val_ppl 18.256 train_loss 2.8485 
step 13200/15258 loss 2.8643 tok/s 78388
step 13300/15258 loss 2.8180 tok/s 77379
step 13400/15258 loss 2.7970 tok/s 79172
[eval] step 13420 tokens 439.7M val_ppl 18.120 train_loss 2.8402 
step 13500/15258 loss 2.8411 tok/s 78330
step 13600/15258 loss 2.8350 tok/s 79344
step 13700/15258 loss 2.7597 tok/s 76878
[eval] step 13725 tokens 449.7M val_ppl 18.016 train_loss 2.8234 
step 13800/15258 loss 2.7580 tok/s 77588
step 13900/15258 loss 2.8013 tok/s 77296
step 14000/15258 loss 2.7819 tok/s 82446
[eval] step 14030 tokens 459.7M val_ppl 17.919 train_loss 2.8343 
step 14100/15258 loss 2.8274 tok/s 77275
step 14200/15258 loss 2.8657 tok/s 77293
step 14300/15258 loss 2.8208 tok/s 82369
[eval] step 14335 tokens 469.7M val_ppl 17.811 train_loss 2.821 
step 14400/15258 loss 2.8158 tok/s 74614
step 14500/15258 loss 2.8095 tok/s 77715
step 14600/15258 loss 2.8118 tok/s 73951
[eval] step 14640 tokens 479.7M val_ppl 17.739 train_loss 2.8178 
step 14700/15258 loss 2.8800 tok/s 76078
step 14800/15258 loss 2.8348 tok/s 79808
step 14900/15258 loss 2.8022 tok/s 75118
[eval] step 14945 tokens 489.7M val_ppl 17.669 train_loss 2.8054 
step 15000/15258 loss 2.8048 tok/s 82444
step 15100/15258 loss 2.8189 tok/s 82432
step 15200/15258 loss 2.8344 tok/s 76795
[eval] step 15250 tokens 499.7M val_ppl 17.600 train_loss 2.8131 
[eval] step 15258 tokens 500.0M val_ppl 17.598 train_loss 2.7906 
{
 "val_loss": 2.8677657253846203,
 "val_ppl": 17.59765624686312,
 "val_word_ppl": 73.4021341684877,
 "val2_dataset": "wikitext103",
 "val2_loss": 3.853524732810201,
 "val2_ppl": 47.15899348151205,
 "val2_word_ppl": 79.8872747967242,
 "train_tok_s_mean": 50957.07696025838,
 "train_tok_s_median": 37198.31473741078,
 "peak_train_vram_gib": 15.170495510101318,
 "weights_gib_fp32": 1.7171144485473633,
 "decode_b1_tok_s": 125.02053439435556,
 "decode_peak_vram_gib": 3.0655550956726074,
 "prefill_tok_s": 326866.8641198121,
 "prefill_peak_vram_gib": 4.794300556182861
}
