{"model_name": "A", "params": {"total": 40560000, "embedding": 19316736, "non_embedding": 21243264, "memory_values": 0, "dense_body": 21243264, "active_non_embedding_per_token": 21243264, "bn_running_stats": 0}, "seeds": {"init_seed": 0, "data_seed": 1234}}
steps=15258 warmup=763 eval_every=305 accum=4
[eval] step 0 tokens 0.0M val_ppl 52581.838 train_loss  
step 100/15258 loss 8.7146 tok/s 92019
step 200/15258 loss 7.0177 tok/s 91943
step 300/15258 loss 6.3658 tok/s 91915
[eval] step 305 tokens 10.0M val_ppl 557.439 train_loss 7.9609 
step 400/15258 loss 5.9796 tok/s 91806
step 500/15258 loss 5.6671 tok/s 91792
step 600/15258 loss 5.3788 tok/s 91766
[eval] step 610 tokens 20.0M val_ppl 227.544 train_loss 5.7791 
step 700/15258 loss 5.2139 tok/s 91791
step 800/15258 loss 5.0439 tok/s 91790
step 900/15258 loss 4.8960 tok/s 91619
[eval] step 915 tokens 30.0M val_ppl 128.162 train_loss 5.1044 
step 1000/15258 loss 4.6372 tok/s 91748
step 1100/15258 loss 4.5542 tok/s 91686
step 1200/15258 loss 4.3305 tok/s 91654
[eval] step 1220 tokens 40.0M val_ppl 84.551 train_loss 4.5721 
step 1300/15258 loss 4.3395 tok/s 91652
step 1400/15258 loss 4.2624 tok/s 91694
step 1500/15258 loss 4.1559 tok/s 91662
[eval] step 1525 tokens 50.0M val_ppl 67.753 train_loss 4.262 
step 1600/15258 loss 4.1549 tok/s 91676
step 1700/15258 loss 4.1395 tok/s 91681
step 1800/15258 loss 4.0689 tok/s 91630
[eval] step 1830 tokens 60.0M val_ppl 58.338 train_loss 4.084 
step 1900/15258 loss 3.9673 tok/s 91618
step 2000/15258 loss 3.9233 tok/s 91599
step 2100/15258 loss 3.8848 tok/s 91627
[eval] step 2135 tokens 70.0M val_ppl 52.670 train_loss 3.9511 
step 2200/15258 loss 3.8776 tok/s 91642
step 2300/15258 loss 3.8402 tok/s 91660
step 2400/15258 loss 3.8294 tok/s 91624
[eval] step 2440 tokens 80.0M val_ppl 48.697 train_loss 3.8635 
step 2500/15258 loss 3.8337 tok/s 91611
step 2600/15258 loss 3.7578 tok/s 91603
step 2700/15258 loss 3.7720 tok/s 91606
[eval] step 2745 tokens 89.9M val_ppl 45.870 train_loss 3.799 
step 2800/15258 loss 3.7434 tok/s 91602
step 2900/15258 loss 3.6824 tok/s 91576
step 3000/15258 loss 3.7253 tok/s 91630
[eval] step 3050 tokens 99.9M val_ppl 43.650 train_loss 3.7298 
step 3100/15258 loss 3.6915 tok/s 91600
step 3200/15258 loss 3.7093 tok/s 91604
step 3300/15258 loss 3.6375 tok/s 91591
[eval] step 3355 tokens 109.9M val_ppl 41.904 train_loss 3.6972 
step 3400/15258 loss 3.6842 tok/s 91557
step 3500/15258 loss 3.7177 tok/s 91573
step 3600/15258 loss 3.6484 tok/s 91525
[eval] step 3660 tokens 119.9M val_ppl 40.529 train_loss 3.6585 
step 3700/15258 loss 3.5892 tok/s 91627
step 3800/15258 loss 3.6618 tok/s 91570
step 3900/15258 loss 3.6026 tok/s 91605
[eval] step 3965 tokens 129.9M val_ppl 39.286 train_loss 3.6259 
step 4000/15258 loss 3.6101 tok/s 91510
step 4100/15258 loss 3.5875 tok/s 91499
step 4200/15258 loss 3.5527 tok/s 91579
[eval] step 4270 tokens 139.9M val_ppl 38.222 train_loss 3.6141 
step 4300/15258 loss 3.5671 tok/s 91595
step 4400/15258 loss 3.5546 tok/s 91574
step 4500/15258 loss 3.5281 tok/s 91587
[eval] step 4575 tokens 149.9M val_ppl 37.253 train_loss 3.5662 
step 4600/15258 loss 3.5232 tok/s 91561
step 4700/15258 loss 3.5966 tok/s 91528
step 4800/15258 loss 3.5492 tok/s 91559
[eval] step 4880 tokens 159.9M val_ppl 36.519 train_loss 3.5462 
step 4900/15258 loss 3.4742 tok/s 91545
step 5000/15258 loss 3.4779 tok/s 91556
step 5100/15258 loss 3.4952 tok/s 91493
[eval] step 5185 tokens 169.9M val_ppl 35.752 train_loss 3.5074 
step 5200/15258 loss 3.5579 tok/s 91564
step 5300/15258 loss 3.5069 tok/s 91556
step 5400/15258 loss 3.4746 tok/s 91559
[eval] step 5490 tokens 179.9M val_ppl 35.005 train_loss 3.5037 
step 5500/15258 loss 3.4557 tok/s 91374
step 5600/15258 loss 3.4541 tok/s 91548
step 5700/15258 loss 3.5478 tok/s 91529
[eval] step 5795 tokens 189.9M val_ppl 34.410 train_loss 3.4853 
step 5800/15258 loss 3.5174 tok/s 91260
step 5900/15258 loss 3.4508 tok/s 91524
step 6000/15258 loss 3.4236 tok/s 91544
step 6100/15258 loss 3.4325 tok/s 91526
[eval] step 6100 tokens 199.9M val_ppl 33.751 train_loss 3.4676 
step 6200/15258 loss 3.4544 tok/s 91551
step 6300/15258 loss 3.4582 tok/s 91490
step 6400/15258 loss 3.5095 tok/s 91507
[eval] step 6405 tokens 209.9M val_ppl 33.367 train_loss 3.4541 
step 6500/15258 loss 3.3634 tok/s 91514
step 6600/15258 loss 3.4319 tok/s 91564
step 6700/15258 loss 3.4333 tok/s 91556
[eval] step 6710 tokens 219.9M val_ppl 32.735 train_loss 3.4459 
step 6800/15258 loss 3.3990 tok/s 91475
step 6900/15258 loss 3.4301 tok/s 91521
step 7000/15258 loss 3.3927 tok/s 91498
[eval] step 7015 tokens 229.9M val_ppl 32.303 train_loss 3.4191 
step 7100/15258 loss 3.3341 tok/s 91538
step 7200/15258 loss 3.4339 tok/s 91556
step 7300/15258 loss 3.4202 tok/s 91543
[eval] step 7320 tokens 239.9M val_ppl 31.874 train_loss 3.3847 
step 7400/15258 loss 3.4116 tok/s 91555
step 7500/15258 loss 3.3041 tok/s 91528
step 7600/15258 loss 3.4119 tok/s 91517
[eval] step 7625 tokens 249.9M val_ppl 31.364 train_loss 3.3853 
step 7700/15258 loss 3.3822 tok/s 91520
step 7800/15258 loss 3.3883 tok/s 91527
step 7900/15258 loss 3.3842 tok/s 91537
[eval] step 7930 tokens 259.9M val_ppl 31.046 train_loss 3.3744 
step 8000/15258 loss 3.3989 tok/s 91564
step 8100/15258 loss 3.3623 tok/s 91498
step 8200/15258 loss 3.4168 tok/s 91501
[eval] step 8235 tokens 269.8M val_ppl 30.579 train_loss 3.3555 
step 8300/15258 loss 3.3966 tok/s 91496
step 8400/15258 loss 3.3452 tok/s 91498
step 8500/15258 loss 3.3400 tok/s 91499
[eval] step 8540 tokens 279.8M val_ppl 30.257 train_loss 3.3435 
step 8600/15258 loss 3.3480 tok/s 91527
step 8700/15258 loss 3.3217 tok/s 91530
step 8800/15258 loss 3.3176 tok/s 91516
[eval] step 8845 tokens 289.8M val_ppl 29.809 train_loss 3.3338 
step 8900/15258 loss 3.2946 tok/s 91502
step 9000/15258 loss 3.3087 tok/s 91482
step 9100/15258 loss 3.3672 tok/s 91513
[eval] step 9150 tokens 299.8M val_ppl 29.527 train_loss 3.3182 
step 9200/15258 loss 3.3911 tok/s 91509
step 9300/15258 loss 3.3365 tok/s 91581
step 9400/15258 loss 3.2931 tok/s 91561
[eval] step 9455 tokens 309.8M val_ppl 29.188 train_loss 3.3219 
step 9500/15258 loss 3.3042 tok/s 91567
step 9600/15258 loss 3.3276 tok/s 91506
step 9700/15258 loss 3.3032 tok/s 91521
[eval] step 9760 tokens 319.8M val_ppl 28.853 train_loss 3.3041 
step 9800/15258 loss 3.2279 tok/s 91496
step 9900/15258 loss 3.3175 tok/s 91499
step 10000/15258 loss 3.2803 tok/s 91515
[eval] step 10065 tokens 329.8M val_ppl 28.532 train_loss 3.2972 
step 10100/15258 loss 3.3116 tok/s 91510
step 10200/15258 loss 3.2559 tok/s 91546
step 10300/15258 loss 3.2579 tok/s 91543
[eval] step 10370 tokens 339.8M val_ppl 28.254 train_loss 3.2866 
step 10400/15258 loss 3.3087 tok/s 91528
step 10500/15258 loss 3.2288 tok/s 91504
step 10600/15258 loss 3.2520 tok/s 91501
[eval] step 10675 tokens 349.8M val_ppl 27.980 train_loss 3.2701 
step 10700/15258 loss 3.2503 tok/s 91531
step 10800/15258 loss 3.2927 tok/s 91550
step 10900/15258 loss 3.2948 tok/s 91531
[eval] step 10980 tokens 359.8M val_ppl 27.700 train_loss 3.2709 
step 11000/15258 loss 3.2857 tok/s 91536
step 11100/15258 loss 3.2536 tok/s 91559
step 11200/15258 loss 3.2722 tok/s 91469
[eval] step 11285 tokens 369.8M val_ppl 27.445 train_loss 3.2622 
step 11300/15258 loss 3.2390 tok/s 91494
step 11400/15258 loss 3.2396 tok/s 91530
step 11500/15258 loss 3.2295 tok/s 91576
[eval] step 11590 tokens 379.8M val_ppl 27.240 train_loss 3.2441 
step 11600/15258 loss 3.2092 tok/s 91418
step 11700/15258 loss 3.2470 tok/s 91563
step 11800/15258 loss 3.2526 tok/s 91598
[eval] step 11895 tokens 389.8M val_ppl 27.024 train_loss 3.2392 
step 11900/15258 loss 3.1907 tok/s 91310
step 12000/15258 loss 3.2904 tok/s 91604
step 12100/15258 loss 3.2215 tok/s 91557
step 12200/15258 loss 3.2652 tok/s 91584
[eval] step 12200 tokens 399.8M val_ppl 26.836 train_loss 3.226 
step 12300/15258 loss 3.1758 tok/s 91583
step 12400/15258 loss 3.1649 tok/s 91588
step 12500/15258 loss 3.2364 tok/s 91591
[eval] step 12505 tokens 409.8M val_ppl 26.641 train_loss 3.234 
step 12600/15258 loss 3.1854 tok/s 91574
step 12700/15258 loss 3.1809 tok/s 91572
step 12800/15258 loss 3.1865 tok/s 91592
[eval] step 12810 tokens 419.8M val_ppl 26.499 train_loss 3.2126 
step 12900/15258 loss 3.2071 tok/s 91606
step 13000/15258 loss 3.1158 tok/s 91637
step 13100/15258 loss 3.2651 tok/s 91633
[eval] step 13115 tokens 429.8M val_ppl 26.335 train_loss 3.2162 
step 13200/15258 loss 3.2275 tok/s 91634
step 13300/15258 loss 3.1854 tok/s 91566
step 13400/15258 loss 3.1694 tok/s 91590
[eval] step 13420 tokens 439.7M val_ppl 26.184 train_loss 3.2083 
step 13500/15258 loss 3.2066 tok/s 91602
step 13600/15258 loss 3.2093 tok/s 91629
step 13700/15258 loss 3.1216 tok/s 91633
[eval] step 13725 tokens 449.7M val_ppl 26.091 train_loss 3.1927 
step 13800/15258 loss 3.1264 tok/s 91571
step 13900/15258 loss 3.1685 tok/s 91636
step 14000/15258 loss 3.1492 tok/s 91618
[eval] step 14030 tokens 459.7M val_ppl 25.980 train_loss 3.2074 
step 14100/15258 loss 3.1958 tok/s 91580
step 14200/15258 loss 3.2506 tok/s 91576
step 14300/15258 loss 3.1981 tok/s 91601
[eval] step 14335 tokens 469.7M val_ppl 25.883 train_loss 3.1965 
step 14400/15258 loss 3.1996 tok/s 91622
step 14500/15258 loss 3.1865 tok/s 91614
step 14600/15258 loss 3.1881 tok/s 91581
[eval] step 14640 tokens 479.7M val_ppl 25.805 train_loss 3.1952 
step 14700/15258 loss 3.2560 tok/s 91593
step 14800/15258 loss 3.2160 tok/s 91576
step 14900/15258 loss 3.1715 tok/s 91616
[eval] step 14945 tokens 489.7M val_ppl 25.728 train_loss 3.1815 
step 15000/15258 loss 3.1871 tok/s 91616
step 15100/15258 loss 3.1880 tok/s 91612
step 15200/15258 loss 3.2091 tok/s 91628
[eval] step 15250 tokens 499.7M val_ppl 25.670 train_loss 3.1926 
[eval] step 15258 tokens 500.0M val_ppl 25.665 train_loss 3.1718 
{
 "val_loss": 3.245131842922775,
 "val_ppl": 25.66509359812887,
 "val_word_ppl": 129.1859336437406,
 "val2_dataset": "wikitext103",
 "val2_loss": 4.361559472259967,
 "val2_ppl": 78.37926946171167,
 "val2_word_ppl": 142.32898793511086,
 "train_tok_s_mean": 91575.41070581757,
 "train_tok_s_median": 91562.701179925,
 "peak_train_vram_gib": 7.892161846160889,
 "weights_gib_fp32": 0.15109777450561523,
 "decode_b1_tok_s": 219.69483340768014,
 "decode_peak_vram_gib": 1.1627626419067383,
 "prefill_tok_s": 385525.17313086876,
 "prefill_peak_vram_gib": 2.7463808059692383
}
