{"model_name": "B", "params": {"total": 141259904, "embedding": 19316736, "non_embedding": 121943168, "memory_values": 100663296, "dense_body": 21279872, "active_non_embedding_per_token": 21329024, "bn_running_stats": 2048}, "seeds": {"init_seed": 1, "data_seed": 1234}}
steps=3600 warmup=180 eval_every=122 accum=4
[eval] step 0 tokens 0.0M val_ppl 53144.451 train_loss  usage 0.983 kl 1.203
step 100/3600 loss 6.6894 tok/s 73511
[eval] step 122 tokens 4.0M val_ppl 557.791 train_loss 8.0894 usage 0.486 kl 3.280
step 200/3600 loss 5.8389 tok/s 73300
[eval] step 244 tokens 8.0M val_ppl 256.805 train_loss 5.9355 usage 0.560 kl 2.747
step 300/3600 loss 5.3900 tok/s 73232
[eval] step 366 tokens 12.0M val_ppl 169.111 train_loss 5.3735 usage 0.671 kl 2.340
step 400/3600 loss 5.1184 tok/s 73167
[eval] step 488 tokens 16.0M val_ppl 130.461 train_loss 5.0489 usage 0.752 kl 2.096
step 500/3600 loss 4.8773 tok/s 72880
step 600/3600 loss 4.7866 tok/s 72808
[eval] step 610 tokens 20.0M val_ppl 108.253 train_loss 4.8374 usage 0.821 kl 1.880
step 700/3600 loss 4.6445 tok/s 72676
[eval] step 732 tokens 24.0M val_ppl 93.723 train_loss 4.6706 usage 0.863 kl 1.739
step 800/3600 loss 4.5442 tok/s 72630
[eval] step 854 tokens 28.0M val_ppl 82.366 train_loss 4.547 usage 0.895 kl 1.623
step 900/3600 loss 4.4527 tok/s 72510
[eval] step 976 tokens 32.0M val_ppl 73.773 train_loss 4.4177 usage 0.922 kl 1.493
step 1000/3600 loss 4.3569 tok/s 72434
[eval] step 1098 tokens 36.0M val_ppl 67.307 train_loss 4.3149 usage 0.942 kl 1.419
step 1100/3600 loss 4.2430 tok/s 72353
step 1200/3600 loss 4.2733 tok/s 72287
[eval] step 1220 tokens 40.0M val_ppl 61.566 train_loss 4.2358 usage 0.955 kl 1.338
step 1300/3600 loss 4.1122 tok/s 72565
[eval] step 1342 tokens 44.0M val_ppl 56.605 train_loss 4.1389 usage 0.965 kl 1.287
step 1400/3600 loss 4.0573 tok/s 72273
[eval] step 1464 tokens 48.0M val_ppl 53.595 train_loss 4.0659 usage 0.972 kl 1.230
step 1500/3600 loss 4.0469 tok/s 72482
[eval] step 1586 tokens 52.0M val_ppl 50.531 train_loss 4.0157 usage 0.979 kl 1.171
step 1600/3600 loss 4.0134 tok/s 72283
step 1700/3600 loss 3.9325 tok/s 72221
[eval] step 1708 tokens 56.0M val_ppl 47.997 train_loss 3.9485 usage 0.982 kl 1.135
step 1800/3600 loss 3.9089 tok/s 72120
[eval] step 1830 tokens 60.0M val_ppl 45.947 train_loss 3.9183 usage 0.987 kl 1.100
step 1900/3600 loss 3.8842 tok/s 72184
[eval] step 1952 tokens 64.0M val_ppl 44.442 train_loss 3.875 usage 0.988 kl 1.065
step 2000/3600 loss 3.8571 tok/s 72143
[eval] step 2074 tokens 68.0M val_ppl 42.915 train_loss 3.843 usage 0.989 kl 1.053
step 2100/3600 loss 3.8150 tok/s 72136
[eval] step 2196 tokens 72.0M val_ppl 41.495 train_loss 3.803 usage 0.991 kl 1.027
step 2200/3600 loss 3.8178 tok/s 72066
step 2300/3600 loss 3.7576 tok/s 72065
[eval] step 2318 tokens 76.0M val_ppl 40.323 train_loss 3.7676 usage 0.993 kl 0.995
step 2400/3600 loss 3.7228 tok/s 72277
[eval] step 2440 tokens 80.0M val_ppl 39.178 train_loss 3.7351 usage 0.994 kl 0.971
step 2500/3600 loss 3.7182 tok/s 71998
[eval] step 2562 tokens 84.0M val_ppl 38.374 train_loss 3.7257 usage 0.994 kl 0.975
step 2600/3600 loss 3.6884 tok/s 72226
[eval] step 2684 tokens 87.9M val_ppl 37.504 train_loss 3.6883 usage 0.995 kl 0.957
step 2700/3600 loss 3.6777 tok/s 72041
step 2800/3600 loss 3.6347 tok/s 72274
[eval] step 2806 tokens 91.9M val_ppl 36.731 train_loss 3.6678 usage 0.995 kl 0.954
step 2900/3600 loss 3.6732 tok/s 72082
[eval] step 2928 tokens 95.9M val_ppl 36.130 train_loss 3.6472 usage 0.996 kl 0.933
step 3000/3600 loss 3.6489 tok/s 72234
[eval] step 3050 tokens 99.9M val_ppl 35.581 train_loss 3.6412 usage 0.996 kl 0.923
step 3100/3600 loss 3.6070 tok/s 71964
[eval] step 3172 tokens 103.9M val_ppl 35.194 train_loss 3.62 usage 0.996 kl 0.927
step 3200/3600 loss 3.6383 tok/s 72196
[eval] step 3294 tokens 107.9M val_ppl 34.791 train_loss 3.6159 usage 0.996 kl 0.904
step 3300/3600 loss 3.5933 tok/s 71964
step 3400/3600 loss 3.6123 tok/s 72207
[eval] step 3416 tokens 111.9M val_ppl 34.472 train_loss 3.6069 usage 0.997 kl 0.905
step 3500/3600 loss 3.6034 tok/s 72076
[eval] step 3538 tokens 115.9M val_ppl 34.232 train_loss 3.5989 usage 0.997 kl 0.902
step 3600/3600 loss 3.6322 tok/s 72010
[eval] step 3600 tokens 118.0M val_ppl 34.121 train_loss 3.594 usage 0.997 kl 0.909
{
 "val_loss": 3.5299171514113628,
 "val_ppl": 34.121140609307105,
 "val_word_ppl": 55.29847793677221,
 "test_loss": 3.5276979815719094,
 "test_ppl": 34.04550395950592,
 "test_word_ppl": 58.64657019348142,
 "train_tok_s_mean": 72400.23909318903,
 "train_tok_s_median": 72241.49000645017,
 "peak_train_vram_gib": 9.469082355499268,
 "weights_gib_fp32": 0.5262341499328613,
 "decode_b1_tok_s": 203.0581332195165,
 "decode_peak_vram_gib": 1.5436086654663086,
 "prefill_tok_s": 264572.95497899374,
 "prefill_peak_vram_gib": 3.1272268295288086,
 "mem_val": {
  "usage": 0.9965782165527344,
  "kl": 0.908916896444758,
  "top1pct_share": 0.15480266534904777
 },
 "mem_train_usage_total": 1.0
}
