{"model_name": "C", "params": {"total": 161342208, "embedding": 38633472, "non_embedding": 122708736, "memory_values": 0, "dense_body": 122708736, "active_non_embedding_per_token": 122708736, "bn_running_stats": 0}, "seeds": {"init_seed": 0, "data_seed": 1234}}
steps=10800 warmup=540 eval_every=244 accum=8
[eval] step 0 tokens 0.0M val_ppl 60366.771 train_loss  
step 100/10800 loss 6.6847 tok/s 34617
step 200/10800 loss 5.8781 tok/s 34612
[eval] step 244 tokens 8.0M val_ppl 263.563 train_loss 6.9296 
step 300/10800 loss 5.3917 tok/s 34614
step 400/10800 loss 5.1053 tok/s 34594
[eval] step 488 tokens 16.0M val_ppl 125.865 train_loss 5.1998 
step 500/10800 loss 4.8451 tok/s 34586
step 600/10800 loss 4.7330 tok/s 34578
step 700/10800 loss 4.5535 tok/s 34578
[eval] step 732 tokens 24.0M val_ppl 85.007 train_loss 4.6905 
step 800/10800 loss 4.4310 tok/s 34582
step 900/10800 loss 4.3249 tok/s 34579
[eval] step 976 tokens 32.0M val_ppl 63.754 train_loss 4.3591 
step 1000/10800 loss 4.2086 tok/s 34594
step 1100/10800 loss 4.0844 tok/s 34592
step 1200/10800 loss 4.1112 tok/s 34585
[eval] step 1220 tokens 40.0M val_ppl 52.206 train_loss 4.1186 
step 1300/10800 loss 3.9442 tok/s 34567
step 1400/10800 loss 3.8895 tok/s 34575
[eval] step 1464 tokens 48.0M val_ppl 45.198 train_loss 3.9341 
step 1500/10800 loss 3.8752 tok/s 34586
step 1600/10800 loss 3.8427 tok/s 34582
step 1700/10800 loss 3.7593 tok/s 34586
[eval] step 1708 tokens 56.0M val_ppl 40.485 train_loss 3.8103 
step 1800/10800 loss 3.7383 tok/s 34586
step 1900/10800 loss 3.7197 tok/s 34597
[eval] step 1952 tokens 64.0M val_ppl 37.920 train_loss 3.728 
step 2000/10800 loss 3.6934 tok/s 34585
step 2100/10800 loss 3.6563 tok/s 34594
[eval] step 2196 tokens 72.0M val_ppl 35.435 train_loss 3.6596 
step 2200/10800 loss 3.6560 tok/s 34580
step 2300/10800 loss 3.5981 tok/s 34585
step 2400/10800 loss 3.5651 tok/s 34597
[eval] step 2440 tokens 80.0M val_ppl 33.648 train_loss 3.5939 
step 2500/10800 loss 3.5577 tok/s 34585
step 2600/10800 loss 3.5358 tok/s 34598
[eval] step 2684 tokens 87.9M val_ppl 32.029 train_loss 3.5496 
step 2700/10800 loss 3.5169 tok/s 34600
step 2800/10800 loss 3.4695 tok/s 34608
step 2900/10800 loss 3.5158 tok/s 34602
[eval] step 2928 tokens 95.9M val_ppl 30.819 train_loss 3.4976 
step 3000/10800 loss 3.4841 tok/s 34599
step 3100/10800 loss 3.4409 tok/s 34603
[eval] step 3172 tokens 103.9M val_ppl 29.705 train_loss 3.465 
step 3200/10800 loss 3.4654 tok/s 34602
step 3300/10800 loss 3.4164 tok/s 34607
step 3400/10800 loss 3.4273 tok/s 34612
[eval] step 3416 tokens 111.9M val_ppl 28.750 train_loss 3.433 
step 3500/10800 loss 3.4139 tok/s 34608
step 3600/10800 loss 3.4310 tok/s 34613
[eval] step 3660 tokens 119.9M val_ppl 27.821 train_loss 3.3776 
step 3700/10800 loss 3.2887 tok/s 34613
step 3800/10800 loss 3.3092 tok/s 34609
step 3900/10800 loss 3.2674 tok/s 34604
[eval] step 3904 tokens 127.9M val_ppl 27.271 train_loss 3.2746 
step 4000/10800 loss 3.2713 tok/s 34604
step 4100/10800 loss 3.2489 tok/s 34600
[eval] step 4148 tokens 135.9M val_ppl 26.655 train_loss 3.278 
step 4200/10800 loss 3.2764 tok/s 34586
step 4300/10800 loss 3.2701 tok/s 34608
[eval] step 4392 tokens 143.9M val_ppl 26.074 train_loss 3.2518 
step 4400/10800 loss 3.2629 tok/s 34602
step 4500/10800 loss 3.2355 tok/s 34598
step 4600/10800 loss 3.2291 tok/s 34598
[eval] step 4636 tokens 151.9M val_ppl 25.344 train_loss 3.2463 
step 4700/10800 loss 3.2339 tok/s 34600
step 4800/10800 loss 3.1908 tok/s 34600
[eval] step 4880 tokens 159.9M val_ppl 25.003 train_loss 3.2303 
step 4900/10800 loss 3.2491 tok/s 34603
step 5000/10800 loss 3.2085 tok/s 34604
step 5100/10800 loss 3.2114 tok/s 34605
[eval] step 5124 tokens 167.9M val_ppl 24.408 train_loss 3.208 
step 5200/10800 loss 3.2240 tok/s 34611
step 5300/10800 loss 3.2037 tok/s 34606
[eval] step 5368 tokens 175.9M val_ppl 23.951 train_loss 3.2046 
step 5400/10800 loss 3.1741 tok/s 34607
step 5500/10800 loss 3.1743 tok/s 34606
step 5600/10800 loss 3.1449 tok/s 34605
[eval] step 5612 tokens 183.9M val_ppl 23.578 train_loss 3.1693 
step 5700/10800 loss 3.1791 tok/s 34602
step 5800/10800 loss 3.1415 tok/s 34600
[eval] step 5856 tokens 191.9M val_ppl 23.168 train_loss 3.1626 
step 5900/10800 loss 3.1268 tok/s 34608
step 6000/10800 loss 3.1041 tok/s 34615
step 6100/10800 loss 3.1691 tok/s 34611
[eval] step 6100 tokens 199.9M val_ppl 22.796 train_loss 3.1398 
step 6200/10800 loss 3.1383 tok/s 34607
step 6300/10800 loss 3.0703 tok/s 34611
[eval] step 6344 tokens 207.9M val_ppl 22.291 train_loss 3.1248 
step 6400/10800 loss 3.0755 tok/s 34603
step 6500/10800 loss 3.0715 tok/s 34605
[eval] step 6588 tokens 215.9M val_ppl 21.976 train_loss 3.1204 
step 6600/10800 loss 3.1054 tok/s 34606
step 6700/10800 loss 3.1225 tok/s 34606
step 6800/10800 loss 3.0996 tok/s 34609
[eval] step 6832 tokens 223.9M val_ppl 21.551 train_loss 3.0939 
step 6900/10800 loss 3.0653 tok/s 34605
step 7000/10800 loss 3.0655 tok/s 34598
[eval] step 7076 tokens 231.9M val_ppl 21.322 train_loss 3.0833 
step 7100/10800 loss 3.0615 tok/s 34594
step 7200/10800 loss 3.0813 tok/s 34616
step 7300/10800 loss 2.8902 tok/s 34615
[eval] step 7320 tokens 239.9M val_ppl 21.201 train_loss 2.979 
step 7400/10800 loss 2.8847 tok/s 34616
step 7500/10800 loss 2.8900 tok/s 34617
[eval] step 7564 tokens 247.9M val_ppl 21.038 train_loss 2.8925 
step 7600/10800 loss 2.8623 tok/s 34619
step 7700/10800 loss 2.9038 tok/s 34617
step 7800/10800 loss 2.8750 tok/s 34619
[eval] step 7808 tokens 255.9M val_ppl 20.757 train_loss 2.8881 
step 7900/10800 loss 2.8590 tok/s 34625
step 8000/10800 loss 2.8894 tok/s 34621
[eval] step 8052 tokens 263.8M val_ppl 20.627 train_loss 2.8874 
step 8100/10800 loss 2.8750 tok/s 34628
step 8200/10800 loss 2.8707 tok/s 34630
[eval] step 8296 tokens 271.8M val_ppl 20.417 train_loss 2.8836 
step 8300/10800 loss 2.8964 tok/s 34614
step 8400/10800 loss 2.8417 tok/s 34623
step 8500/10800 loss 2.8416 tok/s 34631
[eval] step 8540 tokens 279.8M val_ppl 20.229 train_loss 2.8718 
step 8600/10800 loss 2.9125 tok/s 34616
step 8700/10800 loss 2.8351 tok/s 34624
[eval] step 8784 tokens 287.8M val_ppl 20.065 train_loss 2.8752 
step 8800/10800 loss 2.8854 tok/s 34614
step 8900/10800 loss 2.8445 tok/s 34621
step 9000/10800 loss 2.8581 tok/s 34625
[eval] step 9028 tokens 295.8M val_ppl 19.892 train_loss 2.8669 
step 9100/10800 loss 2.8401 tok/s 34627
step 9200/10800 loss 2.8277 tok/s 34637
[eval] step 9272 tokens 303.8M val_ppl 19.800 train_loss 2.8491 
step 9300/10800 loss 2.9078 tok/s 34630
step 9400/10800 loss 2.8510 tok/s 34639
step 9500/10800 loss 2.8393 tok/s 34632
[eval] step 9516 tokens 311.8M val_ppl 19.681 train_loss 2.8542 
step 9600/10800 loss 2.8478 tok/s 34632
step 9700/10800 loss 2.8526 tok/s 34632
[eval] step 9760 tokens 319.8M val_ppl 19.491 train_loss 2.8506 
step 9800/10800 loss 2.8586 tok/s 34632
step 9900/10800 loss 2.8649 tok/s 34627
step 10000/10800 loss 2.8883 tok/s 34622
[eval] step 10004 tokens 327.8M val_ppl 19.417 train_loss 2.8506 
step 10100/10800 loss 2.8210 tok/s 34625
step 10200/10800 loss 2.8531 tok/s 34619
[eval] step 10248 tokens 335.8M val_ppl 19.286 train_loss 2.8411 
step 10300/10800 loss 2.8161 tok/s 34616
step 10400/10800 loss 2.8221 tok/s 34636
[eval] step 10492 tokens 343.8M val_ppl 19.252 train_loss 2.8385 
step 10500/10800 loss 2.8273 tok/s 34638
step 10600/10800 loss 2.8037 tok/s 34645
step 10700/10800 loss 2.8506 tok/s 34644
[eval] step 10736 tokens 351.8M val_ppl 19.166 train_loss 2.8384 
step 10800/10800 loss 2.8723 tok/s 34638
[eval] step 10800 tokens 353.9M val_ppl 19.151 train_loss 2.8336 
{
 "val_loss": 2.9523760350656256,
 "val_ppl": 19.15140411873026,
 "val_word_ppl": 28.68020562923407,
 "test_loss": 2.9708835424979205,
 "test_ppl": 19.509149145759114,
 "test_word_ppl": 30.84195545248157,
 "train_tok_s_mean": 34607.52685747604,
 "train_tok_s_median": 34607.400019494125,
 "peak_train_vram_gib": 7.9125075340271,
 "weights_gib_fp32": 0.6010465621948242,
 "decode_b1_tok_s": 164.10083957106653,
 "decode_peak_vram_gib": 1.4626259803771973,
 "prefill_tok_s": 131351.9709469579,
 "prefill_peak_vram_gib": 3.1080422401428223
}
